Component: ARM Compiler 5.06 update 7 (build 960) Tool: armlink [4d3601]

==============================================================================

Section Cross References

    startup_stm32f10x_md.o(STACK) refers (Special) to heapauxi.o(.text) for __use_two_region_memory
    startup_stm32f10x_md.o(HEAP) refers (Special) to heapauxi.o(.text) for __use_two_region_memory
    startup_stm32f10x_md.o(RESET) refers (Special) to heapauxi.o(.text) for __use_two_region_memory
    startup_stm32f10x_md.o(RESET) refers to startup_stm32f10x_md.o(STACK) for __initial_sp
    startup_stm32f10x_md.o(RESET) refers to startup_stm32f10x_md.o(.text) for Reset_Handler
    startup_stm32f10x_md.o(RESET) refers to stm32f10x_it.o(i.NMI_Handler) for NMI_Handler
    startup_stm32f10x_md.o(RESET) refers to stm32f10x_it.o(i.HardFault_Handler) for HardFault_Handler
    startup_stm32f10x_md.o(RESET) refers to stm32f10x_it.o(i.MemManage_Handler) for MemManage_Handler
    startup_stm32f10x_md.o(RESET) refers to stm32f10x_it.o(i.BusFault_Handler) for BusFault_Handler
    startup_stm32f10x_md.o(RESET) refers to stm32f10x_it.o(i.UsageFault_Handler) for UsageFault_Handler
    startup_stm32f10x_md.o(RESET) refers to stm32f10x_it.o(i.SVC_Handler) for SVC_Handler
    startup_stm32f10x_md.o(RESET) refers to stm32f10x_it.o(i.DebugMon_Handler) for DebugMon_Handler
    startup_stm32f10x_md.o(RESET) refers to stm32f10x_it.o(i.PendSV_Handler) for PendSV_Handler
    startup_stm32f10x_md.o(RESET) refers to tick.o(i.TIM2_IRQHandler) for TIM2_IRQHandler
    startup_stm32f10x_md.o(RESET) refers to k230_uart.o(i.USART1_IRQHandler) for USART1_IRQHandler
    startup_stm32f10x_md.o(.text) refers (Special) to heapauxi.o(.text) for __use_two_region_memory
    startup_stm32f10x_md.o(.text) refers to system_stm32f10x.o(i.SystemInit) for SystemInit
    startup_stm32f10x_md.o(.text) refers to __main.o(!!!main) for __main
    startup_stm32f10x_md.o(.text) refers to startup_stm32f10x_md.o(HEAP) for Heap_Mem
    startup_stm32f10x_md.o(.text) refers to startup_stm32f10x_md.o(STACK) for Stack_Mem
    system_stm32f10x.o(i.SetSysClock) refers to system_stm32f10x.o(i.SetSysClockTo72) for SetSysClockTo72
    system_stm32f10x.o(i.SystemCoreClockUpdate) refers to system_stm32f10x.o(.data) for .data
    system_stm32f10x.o(i.SystemInit) refers to system_stm32f10x.o(i.SetSysClock) for SetSysClock
    stm32f10x_adc.o(i.ADC_DeInit) refers to stm32f10x_rcc.o(i.RCC_APB2PeriphResetCmd) for RCC_APB2PeriphResetCmd
    stm32f10x_bkp.o(i.BKP_DeInit) refers to stm32f10x_rcc.o(i.RCC_BackupResetCmd) for RCC_BackupResetCmd
    stm32f10x_can.o(i.CAN_DeInit) refers to stm32f10x_rcc.o(i.RCC_APB1PeriphResetCmd) for RCC_APB1PeriphResetCmd
    stm32f10x_can.o(i.CAN_GetITStatus) refers to stm32f10x_can.o(i.CheckITStatus) for CheckITStatus
    stm32f10x_cec.o(i.CEC_DeInit) refers to stm32f10x_rcc.o(i.RCC_APB1PeriphResetCmd) for RCC_APB1PeriphResetCmd
    stm32f10x_dac.o(i.DAC_DeInit) refers to stm32f10x_rcc.o(i.RCC_APB1PeriphResetCmd) for RCC_APB1PeriphResetCmd
    stm32f10x_flash.o(i.FLASH_EnableWriteProtection) refers to stm32f10x_flash.o(i.FLASH_WaitForLastOperation) for FLASH_WaitForLastOperation
    stm32f10x_flash.o(i.FLASH_EraseAllBank1Pages) refers to stm32f10x_flash.o(i.FLASH_WaitForLastBank1Operation) for FLASH_WaitForLastBank1Operation
    stm32f10x_flash.o(i.FLASH_EraseAllPages) refers to stm32f10x_flash.o(i.FLASH_WaitForLastOperation) for FLASH_WaitForLastOperation
    stm32f10x_flash.o(i.FLASH_EraseOptionBytes) refers to stm32f10x_flash.o(i.FLASH_GetReadOutProtectionStatus) for FLASH_GetReadOutProtectionStatus
    stm32f10x_flash.o(i.FLASH_EraseOptionBytes) refers to stm32f10x_flash.o(i.FLASH_WaitForLastOperation) for FLASH_WaitForLastOperation
    stm32f10x_flash.o(i.FLASH_ErasePage) refers to stm32f10x_flash.o(i.FLASH_WaitForLastOperation) for FLASH_WaitForLastOperation
    stm32f10x_flash.o(i.FLASH_ProgramHalfWord) refers to stm32f10x_flash.o(i.FLASH_WaitForLastOperation) for FLASH_WaitForLastOperation
    stm32f10x_flash.o(i.FLASH_ProgramOptionByteData) refers to stm32f10x_flash.o(i.FLASH_WaitForLastOperation) for FLASH_WaitForLastOperation
    stm32f10x_flash.o(i.FLASH_ProgramWord) refers to stm32f10x_flash.o(i.FLASH_WaitForLastOperation) for FLASH_WaitForLastOperation
    stm32f10x_flash.o(i.FLASH_ReadOutProtection) refers to stm32f10x_flash.o(i.FLASH_WaitForLastOperation) for FLASH_WaitForLastOperation
    stm32f10x_flash.o(i.FLASH_UserOptionByteConfig) refers to stm32f10x_flash.o(i.FLASH_WaitForLastOperation) for FLASH_WaitForLastOperation
    stm32f10x_flash.o(i.FLASH_WaitForLastBank1Operation) refers to stm32f10x_flash.o(i.FLASH_GetBank1Status) for FLASH_GetBank1Status
    stm32f10x_flash.o(i.FLASH_WaitForLastOperation) refers to stm32f10x_flash.o(i.FLASH_GetBank1Status) for FLASH_GetBank1Status
    stm32f10x_gpio.o(i.GPIO_AFIODeInit) refers to stm32f10x_rcc.o(i.RCC_APB2PeriphResetCmd) for RCC_APB2PeriphResetCmd
[...]
    i.USART_Cmd                              0x080044c0   Section        0  stm32f10x_usart.o(i.USART_Cmd)
    i.USART_GetFlagStatus                    0x080044d8   Section        0  stm32f10x_usart.o(i.USART_GetFlagStatus)
    i.USART_GetITStatus                      0x080044e6   Section        0  stm32f10x_usart.o(i.USART_GetITStatus)
    i.USART_ITConfig                         0x08004526   Section        0  stm32f10x_usart.o(i.USART_ITConfig)
    i.USART_Init                             0x0800455c   Section        0  stm32f10x_usart.o(i.USART_Init)
    i.USART_ReceiveData                      0x08004618   Section        0  stm32f10x_usart.o(i.USART_ReceiveData)
    i.USART_SendData                         0x08004620   Section        0  stm32f10x_usart.o(i.USART_SendData)
    i.UsageFault_Handler                     0x08004628   Section        0  stm32f10x_it.o(i.UsageFault_Handler)
    i.__ARM_fpclassify                       0x0800462a   Section        0  fpclassify.o(i.__ARM_fpclassify)
    i._is_digit                              0x08004652   Section        0  __printf_wp.o(i._is_digit)
    i.main                                   0x08004660   Section        0  menumain.o(i.main)
    locale$$code                             0x08004af0   Section       44  lc_numeric_c.o(locale$$code)
    locale$$code                             0x08004b1c   Section       44  lc_ctype_c.o(locale$$code)
    x$fpl$dretinf                            0x08004b48   Section       12  dretinf.o(x$fpl$dretinf)
    x$fpl$f2d                                0x08004b54   Section       86  f2d.o(x$fpl$f2d)
    x$fpl$fadd                               0x08004bac   Section      196  faddsub_clz.o(x$fpl$fadd)
    _fadd1                                   0x08004bbb   Thumb Code     0  faddsub_clz.o(x$fpl$fadd)
    x$fpl$fcmpinf                            0x08004c70   Section       24  fcmpi.o(x$fpl$fcmpinf)
    x$fpl$fdiv                               0x08004c88   Section      388  fdiv.o(x$fpl$fdiv)
    _fdiv1                                   0x08004c89   Thumb Code     0  fdiv.o(x$fpl$fdiv)
    x$fpl$ffixu                              0x08004e0c   Section       62  ffixu.o(x$fpl$ffixu)
    x$fpl$fflt                               0x08004e4c   Section       48  fflt_clz.o(x$fpl$fflt)
    x$fpl$fleqf                              0x08004e7c   Section      104  fleqf.o(x$fpl$fleqf)
    x$fpl$fmul                               0x08004ee4   Section      258  fmul.o(x$fpl$fmul)
    x$fpl$fnaninf                            0x08004fe6   Section      140  fnaninf.o(x$fpl$fnaninf)
    x$fpl$fretinf                            0x08005072   Section       10  fretinf.o(x$fpl$fretinf)
    x$fpl$frleqf                             0x0800507c   Section       98  frleqf.o(x$fpl$frleqf)
    x$fpl$fsub                               0x080050e0   Section      234  faddsub_clz.o(x$fpl$fsub)
    _fsub1                                   0x080050ef   Thumb Code     0  faddsub_clz.o(x$fpl$fsub)
    x$fpl$printf1                            0x080051ca   Section        4  printf1.o(x$fpl$printf1)
    .constdata                               0x080051ce   Section      760  tft_spi.o(.constdata)
    x$fpl$usenofp                            0x080051ce   Section        0  usenofp.o(x$fpl$usenofp)
    .constdata                               0x080054c8   Section      148  bigflt0.o(.constdata)
    tenpwrs_x                                0x080054c8   Data          60  bigflt0.o(.constdata)
    tenpwrs_i                                0x08005504   Data          64  bigflt0.o(.constdata)
    .conststring                             0x0800555c   Section      200  menumain.o(.conststring)
    locale$$data                             0x08005644   Section       28  lc_numeric_c.o(locale$$data)
    __lcnum_c_name                           0x08005648   Data           2  lc_numeric_c.o(locale$$data)
    __lcnum_c_start                          0x08005650   Data           0  lc_numeric_c.o(locale$$data)
    __lcnum_c_point                          0x0800565c   Data           0  lc_numeric_c.o(locale$$data)
    __lcnum_c_thousands                      0x0800565e   Data           0  lc_numeric_c.o(locale$$data)
    __lcnum_c_grouping                       0x0800565f   Data           0  lc_numeric_c.o(locale$$data)
    locale$$data                             0x08005660   Section      272  lc_ctype_c.o(locale$$data)
    __lcnum_c_end                            0x08005660   Data           0  lc_numeric_c.o(locale$$data)
    __lcctype_c_name                         0x08005664   Data           2  lc_ctype_c.o(locale$$data)
    __lcctype_c_start                        0x0800566c   Data           0  lc_ctype_c.o(locale$$data)
    __lcctype_c_end                          0x08005770   Data           0  lc_ctype_c.o(locale$$data)
    .data                                    0x20000000   Section       20  system_stm32f10x.o(.data)
    .data                                    0x20000014   Section       20  stm32f10x_rcc.o(.data)
    ADCPrescTable                            0x20000014   Data           4  stm32f10x_rcc.o(.data)
    APBAHBPrescTable                         0x20000018   Data          16  stm32f10x_rcc.o(.data)
    .data                                    0x20000028   Section        4  delay.o(.data)
    fac_us                                   0x20000028   Data           1  delay.o(.data)
    fac_ms                                   0x2000002a   Data           2  delay.o(.data)
    .data                                    0x2000002c   Section        4  tick.o(.data)
    g_ms                                     0x2000002c   Data           4  tick.o(.data)
    .data                                    0x20000030   Section        3  key.o(.data)
    key_up_last                              0x20000030   Data           1  key.o(.data)
    key_down_last                            0x20000031   Data           1  key.o(.data)
    key_ok_last                              0x20000032   Data           1  key.o(.data)
    .data                                    0x20000034   Section        8  question1.o(.data)
    g_q1_state                               0x20000034   Data           1  question1.o(.data)
    g_has_data                               0x20000035   Data           1  question1.o(.data)
    g_q1_hw_inited                           0x20000036   Data           1  question1.o(.data)
    g_last_dx                                0x20000038   Data           2  question1.o(.data)
    g_last_dy                                0x2000003a   Data           2  question1.o(.data)
    .data                                    0x2000003c   Section       16  k230_uart.o(.data)
    RxIndex                                  0x2000003c   Data           1  k230_uart.o(.data)
    RxStart                                  0x2000003d   Data           1  k230_uart.o(.data)
    g_diff_cb                                0x20000040   Data           4  k230_uart.o(.data)
    g_q2view_cb                              0x20000044   Data           4  k230_uart.o(.data)
    g_done_cb                                0x20000048   Data           4  k230_uart.o(.data)
    .data                                    0x2000004c   Section       28  question2.o(.data)
    g_q2_state                               0x2000004c   Data           1  question2.o(.data)
    g_q2_hw_inited                           0x2000004d   Data           1  question2.o(.data)
    g_has_view                               0x2000004e   Data           1  question2.o(.data)
    g_has_diff                               0x2000004f   Data           1  question2.o(.data)
    g_q2_menu_sel                            0x20000050   Data           1  question2.o(.data)
    g_auto_done_pending                      0x20000051   Data           1  question2.o(.data)
    g_ui_dirty                               0x20000052   Data           1  question2.o(.data)
    g_rect_drawn                             0x20000053   Data           1  question2.o(.data)
    g_last_dx                                0x20000054   Data           2  question2.o(.data)
    g_last_dy                                0x20000056   Data           2  question2.o(.data)
    g_disp_sec10                             0x20000058   Data           2  question2.o(.data)
    g_disp_dx                                0x2000005a   Data           2  question2.o(.data)
    g_disp_dy                                0x2000005c   Data           2  question2.o(.data)
    g_run_start_ms                           0x20000060   Data           4  question2.o(.data)
    g_run_final_ms                           0x20000064   Data           4  question2.o(.data)
    .data                                    0x20000068   Section      144  menumain.o(.data)
    runPageJustEntered                       0x20000068   Data           1  menumain.o(.data)
    currentMenu                              0x20000069   Data           1  menumain.o(.data)
    mainIndex                                0x2000006a   Data           1  menumain.o(.data)
    listIndex                                0x2000006b   Data           1  menumain.o(.data)
    detailSel                                0x2000006c   Data           1  menumain.o(.data)
    currentType                              0x2000006d   Data           1  menumain.o(.data)
    currentQuestion                          0x2000006e   Data           1  menumain.o(.data)
    q2RunSel                                 0x2000006f   Data           1  menumain.o(.data)
    mainMenu                                 0x20000070   Data           8  menumain.o(.data)
    questions                                0x20000078   Data         128  menumain.o(.data)
    .data                                    0x200000f8   Section       24  gimbalpid.o(.data)
    g_x_angle                                0x200000f8   Data           4  gimbalpid.o(.data)
    g_y_angle                                0x200000fc   Data           4  gimbalpid.o(.data)
    g_x_err_dbg                              0x20000100   Data           4  gimbalpid.o(.data)
    g_y_err_dbg                              0x20000104   Data           4  gimbalpid.o(.data)
    g_x_out_dbg                              0x20000108   Data           4  gimbalpid.o(.data)
    g_y_out_dbg                              0x2000010c   Data           4  gimbalpid.o(.data)
    .data                                    0x20000110   Section        4  strtok.o(.data)
    _strtok_saves1                           0x20000110   Data           4  strtok.o(.data)
    .bss                                     0x20000114   Section      128  k230_uart.o(.bss)
    RxBuf                                    0x20000114   Data         128  k230_uart.o(.bss)
    .bss                                     0x20000194   Section       20  question2.o(.bss)
    g_view                                   0x20000194   Data          20  question2.o(.bss)
    .bss                                     0x200001a8   Section       72  gimbalpid.o(.bss)
    pid_x                                    0x200001a8   Data          36  gimbalpid.o(.bss)
    pid_y                                    0x200001cc   Data          36  gimbalpid.o(.bss)
    .bss                                     0x200001f0   Section       96  libspace.o(.bss)
    HEAP                                     0x20000250   Section      512  startup_stm32f10x_md.o(HEAP)
    Heap_Mem                                 0x20000250   Data         512  startup_stm32f10x_md.o(HEAP)
    STACK                                    0x20000450   Section     1024  startup_stm32f10x_md.o(STACK)
    Stack_Mem                                0x20000450   Data        1024  startup_stm32f10x_md.o(STACK)
    __initial_sp                             0x20000850   Data           0  startup_stm32f10x_md.o(STACK)

    Global Symbols

    Symbol Name                              Value     Ov Type        Size  Object(Section)

    BuildAttributes$$THM_ISAv4$P$D$K$B$S$PE$A:L22UL41UL21$X:L11$S22US41US21$IEEE1$IW$USESV6$~STKCKD$USESV7$~SHL$OTIME$ROPI$IEEEJ$EBA8$UX$STANDARDLIB$REQ8$PRES8$EABIv2 0x00000000   Number         0  anon$$obj.o ABSOLUTE
    __ARM_use_no_argv                        0x00000000   Number         0  menumain.o ABSOLUTE
    _printf_flags                            0x00000000   Number         0  printf_stubs.o ABSOLUTE
    _printf_return_value                     0x00000000   Number         0  printf_stubs.o ABSOLUTE
    _printf_sizespec                         0x00000000   Number         0  printf_stubs.o ABSOLUTE
    _printf_widthprec                        0x00000000   Number         0  printf_stubs.o ABSOLUTE
    __ARM_exceptions_init                     - Undefined Weak Reference
    __alloca_initialize                       - Undefined Weak Reference
    __arm_fini_                               - Undefined Weak Reference
    __arm_preinit_                            - Undefined Weak Reference
    __cpp_initialize__aeabi_                  - Undefined Weak Reference
    __cxa_finalize                            - Undefined Weak Reference
    __sigvec_lookup                           - Undefined Weak Reference
    _atexit_init                              - Undefined Weak Reference
    _call_atexit_fns                          - Undefined Weak Reference
    _clock_init                               - Undefined Weak Reference
    _fp_trap_init                             - Undefined Weak Reference
    _fp_trap_shutdown                         - Undefined Weak Reference
    _get_lc_collate                           - Undefined Weak Reference
    _get_lc_monetary                          - Undefined Weak Reference
    _get_lc_time                              - Undefined Weak Reference
    _getenv_init                              - Undefined Weak Reference
    _handle_redirection                       - Undefined Weak Reference
    _init_alloc                               - Undefined Weak Reference
    _init_user_alloc                          - Undefined Weak Reference
    _initio                                   - Undefined Weak Reference
    _printf_mbtowc                            - Undefined Weak Reference
    _printf_truncate_signed                   - Undefined Weak Reference
    _printf_truncate_unsigned                 - Undefined Weak Reference
    _rand_init                                - Undefined Weak Reference
    _signal_finish                            - Undefined Weak Reference
    _signal_init                              - Undefined Weak Reference
    _terminate_alloc                          - Undefined Weak Reference
    _terminate_user_alloc                     - Undefined Weak Reference
    _terminateio                              - Undefined Weak Reference
    __Vectors_Size                           0x000000ec   Number         0  startup_stm32f10x_md.o ABSOLUTE
    __Vectors                                0x08000000   Data           4  startup_stm32f10x_md.o(RESET)
    __Vectors_End                            0x080000ec   Data           0  startup_stm32f10x_md.o(RESET)
    __main                                   0x080000ed   Thumb Code     8  __main.o(!!!main)
    __scatterload                            0x080000f5   Thumb Code     0  __scatter.o(!!!scatter)
    __scatterload_rt2                        0x080000f5   Thumb Code    44  __scatter.o(!!!scatter)
    __scatterload_rt2_thumb_only             0x080000f5   Thumb Code     0  __scatter.o(!!!scatter)
    __scatterload_null                       0x08000103   Thumb Code     0  __scatter.o(!!!scatter)
    __scatterload_copy                       0x08000129   Thumb Code    26  __scatter_copy.o(!!handler_copy)
    __scatterload_zeroinit                   0x08000145   Thumb Code    28  __scatter_zi.o(!!handler_zi)
    _printf_f                                0x08000161   Thumb Code     0  _printf_f.o(.ARM.Collect$$_printf_percent$$00000003)
    _printf_percent                          0x08000161   Thumb Code     0  _printf_percent.o(.ARM.Collect$$_printf_percent$$00000000)
    _printf_d                                0x08000167   Thumb Code     0  _printf_d.o(.ARM.Collect$$_printf_percent$$00000009)
    _printf_u                                0x0800016d   Thumb Code     0  _printf_u.o(.ARM.Collect$$_printf_percent$$0000000A)
    _printf_s                                0x08000173   Thumb Code     0  _printf_s.o(.ARM.Collect$$_printf_percent$$00000014)
    _printf_percent_end                      0x08000179   Thumb Code     0  _printf_percent_end.o(.ARM.Collect$$_printf_percent$$00000017)
    __rt_lib_init                            0x0800017d   Thumb Code     0  libinit.o(.ARM.Collect$$libinit$$00000000)
    __rt_lib_init_fp_1                       0x0800017f   Thumb Code     0  libinit2.o(.ARM.Collect$$libinit$$00000002)
    __rt_lib_init_heap_1                     0x0800017f   Thumb Code     0  libinit2.o(.ARM.Collect$$libinit$$0000000A)
    __rt_lib_init_lc_common                  0x0800017f   Thumb Code     0  libinit2.o(.ARM.Collect$$libinit$$0000000F)
    __rt_lib_init_preinit_1                  0x0800017f   Thumb Code     0  libinit2.o(.ARM.Collect$$libinit$$00000004)
    __rt_lib_init_rand_1                     0x0800017f   Thumb Code     0  libinit2.o(.ARM.Collect$$libinit$$0000000E)
    __rt_lib_init_user_alloc_1               0x0800017f   Thumb Code     0  libinit2.o(.ARM.Collect$$libinit$$0000000C)
    __rt_lib_init_lc_collate_1               0x08000185   Thumb Code     0  libinit2.o(.ARM.Collect$$libinit$$00000011)
    __rt_lib_init_lc_ctype_2                 0x08000185   Thumb Code     0  libinit2.o(.ARM.Collect$$libinit$$00000012)
    __rt_lib_init_lc_ctype_1                 0x08000191   Thumb Code     0  libinit2.o(.ARM.Collect$$libinit$$00000013)
    __rt_lib_init_lc_monetary_1              0x08000191   Thumb Code     0  libinit2.o(.ARM.Collect$$libinit$$00000015)
    __rt_lib_init_lc_numeric_2               0x08000191   Thumb Code     0  libinit2.o(.ARM.Collect$$libinit$$00000016)
    __rt_lib_init_alloca_1                   0x0800019b   Thumb Code     0  libinit2.o(.ARM.Collect$$libinit$$0000002E)
    __rt_lib_init_argv_1                     0x0800019b   Thumb Code     0  libinit2.o(.ARM.Collect$$libinit$$0000002C)
    __rt_lib_init_atexit_1                   0x0800019b   Thumb Code     0  libinit2.o(.ARM.Collect$$libinit$$0000001B)
    __rt_lib_init_clock_1                    0x0800019b   Thumb Code     0  libinit2.o(.ARM.Collect$$libinit$$00000021)
    __rt_lib_init_cpp_1                      0x0800019b   Thumb Code     0  libinit2.o(.ARM.Collect$$libinit$$00000032)
    __rt_lib_init_exceptions_1               0x0800019b   Thumb Code     0  libinit2.o(.ARM.Collect$$libinit$$00000030)
    __rt_lib_init_fp_trap_1                  0x0800019b   Thumb Code     0  libinit2.o(.ARM.Collect$$libinit$$0000001F)
    __rt_lib_init_getenv_1                   0x0800019b   Thumb Code     0  libinit2.o(.ARM.Collect$$libinit$$00000023)
    __rt_lib_init_lc_numeric_1               0x0800019b   Thumb Code     0  libinit2.o(.ARM.Collect$$libinit$$00000017)
    __rt_lib_init_lc_time_1                  0x0800019b   Thumb Code     0  libinit2.o(.ARM.Collect$$libinit$$00000019)
    __rt_lib_init_return                     0x0800019b   Thumb Code     0  libinit2.o(.ARM.Collect$$libinit$$00000033)
    __rt_lib_init_signal_1                   0x0800019b   Thumb Code     0  libinit2.o(.ARM.Collect$$libinit$$0000001D)
    __rt_lib_init_stdio_1                    0x0800019b   Thumb Code     0  libinit2.o(.ARM.Collect$$libinit$$00000025)
    __rt_lib_shutdown                        0x0800019d   Thumb Code     0  libshutdown.o(.ARM.Collect$$libshutdown$$00000000)
    __rt_lib_shutdown_cpp_1                  0x0800019f   Thumb Code     0  libshutdown2.o(.ARM.Collect$$libshutdown$$00000004)
    __rt_lib_shutdown_fini_1                 0x0800019f   Thumb Code     0  libshutdown2.o(.ARM.Collect$$libshutdown$$00000002)
    __rt_lib_shutdown_fp_trap_1              0x0800019f   Thumb Code     0  libshutdown2.o(.ARM.Collect$$libshutdown$$00000009)
    __rt_lib_shutdown_heap_1                 0x0800019f   Thumb Code     0  libshutdown2.o(.ARM.Collect$$libshutdown$$00000011)
    __rt_lib_shutdown_return                 0x0800019f   Thumb Code     0  libshutdown2.o(.ARM.Collect$$libshutdown$$00000012)
    __rt_lib_shutdown_signal_1               0x0800019f   Thumb Code     0  libshutdown2.o(.ARM.Collect$$libshutdown$$0000000C)
    __rt_lib_shutdown_stdio_1                0x0800019f   Thumb Code     0  libshutdown2.o(.ARM.Collect$$libshutdown$$00000006)
    __rt_lib_shutdown_user_alloc_1           0x0800019f   Thumb Code     0  libshutdown2.o(.ARM.Collect$$libshutdown$$0000000E)
    __rt_entry                               0x080001a1   Thumb Code     0  __rtentry.o(.ARM.Collect$$rtentry$$00000000)
    __rt_entry_presh_1                       0x080001a1   Thumb Code     0  __rtentry2.o(.ARM.Collect$$rtentry$$00000002)
    __rt_entry_sh                            0x080001a1   Thumb Code     0  __rtentry4.o(.ARM.Collect$$rtentry$$00000004)
    __rt_entry_li                            0x080001a7   Thumb Code     0  __rtentry2.o(.ARM.Collect$$rtentry$$0000000A)
    __rt_entry_postsh_1                      0x080001a7   Thumb Code     0  __rtentry2.o(.ARM.Collect$$rtentry$$00000009)
    __rt_entry_main                          0x080001ab   Thumb Code     0  __rtentry2.o(.ARM.Collect$$rtentry$$0000000D)
    __rt_entry_postli_1                      0x080001ab   Thumb Code     0  __rtentry2.o(.ARM.Collect$$rtentry$$0000000C)
    __rt_exit                                0x080001b3   Thumb Code     0  rtexit.o(.ARM.Collect$$rtexit$$00000000)
    __rt_exit_ls                             0x080001b5   Thumb Code     0  rtexit2.o(.ARM.Collect$$rtexit$$00000003)
    __rt_exit_prels_1                        0x080001b5   Thumb Code     0  rtexit2.o(.ARM.Collect$$rtexit$$00000002)
    __rt_exit_exit                           0x080001b9   Thumb Code     0  rtexit2.o(.ARM.Collect$$rtexit$$00000004)
    Reset_Handler                            0x080001c1   Thumb Code     8  startup_stm32f10x_md.o(.text)
    SysTick_Handler                          0x080001d9   Thumb Code     2  startup_stm32f10x_md.o(.text)
    ADC1_2_IRQHandler                        0x080001db   Thumb Code     0  startup_stm32f10x_md.o(.text)
    CAN1_RX1_IRQHandler                      0x080001db   Thumb Code     0  startup_stm32f10x_md.o(.text)
    CAN1_SCE_IRQHandler                      0x080001db   Thumb Code     0  startup_stm32f10x_md.o(.text)
    DMA1_Channel1_IRQHandler                 0x080001db   Thumb Code     0  startup_stm32f10x_md.o(.text)
    DMA1_Channel2_IRQHandler                 0x080001db   Thumb Code     0  startup_stm32f10x_md.o(.text)
    DMA1_Channel3_IRQHandler                 0x080001db   Thumb Code     0  startup_stm32f10x_md.o(.text)
    DMA1_Channel4_IRQHandler                 0x080001db   Thumb Code     0  startup_stm32f10x_md.o(.text)
    DMA1_Channel5_IRQHandler                 0x080001db   Thumb Code     0  startup_stm32f10x_md.o(.text)
    DMA1_Channel6_IRQHandler                 0x080001db   Thumb Code     0  startup_stm32f10x_md.o(.text)
    DMA1_Channel7_IRQHandler                 0x080001db   Thumb Code     0  startup_stm32f10x_md.o(.text)
    EXTI0_IRQHandler                         0x080001db   Thumb Code     0  startup_stm32f10x_md.o(.text)
    EXTI15_10_IRQHandler                     0x080001db   Thumb Code     0  startup_stm32f10x_md.o(.text)
    EXTI1_IRQHandler                         0x080001db   Thumb Code     0  startup_stm32f10x_md.o(.text)
    EXTI2_IRQHandler                         0x080001db   Thumb Code     0  startup_stm32f10x_md.o(.text)
    EXTI3_IRQHandler                         0x080001db   Thumb Code     0  startup_stm32f10x_md.o(.text)
    EXTI4_IRQHandler                         0x080001db   Thumb Code     0  startup_stm32f10x_md.o(.text)
    EXTI9_5_IRQHandler                       0x080001db   Thumb Code     0  startup_stm32f10x_md.o(.text)
    FLASH_IRQHandler                         0x080001db   Thumb Code     0  startup_stm32f10x_md.o(.text)
    I2C1_ER_IRQHandler                       0x080001db   Thumb Code     0  startup_stm32f10x_md.o(.text)
    I2C1_EV_IRQHandler                       0x080001db   Thumb Code     0  startup_stm32f10x_md.o(.text)
    I2C2_ER_IRQHandler                       0x080001db   Thumb Code     0  startup_stm32f10x_md.o(.text)
    I2C2_EV_IRQHandler                       0x080001db   Thumb Code     0  startup_stm32f10x_md.o(.text)
    PVD_IRQHandler                           0x080001db   Thumb Code     0  startup_stm32f10x_md.o(.text)
    RCC_IRQHandler                           0x080001db   Thumb Code     0  startup_stm32f10x_md.o(.text)
    RTCAlarm_IRQHandler                      0x080001db   Thumb Code     0  startup_stm32f10x_md.o(.text)
    RTC_IRQHandler                           0x080001db   Thumb Code     0  startup_stm32f10x_md.o(.text)
    SPI1_IRQHandler                          0x080001db   Thumb Code     0  startup_stm32f10x_md.o(.text)
    SPI2_IRQHandler                          0x080001db   Thumb Code     0  startup_stm32f10x_md.o(.text)
    TAMPER_IRQHandler                        0x080001db   Thumb Code     0  startup_stm32f10x_md.o(.text)
    TIM1_BRK_IRQHandler                      0x080001db   Thumb Code     0  startup_stm32f10x_md.o(.text)
    TIM1_CC_IRQHandler                       0x080001db   Thumb Code     0  startup_stm32f10x_md.o(.text)
    TIM1_TRG_COM_IRQHandler                  0x080001db   Thumb Code     0  startup_stm32f10x_md.o(.text)
    TIM1_UP_IRQHandler                       0x080001db   Thumb Code     0  startup_stm32f10x_md.o(.text)
    TIM3_IRQHandler                          0x080001db   Thumb Code     0  startup_stm32f10x_md.o(.text)
    TIM4_IRQHandler                          0x080001db   Thumb Code     0  startup_stm32f10x_md.o(.text)
    USART2_IRQHandler                        0x080001db   Thumb Code     0  startup_stm32f10x_md.o(.text)
    USART3_IRQHandler                        0x080001db   Thumb Code     0  startup_stm32f10x_md.o(.text)
    USBWakeUp_IRQHandler                     0x080001db   Thumb Code     0  startup_stm32f10x_md.o(.text)
    USB_HP_CAN1_TX_IRQHandler                0x080001db   Thumb Code     0  startup_stm32f10x_md.o(.text)
    USB_LP_CAN1_RX0_IRQHandler               0x080001db   Thumb Code     0  startup_stm32f10x_md.o(.text)
    WWDG_IRQHandler                          0x080001db   Thumb Code     0  startup_stm32f10x_md.o(.text)
    __user_initial_stackheap                 0x080001dd   Thumb Code     0  startup_stm32f10x_md.o(.text)
    __2sprintf                               0x08000201   Thumb Code    34  noretval__2sprintf.o(.text)
    _printf_pre_padding                      0x08000229   Thumb Code    44  _printf_pad.o(.text)
    _printf_post_padding                     0x08000255   Thumb Code    34  _printf_pad.o(.text)
    _printf_str                              0x08000277   Thumb Code    82  _printf_str.o(.text)
    _printf_int_dec                          0x080002c9   Thumb Code   104  _printf_dec.o(.text)
    __printf                                 0x08000341   Thumb Code   270  __printf_wp.o(.text)
    atoi                                     0x0800044f   Thumb Code    26  atoi.o(.text)
    strtok                                   0x08000469   Thumb Code     6  strtok.o(.text)
    strncmp                                  0x08000475   Thumb Code   150  strncmp.o(.text)
    __aeabi_memclr                           0x0800050b   Thumb Code     0  rt_memclr.o(.text)
    __rt_memclr                              0x0800050b   Thumb Code    68  rt_memclr.o(.text)
    _memset                                  0x0800050f   Thumb Code     0  rt_memclr.o(.text)
    strncpy                                  0x0800054f   Thumb Code    86  strncpy.o(.text)
    __use_two_region_memory                  0x080005a5   Thumb Code     2  heapauxi.o(.text)
    __rt_heap_escrow$2region                 0x080005a7   Thumb Code     2  heapauxi.o(.text)
    __rt_heap_expand$2region                 0x080005a9   Thumb Code     2  heapauxi.o(.text)
    __aeabi_errno_addr                       0x080005ad   Thumb Code     8  rt_errno_addr_intlibspace.o(.text)
    __errno$intlibspace                      0x080005ad   Thumb Code     0  rt_errno_addr_intlibspace.o(.text)
    __rt_errno_addr$intlibspace              0x080005ad   Thumb Code     0  rt_errno_addr_intlibspace.o(.text)
    _printf_int_common                       0x080005b5   Thumb Code   178  _printf_intcommon.o(.text)
    __lib_sel_fp_printf                      0x08000667   Thumb Code     2  _printf_fp_dec.o(.text)
    _printf_fp_dec_real                      0x08000819   Thumb Code   620  _printf_fp_dec.o(.text)
    _printf_char_common                      0x08000a8f   Thumb Code    32  _printf_char_common.o(.text)
    _sputc                                   0x08000ab5   Thumb Code    10  _sputc.o(.text)
    _printf_cs_common                        0x08000abf   Thumb Code    20  _printf_char.o(.text)
    _printf_char                             0x08000ad3   Thumb Code    16  _printf_char.o(.text)
    _printf_string                           0x08000ae3   Thumb Code     8  _printf_char.o(.text)
    strtol                                   0x08000aeb   Thumb Code   112  strtol.o(.text)
    __strtok_internal                        0x08000b5d   Thumb Code    64  strtok_int.o(.text)
    __aeabi_memclr4                          0x08000ba1   Thumb Code     0  rt_memclr_w.o(.text)
    __aeabi_memclr8                          0x08000ba1   Thumb Code     0  rt_memclr_w.o(.text)
    __rt_memclr_w                            0x08000ba1   Thumb Code    78  rt_memclr_w.o(.text)
    _memset_w                                0x08000ba5   Thumb Code     0  rt_memclr_w.o(.text)
    __user_libspace                          0x08000bf1   Thumb Code     8  libspace.o(.text)
    __user_perproc_libspace                  0x08000bf1   Thumb Code     0  libspace.o(.text)
    __user_perthread_libspace                0x08000bf1   Thumb Code     0  libspace.o(.text)
    __rt_ctype_table                         0x08000bf9   Thumb Code    16  rt_ctype_table.o(.text)
    __rt_locale                              0x08000c09   Thumb Code     8  rt_locale_intlibspace.o(.text)
    _ll_udiv10                               0x08000c11   Thumb Code   138  lludiv10.o(.text)
    _printf_fp_infnan                        0x08000c9d   Thumb Code   112  _printf_fp_infnan.o(.text)
    _strtoul                                 0x08000d1d   Thumb Code   158  _strtoul.o(.text)
    _btod_etento                             0x08000dbd   Thumb Code   224  bigflt0.o(.text)
    strcspn                                  0x08000ea1   Thumb Code    32  strcspn.o(.text)
    strspn                                   0x08000ec1   Thumb Code    28  strspn.o(.text)
    __user_setup_stackheap                   0x08000edd   Thumb Code    74  sys_stackheap_outer.o(.text)
    _chval                                   0x08000f27   Thumb Code    28  _chval.o(.text)
    exit                                     0x08000f43   Thumb Code    18  exit.o(.text)
    strcmp                                   0x08000f55   Thumb Code   128  strcmpv7m.o(.text)
    _sys_exit                                0x08000fd5   Thumb Code     8  sys_exit.o(.text)
    __I$use$semihosting                      0x08000fe1   Thumb Code     0  use_no_semi.o(.text)
    __use_no_semihosting_swi                 0x08000fe1   Thumb Code     2  use_no_semi.o(.text)
    __semihosting_library_function           0x08000fe3   Thumb Code     0  indicate_semi.o(.text)
    _btod_d2e                                0x08000fe3   Thumb Code    62  btod.o(CL$$btod_d2e)
    _d2e_denorm_low                          0x08001021   Thumb Code    70  btod.o(CL$$btod_d2e_denorm_low)
    _d2e_norm_op1                            0x08001067   Thumb Code    96  btod.o(CL$$btod_d2e_norm_op1)
    __btod_div_common                        0x080010c7   Thumb Code   696  btod.o(CL$$btod_div_common)
    _e2e                                     0x080013ff   Thumb Code   220  btod.o(CL$$btod_e2e)
    _btod_ediv                               0x080014db   Thumb Code    42  btod.o(CL$$btod_ediv)
    _btod_emul                               0x08001505   Thumb Code    42  btod.o(CL$$btod_emul)
    __btod_mult_common                       0x0800152f   Thumb Code   580  btod.o(CL$$btod_mult_common)
    BusFault_Handler                         0x08001773   Thumb Code     2  stm32f10x_it.o(i.BusFault_Handler)
    DebugMon_Handler                         0x08001775   Thumb Code     2  stm32f10x_it.o(i.DebugMon_Handler)
    Delay_Init                               0x08001779   Thumb Code    46  delay.o(i.Delay_Init)
    Delay_ms                                 0x080017b5   Thumb Code    46  delay.o(i.Delay_ms)
    GPIO_Init                                0x08001809   Thumb Code   166  stm32f10x_gpio.o(i.GPIO_Init)
    GPIO_ReadInputDataBit                    0x080018af   Thumb Code    14  stm32f10x_gpio.o(i.GPIO_ReadInputDataBit)
    GPIO_ResetBits                           0x080018bd   Thumb Code     4  stm32f10x_gpio.o(i.GPIO_ResetBits)
    GPIO_SetBits                             0x080018c1   Thumb Code     4  stm32f10x_gpio.o(i.GPIO_SetBits)
    GimbalPID_GetXAngle                      0x08001959   Thumb Code     6  gimbalpid.o(i.GimbalPID_GetXAngle)
    GimbalPID_GetXOut                        0x08001965   Thumb Code     6  gimbalpid.o(i.GimbalPID_GetXOut)
    GimbalPID_GetYAngle                      0x08001971   Thumb Code     6  gimbalpid.o(i.GimbalPID_GetYAngle)
    GimbalPID_GetYOut                        0x0800197d   Thumb Code     6  gimbalpid.o(i.GimbalPID_GetYOut)
    GimbalPID_Init                           0x08001989   Thumb Code    88  gimbalpid.o(i.GimbalPID_Init)
    GimbalPID_Reset                          0x08001a09   Thumb Code    56  gimbalpid.o(i.GimbalPID_Reset)
    GimbalPID_SetParams                      0x08001a51   Thumb Code    36  gimbalpid.o(i.GimbalPID_SetParams)
    GimbalPID_Update                         0x08001a79   Thumb Code   180  gimbalpid.o(i.GimbalPID_Update)
    GreenLaser_Off                           0x08001b49   Thumb Code    10  laser.o(i.GreenLaser_Off)
    HardFault_Handler                        0x08001b59   Thumb Code     2  stm32f10x_it.o(i.HardFault_Handler)
    K230_RegisterCallbacks                   0x08001ce1   Thumb Code    10  k230_uart.o(i.K230_RegisterCallbacks)
    K230_ResetVision                         0x08001cf1   Thumb Code     6  k230_uart.o(i.K230_ResetVision)
    K230_Run                                 0x08001d05   Thumb Code    32  k230_uart.o(i.K230_Run)
    K230_SetMode                             0x08001d31   Thumb Code    24  k230_uart.o(i.K230_SetMode)
    K230_Stop                                0x08001d55   Thumb Code     6  k230_uart.o(i.K230_Stop)
    K230_Uart_Init                           0x08001d69   Thumb Code   168  k230_uart.o(i.K230_Uart_Init)
    K230_Uart_SendString                     0x08001e19   Thumb Code    36  k230_uart.o(i.K230_Uart_SendString)
    Key_Init                                 0x08001e41   Thumb Code    40  key.o(i.Key_Init)
    Key_Scan                                 0x08001e6d   Thumb Code   188  key.o(i.Key_Scan)
    Laser_AllOff                             0x08001f31   Thumb Code    10  laser.o(i.Laser_AllOff)
    Laser_Init                               0x08001f41   Thumb Code    50  laser.o(i.Laser_Init)
    MemManage_Handler                        0x08001fa1   Thumb Code     2  stm32f10x_it.o(i.MemManage_Handler)
    NMI_Handler                              0x08001fa3   Thumb Code     2  stm32f10x_it.o(i.NMI_Handler)
    NVIC_Init                                0x08001fa5   Thumb Code    96  misc.o(i.NVIC_Init)
    NVIC_PriorityGroupConfig                 0x08002009   Thumb Code    10  misc.o(i.NVIC_PriorityGroupConfig)
    PWM_Init                                 0x080020bd   Thumb Code   206  pwm.o(i.PWM_Init)
    PWM_SetCompare1                          0x08002195   Thumb Code     8  pwm.o(i.PWM_SetCompare1)
    PWM_SetCompare2                          0x080021a1   Thumb Code     8  pwm.o(i.PWM_SetCompare2)
    PWM_SetCompare3                          0x080021ad   Thumb Code     8  pwm.o(i.PWM_SetCompare3)
    PWM_SetCompare4                          0x080021b9   Thumb Code     8  pwm.o(i.PWM_SetCompare4)
    PendSV_Handler                           0x080021c5   Thumb Code     2  stm32f10x_it.o(i.PendSV_Handler)
    Question1_Init                           0x08002c3d   Thumb Code   106  question1.o(i.Question1_Init)
    Question1_Reset                          0x08002cb1   Thumb Code    74  question1.o(i.Question1_Reset)
    Question1_SetRunState                    0x08002d01   Thumb Code    64  question1.o(i.Question1_SetRunState)
    Question1_ShowRunPage                    0x08002d45   Thumb Code   184  question1.o(i.Question1_ShowRunPage)
    Question1_Task                           0x08002e41   Thumb Code   192  question1.o(i.Question1_Task)
    Question2_Done                           0x08002f45   Thumb Code    48  question2.o(i.Question2_Done)
    Question2_EnterPrepare                   0x08002f79   Thumb Code    98  question2.o(i.Question2_EnterPrepare)
    Question2_GetMenuSelectMax               0x08003009   Thumb Code     4  question2.o(i.Question2_GetMenuSelectMax)
    Question2_GetRunState                    0x0800300d   Thumb Code     6  question2.o(i.Question2_GetRunState)
    Question2_Init                           0x08003019   Thumb Code    38  question2.o(i.Question2_Init)
    Question2_Pause                          0x08003045   Thumb Code    28  question2.o(i.Question2_Pause)
    Question2_Relock                         0x08003065   Thumb Code    38  question2.o(i.Question2_Relock)
    Question2_Reset                          0x08003091   Thumb Code    70  question2.o(i.Question2_Reset)
    Question2_Resume                         0x080030dd   Thumb Code    30  question2.o(i.Question2_Resume)
    Question2_SetMenuSelect                  0x08003101   Thumb Code    20  question2.o(i.Question2_SetMenuSelect)
    Question2_ShowPage                       0x08003119   Thumb Code    12  question2.o(i.Question2_ShowPage)
    Question2_StartFormal                    0x08003129   Thumb Code    54  question2.o(i.Question2_StartFormal)
    Question2_Stop                           0x08003165   Thumb Code    40  question2.o(i.Question2_Stop)
    Question2_Task                           0x08003191   Thumb Code   130  question2.o(i.Question2_Task)
    RCC_APB1PeriphClockCmd                   0x08003219   Thumb Code    22  stm32f10x_rcc.o(i.RCC_APB1PeriphClockCmd)
    RCC_APB2PeriphClockCmd                   0x08003235   Thumb Code    22  stm32f10x_rcc.o(i.RCC_APB2PeriphClockCmd)
    RCC_GetClocksFreq                        0x08003251   Thumb Code   154  stm32f10x_rcc.o(i.RCC_GetClocksFreq)
    RedLaser_Off                             0x080032fd   Thumb Code    10  laser.o(i.RedLaser_Off)
    RedLaser_On                              0x0800330d   Thumb Code    10  laser.o(i.RedLaser_On)
    SPI_Cmd                                  0x08003389   Thumb Code    24  stm32f10x_spi.o(i.SPI_Cmd)
    SPI_I2S_GetFlagStatus                    0x080033a1   Thumb Code    14  stm32f10x_spi.o(i.SPI_I2S_GetFlagStatus)
    SPI_I2S_SendData                         0x080033af   Thumb Code     4  stm32f10x_spi.o(i.SPI_I2S_SendData)
    SPI_Init                                 0x080033b3   Thumb Code    56  stm32f10x_spi.o(i.SPI_Init)
    SPI_Write                                0x080033ed   Thumb Code    40  tft_spi.o(i.SPI_Write)
    SVC_Handler                              0x08003419   Thumb Code     2  stm32f10x_it.o(i.SVC_Handler)
    Servo_Init                               0x08003455   Thumb Code    36  servo.o(i.Servo_Init)
    Servo_SetAngle_GX                        0x0800347d   Thumb Code    14  servo.o(i.Servo_SetAngle_GX)
    Servo_SetAngle_GY                        0x0800348b   Thumb Code    14  servo.o(i.Servo_SetAngle_GY)
    Servo_SetAngle_X                         0x08003499   Thumb Code    14  servo.o(i.Servo_SetAngle_X)
    Servo_SetAngle_Y                         0x080034a7   Thumb Code    14  servo.o(i.Servo_SetAngle_Y)
    Show_DetailBottomBar                     0x08003569   Thumb Code   344  menumain.o(i.Show_DetailBottomBar)
    Show_DetailPage                          0x0800373d   Thumb Code   162  menumain.o(i.Show_DetailPage)
    Show_ListMenu                            0x0800381d   Thumb Code   254  menumain.o(i.Show_ListMenu)
    Show_MainMenu                            0x08003961   Thumb Code   144  menumain.o(i.Show_MainMenu)
    Show_RunHintBar                          0x08003a1d   Thumb Code    38  menumain.o(i.Show_RunHintBar)
    SysTick_CLKSourceConfig                  0x08003a79   Thumb Code    28  misc.o(i.SysTick_CLKSourceConfig)
    SystemInit                               0x08003a95   Thumb Code    64  system_stm32f10x.o(i.SystemInit)
    TFT_Clear                                0x08003ae5   Thumb Code    90  tft_spi.o(i.TFT_Clear)
    TFT_ClearRect                            0x08003b45   Thumb Code   120  tft_spi.o(i.TFT_ClearRect)
    TFT_DrawPoint                            0x08003bc1   Thumb Code    66  tft_spi.o(i.TFT_DrawPoint)
    TFT_FillBlock                            0x08003c09   Thumb Code    58  tft_spi.o(i.TFT_FillBlock)
    TFT_Init                                 0x08003c45   Thumb Code   632  tft_spi.o(i.TFT_Init)
    TFT_SetWindow                            0x08003ec9   Thumb Code    94  tft_spi.o(i.TFT_SetWindow)
    TFT_ShowChar                             0x08003f29   Thumb Code    86  tft_spi.o(i.TFT_ShowChar)
    TFT_ShowString                           0x08003f85   Thumb Code    88  tft_spi.o(i.TFT_ShowString)
    TFT_Write_Cmd                            0x08003fdd   Thumb Code    40  tft_spi.o(i.TFT_Write_Cmd)
    TFT_Write_Data                           0x08004009   Thumb Code    40  tft_spi.o(i.TFT_Write_Data)
    TIM2_IRQHandler                          0x08004035   Thumb Code    38  tick.o(i.TIM2_IRQHandler)
    TIM_ARRPreloadConfig                     0x08004061   Thumb Code    24  stm32f10x_tim.o(i.TIM_ARRPreloadConfig)
    TIM_ClearITPendingBit                    0x08004079   Thumb Code     6  stm32f10x_tim.o(i.TIM_ClearITPendingBit)
    TIM_Cmd                                  0x0800407f   Thumb Code    24  stm32f10x_tim.o(i.TIM_Cmd)
    TIM_GetITStatus                          0x08004097   Thumb Code    24  stm32f10x_tim.o(i.TIM_GetITStatus)
    TIM_ITConfig                             0x080040af   Thumb Code    20  stm32f10x_tim.o(i.TIM_ITConfig)
    TIM_InternalClockConfig                  0x080040c3   Thumb Code    10  stm32f10x_tim.o(i.TIM_InternalClockConfig)
    TIM_OC1Init                              0x080040cd   Thumb Code   114  stm32f10x_tim.o(i.TIM_OC1Init)
    TIM_OC1PreloadConfig                     0x08004155   Thumb Code    12  stm32f10x_tim.o(i.TIM_OC1PreloadConfig)
    TIM_OC2Init                              0x08004161   Thumb Code   128  stm32f10x_tim.o(i.TIM_OC2Init)
    TIM_OC2PreloadConfig                     0x080041e9   Thumb Code    20  stm32f10x_tim.o(i.TIM_OC2PreloadConfig)
    TIM_OC3Init                              0x080041fd   Thumb Code   124  stm32f10x_tim.o(i.TIM_OC3Init)
    TIM_OC3PreloadConfig                     0x08004281   Thumb Code    12  stm32f10x_tim.o(i.TIM_OC3PreloadConfig)
    TIM_OC4Init                              0x0800428d   Thumb Code    94  stm32f10x_tim.o(i.TIM_OC4Init)
    TIM_OC4PreloadConfig                     0x080042f5   Thumb Code    20  stm32f10x_tim.o(i.TIM_OC4PreloadConfig)
    TIM_OCStructInit                         0x08004309   Thumb Code    20  stm32f10x_tim.o(i.TIM_OCStructInit)
    TIM_SetCompare1                          0x0800431d   Thumb Code     4  stm32f10x_tim.o(i.TIM_SetCompare1)
    TIM_SetCompare2                          0x08004321   Thumb Code     4  stm32f10x_tim.o(i.TIM_SetCompare2)
    TIM_SetCompare3                          0x08004325   Thumb Code     4  stm32f10x_tim.o(i.TIM_SetCompare3)
    TIM_SetCompare4                          0x08004329   Thumb Code     6  stm32f10x_tim.o(i.TIM_SetCompare4)
    TIM_TimeBaseInit                         0x08004331   Thumb Code   114  stm32f10x_tim.o(i.TIM_TimeBaseInit)
    Tick_GetMs                               0x080043cd   Thumb Code     6  tick.o(i.Tick_GetMs)
    Tick_Init                                0x080043d9   Thumb Code   102  tick.o(i.Tick_Init)
    USART1_IRQHandler                        0x08004441   Thumb Code   100  k230_uart.o(i.USART1_IRQHandler)
    USART_ClearITPendingBit                  0x080044b1   Thumb Code    16  stm32f10x_usart.o(i.USART_ClearITPendingBit)
    USART_Cmd                                0x080044c1   Thumb Code    24  stm32f10x_usart.o(i.USART_Cmd)
    USART_GetFlagStatus                      0x080044d9   Thumb Code    14  stm32f10x_usart.o(i.USART_GetFlagStatus)
    USART_GetITStatus                        0x080044e7   Thumb Code    64  stm32f10x_usart.o(i.USART_GetITStatus)
    USART_ITConfig                           0x08004527   Thumb Code    54  stm32f10x_usart.o(i.USART_ITConfig)
    USART_Init                               0x0800455d   Thumb Code   182  stm32f10x_usart.o(i.USART_Init)
    USART_ReceiveData                        0x08004619   Thumb Code     8  stm32f10x_usart.o(i.USART_ReceiveData)
    USART_SendData                           0x08004621   Thumb Code     8  stm32f10x_usart.o(i.USART_SendData)
    UsageFault_Handler                       0x08004629   Thumb Code     2  stm32f10x_it.o(i.UsageFault_Handler)
    __ARM_fpclassify                         0x0800462b   Thumb Code    40  fpclassify.o(i.__ARM_fpclassify)
    _is_digit                                0x08004653   Thumb Code    14  __printf_wp.o(i._is_digit)
    main                                     0x08004661   Thumb Code  1164  menumain.o(i.main)
    _get_lc_numeric                          0x08004af1   Thumb Code    44  lc_numeric_c.o(locale$$code)
    _get_lc_ctype                            0x08004b1d   Thumb Code    44  lc_ctype_c.o(locale$$code)
    __fpl_dretinf                            0x08004b49   Thumb Code    12  dretinf.o(x$fpl$dretinf)
    __aeabi_f2d                              0x08004b55   Thumb Code     0  f2d.o(x$fpl$f2d)
    _f2d                                     0x08004b55   Thumb Code    86  f2d.o(x$fpl$f2d)
    __aeabi_fadd                             0x08004bad   Thumb Code     0  faddsub_clz.o(x$fpl$fadd)
    _fadd                                    0x08004bad   Thumb Code   196  faddsub_clz.o(x$fpl$fadd)
    __fpl_fcmp_Inf                           0x08004c71   Thumb Code    24  fcmpi.o(x$fpl$fcmpinf)
    __aeabi_fdiv                             0x08004c89   Thumb Code     0  fdiv.o(x$fpl$fdiv)
    _fdiv                                    0x08004c89   Thumb Code   384  fdiv.o(x$fpl$fdiv)
    __aeabi_f2uiz                            0x08004e0d   Thumb Code     0  ffixu.o(x$fpl$ffixu)
    _ffixu                                   0x08004e0d   Thumb Code    62  ffixu.o(x$fpl$ffixu)
    __aeabi_i2f                              0x08004e4d   Thumb Code     0  fflt_clz.o(x$fpl$fflt)
    _fflt                                    0x08004e4d   Thumb Code    48  fflt_clz.o(x$fpl$fflt)
    __aeabi_cfcmple                          0x08004e7d   Thumb Code     0  fleqf.o(x$fpl$fleqf)
    _fcmple                                  0x08004e7d   Thumb Code   104  fleqf.o(x$fpl$fleqf)
    __fpl_fcmple_InfNaN                      0x08004ecf   Thumb Code     0  fleqf.o(x$fpl$fleqf)
    __aeabi_fmul                             0x08004ee5   Thumb Code     0  fmul.o(x$fpl$fmul)
    _fmul                                    0x08004ee5   Thumb Code   258  fmul.o(x$fpl$fmul)
    __fpl_fnaninf                            0x08004fe7   Thumb Code   140  fnaninf.o(x$fpl$fnaninf)
    __fpl_fretinf                            0x08005073   Thumb Code    10  fretinf.o(x$fpl$fretinf)
    __aeabi_cfrcmple                         0x0800507d   Thumb Code     0  frleqf.o(x$fpl$frleqf)
    _frcmple                                 0x0800507d   Thumb Code    98  frleqf.o(x$fpl$frleqf)
    __aeabi_fsub                             0x080050e1   Thumb Code     0  faddsub_clz.o(x$fpl$fsub)
    _fsub                                    0x080050e1   Thumb Code   234  faddsub_clz.o(x$fpl$fsub)
    _printf_fp_dec                           0x080051cb   Thumb Code     4  printf1.o(x$fpl$printf1)
    ASCII_8x8                                0x080051ce   Data         760  tft_spi.o(.constdata)
    __I$use$fp                               0x080051ce   Number         0  usenofp.o(x$fpl$usenofp)
    Region$$Table$$Base                      0x08005624   Number         0  anon$$obj.o(Region$$Table)
    Region$$Table$$Limit                     0x08005644   Number         0  anon$$obj.o(Region$$Table)
    __ctype                                  0x0800566d   Data           0  lc_ctype_c.o(locale$$data)
    SystemCoreClock                          0x20000000   Data           4  system_stm32f10x.o(.data)
    AHBPrescTable                            0x20000004   Data          16  system_stm32f10x.o(.data)
    __libspace_start                         0x200001f0   Data          96  libspace.o(.bss)
    __temporary_stack_top$libspace           0x20000250   Data           0  libspace.o(.bss)



==============================================================================

Memory Map of the image

  Image Entry point : 0x080000ed

  Load Region LR_IROM1 (Base: 0x08000000, Size: 0x00005884, Max: 0x00010000, ABSOLUTE)

    Execution Region ER_IROM1 (Exec base: 0x08000000, Load base: 0x08000000, Size: 0x00005770, Max: 0x00010000, ABSOLUTE)

    Exec Addr    Load Addr    Size         Type   Attr      Idx    E Section Name        Object

    0x08000000   0x08000000   0x000000ec   Data   RO            3    RESET               startup_stm32f10x_md.o
    0x080000ec   0x080000ec   0x00000008   Code   RO         4141  * !!!main             c_w.l(__main.o)
    0x080000f4   0x080000f4   0x00000034   Code   RO         4419    !!!scatter          c_w.l(__scatter.o)
    0x08000128   0x08000128   0x0000001a   Code   RO         4421    !!handler_copy      c_w.l(__scatter_copy.o)
    0x08000142   0x08000142   0x00000002   PAD
    0x08000144   0x08000144   0x0000001c   Code   RO         4423    !!handler_zi        c_w.l(__scatter_zi.o)
    0x08000160   0x08000160   0x00000000   Code   RO         4127    .ARM.Collect$$_printf_percent$$00000000  c_w.l(_printf_percent.o)
    0x08000160   0x08000160   0x00000006   Code   RO         4126    .ARM.Collect$$_printf_percent$$00000003  c_w.l(_printf_f.o)
    0x08000166   0x08000166   0x00000006   Code   RO         4124    .ARM.Collect$$_printf_percent$$00000009  c_w.l(_printf_d.o)
    0x0800016c   0x0800016c   0x00000006   Code   RO         4125    .ARM.Collect$$_printf_percent$$0000000A  c_w.l(_printf_u.o)
    0x08000172   0x08000172   0x00000006   Code   RO         4123    .ARM.Collect$$_printf_percent$$00000014  c_w.l(_printf_s.o)
    0x08000178   0x08000178   0x00000004   Code   RO         4189    .ARM.Collect$$_printf_percent$$00000017  c_w.l(_printf_percent_end.o)
    0x0800017c   0x0800017c   0x00000002   Code   RO         4290    .ARM.Collect$$libinit$$00000000  c_w.l(libinit.o)
    0x0800017e   0x0800017e   0x00000000   Code   RO         4292    .ARM.Collect$$libinit$$00000002  c_w.l(libinit2.o)
    0x0800017e   0x0800017e   0x00000000   Code   RO         4294    .ARM.Collect$$libinit$$00000004  c_w.l(libinit2.o)
    0x0800017e   0x0800017e   0x00000000   Code   RO         4297    .ARM.Collect$$libinit$$0000000A  c_w.l(libinit2.o)
    0x0800017e   0x0800017e   0x00000000   Code   RO         4299    .ARM.Collect$$libinit$$0000000C  c_w.l(libinit2.o)
    0x0800017e   0x0800017e   0x00000000   Code   RO         4301    .ARM.Collect$$libinit$$0000000E  c_w.l(libinit2.o)
    0x0800017e   0x0800017e   0x00000006   Code   RO         4302    .ARM.Collect$$libinit$$0000000F  c_w.l(libinit2.o)
    0x08000184   0x08000184   0x00000000   Code   RO         4304    .ARM.Collect$$libinit$$00000011  c_w.l(libinit2.o)
    0x08000184   0x08000184   0x0000000c   Code   RO         4305    .ARM.Collect$$libinit$$00000012  c_w.l(libinit2.o)
    0x08000190   0x08000190   0x00000000   Code   RO         4306    .ARM.Collect$$libinit$$00000013  c_w.l(libinit2.o)
    0x08000190   0x08000190   0x00000000   Code   RO         4308    .ARM.Collect$$libinit$$00000015  c_w.l(libinit2.o)
    0x08000190   0x08000190   0x0000000a   Code   RO         4309    .ARM.Collect$$libinit$$00000016  c_w.l(libinit2.o)
    0x0800019a   0x0800019a   0x00000000   Code   RO         4310    .ARM.Collect$$libinit$$00000017  c_w.l(libinit2.o)
    0x0800019a   0x0800019a   0x00000000   Code   RO         4312    .ARM.Collect$$libinit$$00000019  c_w.l(libinit2.o)
    0x0800019a   0x0800019a   0x00000000   Code   RO         4314    .ARM.Collect$$libinit$$0000001B  c_w.l(libinit2.o)
    0x0800019a   0x0800019a   0x00000000   Code   RO         4316    .ARM.Collect$$libinit$$0000001D  c_w.l(libinit2.o)
    0x0800019a   0x0800019a   0x00000000   Code   RO         4318    .ARM.Collect$$libinit$$0000001F  c_w.l(libinit2.o)
    0x0800019a   0x0800019a   0x00000000   Code   RO         4320    .ARM.Collect$$libinit$$00000021  c_w.l(libinit2.o)
    0x0800019a   0x0800019a   0x00000000   Code   RO         4322    .ARM.Collect$$libinit$$00000023  c_w.l(libinit2.o)
    0x0800019a   0x0800019a   0x00000000   Code   RO         4324    .ARM.Collect$$libinit$$00000025  c_w.l(libinit2.o)
    0x0800019a   0x0800019a   0x00000000   Code   RO         4328    .ARM.Collect$$libinit$$0000002C  c_w.l(libinit2.o)
    0x0800019a   0x0800019a   0x00000000   Code   RO         4330    .ARM.Collect$$libinit$$0000002E  c_w.l(libinit2.o)
    0x0800019a   0x0800019a   0x00000000   Code   RO         4332    .ARM.Collect$$libinit$$00000030  c_w.l(libinit2.o)
    0x0800019a   0x0800019a   0x00000000   Code   RO         4334    .ARM.Collect$$libinit$$00000032  c_w.l(libinit2.o)
    0x0800019a   0x0800019a   0x00000002   Code   RO         4335    .ARM.Collect$$libinit$$00000033  c_w.l(libinit2.o)
    0x0800019c   0x0800019c   0x00000002   Code   RO         4365    .ARM.Collect$$libshutdown$$00000000  c_w.l(libshutdown.o)
    0x0800019e   0x0800019e   0x00000000   Code   RO         4376    .ARM.Collect$$libshutdown$$00000002  c_w.l(libshutdown2.o)
    0x0800019e   0x0800019e   0x00000000   Code   RO         4378    .ARM.Collect$$libshutdown$$00000004  c_w.l(libshutdown2.o)
    0x0800019e   0x0800019e   0x00000000   Code   RO         4380    .ARM.Collect$$libshutdown$$00000006  c_w.l(libshutdown2.o)
    0x0800019e   0x0800019e   0x00000000   Code   RO         4383    .ARM.Collect$$libshutdown$$00000009  c_w.l(libshutdown2.o)
    0x0800019e   0x0800019e   0x00000000   Code   RO         4386    .ARM.Collect$$libshutdown$$0000000C  c_w.l(libshutdown2.o)
    0x0800019e   0x0800019e   0x00000000   Code   RO         4388    .ARM.Collect$$libshutdown$$0000000E  c_w.l(libshutdown2.o)
    0x0800019e   0x0800019e   0x00000000   Code   RO         4391    .ARM.Collect$$libshutdown$$00000011  c_w.l(libshutdown2.o)
    0x0800019e   0x0800019e   0x00000002   Code   RO         4392    .ARM.Collect$$libshutdown$$00000012  c_w.l(libshutdown2.o)
    0x080001a0   0x080001a0   0x00000000   Code   RO         4173    .ARM.Collect$$rtentry$$00000000  c_w.l(__rtentry.o)
    0x080001a0   0x080001a0   0x00000000   Code   RO         4209    .ARM.Collect$$rtentry$$00000002  c_w.l(__rtentry2.o)
    0x080001a0   0x080001a0   0x00000006   Code   RO         4221    .ARM.Collect$$rtentry$$00000004  c_w.l(__rtentry4.o)
    0x080001a6   0x080001a6   0x00000000   Code   RO         4211    .ARM.Collect$$rtentry$$00000009  c_w.l(__rtentry2.o)
    0x080001a6   0x080001a6   0x00000004   Code   RO         4212    .ARM.Collect$$rtentry$$0000000A  c_w.l(__rtentry2.o)
    0x080001aa   0x080001aa   0x00000000   Code   RO         4214    .ARM.Collect$$rtentry$$0000000C  c_w.l(__rtentry2.o)
    0x080001aa   0x080001aa   0x00000008   Code   RO         4215    .ARM.Collect$$rtentry$$0000000D  c_w.l(__rtentry2.o)
    0x080001b2   0x080001b2   0x00000002   Code   RO         4336    .ARM.Collect$$rtexit$$00000000  c_w.l(rtexit.o)
    0x080001b4   0x080001b4   0x00000000   Code   RO         4343    .ARM.Collect$$rtexit$$00000002  c_w.l(rtexit2.o)
    0x080001b4   0x080001b4   0x00000004   Code   RO         4344    .ARM.Collect$$rtexit$$00000003  c_w.l(rtexit2.o)
    0x080001b8   0x080001b8   0x00000006   Code   RO         4345    .ARM.Collect$$rtexit$$00000004  c_w.l(rtexit2.o)
    0x080001be   0x080001be   0x00000002   PAD
    0x080001c0   0x080001c0   0x00000040   Code   RO            4    .text               startup_stm32f10x_md.o
    0x08000200   0x08000200   0x00000028   Code   RO         4093    .text               c_w.l(noretval__2sprintf.o)
    0x08000228   0x08000228   0x0000004e   Code   RO         4097    .text               c_w.l(_printf_pad.o)
    0x08000276   0x08000276   0x00000052   Code   RO         4099    .text               c_w.l(_printf_str.o)
    0x080002c8   0x080002c8   0x00000078   Code   RO         4101    .text               c_w.l(_printf_dec.o)
    0x08000340   0x08000340   0x0000010e   Code   RO         4111    .text               c_w.l(__printf_wp.o)
    0x0800044e   0x0800044e   0x0000001a   Code   RO         4128    .text               c_w.l(atoi.o)
    0x08000468   0x08000468   0x0000000c   Code   RO         4130    .text               c_w.l(strtok.o)
    0x08000474   0x08000474   0x00000096   Code   RO         4133    .text               c_w.l(strncmp.o)
    0x0800050a   0x0800050a   0x00000044   Code   RO         4135    .text               c_w.l(rt_memclr.o)
    0x0800054e   0x0800054e   0x00000056   Code   RO         4137    .text               c_w.l(strncpy.o)
    0x080005a4   0x080005a4   0x00000006   Code   RO         4139    .text               c_w.l(heapauxi.o)
    0x080005aa   0x080005aa   0x00000002   PAD
    0x080005ac   0x080005ac   0x00000008   Code   RO         4177    .text               c_w.l(rt_errno_addr_intlibspace.o)
    0x080005b4   0x080005b4   0x000000b2   Code   RO         4179    .text               c_w.l(_printf_intcommon.o)
    0x08000666   0x08000666   0x0000041e   Code   RO         4181    .text               c_w.l(_printf_fp_dec.o)
    0x08000a84   0x08000a84   0x00000030   Code   RO         4183    .text               c_w.l(_printf_char_common.o)
    0x08000ab4   0x08000ab4   0x0000000a   Code   RO         4185    .text               c_w.l(_sputc.o)
    0x08000abe   0x08000abe   0x0000002c   Code   RO         4187    .text               c_w.l(_printf_char.o)
    0x08000aea   0x08000aea   0x00000070   Code   RO         4190    .text               c_w.l(strtol.o)
    0x08000b5a   0x08000b5a   0x00000002   PAD
    0x08000b5c   0x08000b5c   0x00000044   Code   RO         4192    .text               c_w.l(strtok_int.o)
    0x08000ba0   0x08000ba0   0x0000004e   Code   RO         4194    .text               c_w.l(rt_memclr_w.o)
    0x08000bee   0x08000bee   0x00000002   PAD
    0x08000bf0   0x08000bf0   0x00000008   Code   RO         4205    .text               c_w.l(libspace.o)
    0x08000bf8   0x08000bf8   0x00000010   Code   RO         4223    .text               c_w.l(rt_ctype_table.o)
    0x08000c08   0x08000c08   0x00000008   Code   RO         4228    .text               c_w.l(rt_locale_intlibspace.o)
    0x08000c10   0x08000c10   0x0000008a   Code   RO         4230    .text               c_w.l(lludiv10.o)
    0x08000c9a   0x08000c9a   0x00000002   PAD
    0x08000c9c   0x08000c9c   0x00000080   Code   RO         4232    .text               c_w.l(_printf_fp_infnan.o)
    0x08000d1c   0x08000d1c   0x0000009e   Code   RO         4236    .text               c_w.l(_strtoul.o)
    0x08000dba   0x08000dba   0x00000002   PAD
    0x08000dbc   0x08000dbc   0x000000e4   Code   RO         4238    .text               c_w.l(bigflt0.o)
    0x08000ea0   0x08000ea0   0x00000020   Code   RO         4266    .text               c_w.l(strcspn.o)
    0x08000ec0   0x08000ec0   0x0000001c   Code   RO         4268    .text               c_w.l(strspn.o)
    0x08000edc   0x08000edc   0x0000004a   Code   RO         4274    .text               c_w.l(sys_stackheap_outer.o)
    0x08000f26   0x08000f26   0x0000001c   Code   RO         4276    .text               c_w.l(_chval.o)
    0x08000f42   0x08000f42   0x00000012   Code   RO         4281    .text               c_w.l(exit.o)
    0x08000f54   0x08000f54   0x00000080   Code   RO         4283    .text               c_w.l(strcmpv7m.o)
    0x08000fd4   0x08000fd4   0x0000000c   Code   RO         4355    .text               c_w.l(sys_exit.o)
    0x08000fe0   0x08000fe0   0x00000002   Code   RO         4366    .text               c_w.l(use_no_semi.o)
    0x08000fe2   0x08000fe2   0x00000000   Code   RO         4368    .text               c_w.l(indicate_semi.o)
    0x08000fe2   0x08000fe2   0x0000003e   Code   RO         4241    CL$$btod_d2e        c_w.l(btod.o)
    0x08001020   0x08001020   0x00000046   Code   RO         4243    CL$$btod_d2e_denorm_low  c_w.l(btod.o)
    0x08001066   0x08001066   0x00000060   Code   RO         4242    CL$$btod_d2e_norm_op1  c_w.l(btod.o)
    0x080010c6   0x080010c6   0x00000338   Code   RO         4251    CL$$btod_div_common  c_w.l(btod.o)
    0x080013fe   0x080013fe   0x000000dc   Code   RO         4248    CL$$btod_e2e        c_w.l(btod.o)
    0x080014da   0x080014da   0x0000002a   Code   RO         4245    CL$$btod_ediv       c_w.l(btod.o)
    0x08001504   0x08001504   0x0000002a   Code   RO         4244    CL$$btod_emul       c_w.l(btod.o)
    0x0800152e   0x0800152e   0x00000244   Code   RO         4250    CL$$btod_mult_common  c_w.l(btod.o)
    0x08001772   0x08001772   0x00000002   Code   RO         3850    i.BusFault_Handler  stm32f10x_it.o
    0x08001774   0x08001774   0x00000002   Code   RO         3851    i.DebugMon_Handler  stm32f10x_it.o
    0x08001776   0x08001776   0x00000002   PAD
    0x08001778   0x08001778   0x0000003c   Code   RO         3196    i.Delay_Init        delay.o
    0x080017b4   0x080017b4   0x00000034   Code   RO         3197    i.Delay_ms          delay.o
    0x080017e8   0x080017e8   0x00000020   Code   RO         3907    i.EnterQuestionRun_FirstStart  menumain.o
    0x08001808   0x08001808   0x000000a6   Code   RO         1347    i.GPIO_Init         stm32f10x_gpio.o
    0x080018ae   0x080018ae   0x0000000e   Code   RO         1351    i.GPIO_ReadInputDataBit  stm32f10x_gpio.o
    0x080018bc   0x080018bc   0x00000004   Code   RO         1354    i.GPIO_ResetBits    stm32f10x_gpio.o
    0x080018c0   0x080018c0   0x00000004   Code   RO         1355    i.GPIO_SetBits      stm32f10x_gpio.o
    0x080018c4   0x080018c4   0x0000000c   Code   RO         3908    i.GetBaseIndexByType  menumain.o
    0x080018d0   0x080018d0   0x00000050   Code   RO         3909    i.GetStatusName     menumain.o
    0x08001920   0x08001920   0x00000038   Code   RO         3910    i.GetStatusText     menumain.o
    0x08001958   0x08001958   0x0000000c   Code   RO         4004    i.GimbalPID_GetXAngle  gimbalpid.o
    0x08001964   0x08001964   0x0000000c   Code   RO         4006    i.GimbalPID_GetXOut  gimbalpid.o
    0x08001970   0x08001970   0x0000000c   Code   RO         4007    i.GimbalPID_GetYAngle  gimbalpid.o
    0x0800197c   0x0800197c   0x0000000c   Code   RO         4009    i.GimbalPID_GetYOut  gimbalpid.o
    0x08001988   0x08001988   0x00000080   Code   RO         4010    i.GimbalPID_Init    gimbalpid.o
    0x08001a08   0x08001a08   0x00000048   Code   RO         4011    i.GimbalPID_Reset   gimbalpid.o
    0x08001a50   0x08001a50   0x00000028   Code   RO         4012    i.GimbalPID_SetParams  gimbalpid.o
    0x08001a78   0x08001a78   0x000000d0   Code   RO         4013    i.GimbalPID_Update  gimbalpid.o
    0x08001b48   0x08001b48   0x00000010   Code   RO         3808    i.GreenLaser_Off    laser.o
    0x08001b58   0x08001b58   0x00000002   Code   RO         3852    i.HardFault_Handler  stm32f10x_it.o
    0x08001b5a   0x08001b5a   0x00000002   PAD
    0x08001b5c   0x08001b5c   0x0000004c   Code   RO         3364    i.K230_ParseDifFrame  k230_uart.o
    0x08001ba8   0x08001ba8   0x0000007c   Code   RO         3365    i.K230_ParseFrame   k230_uart.o
    0x08001c24   0x08001c24   0x000000bc   Code   RO         3366    i.K230_ParseQ2VFrame  k230_uart.o
    0x08001ce0   0x08001ce0   0x00000010   Code   RO         3367    i.K230_RegisterCallbacks  k230_uart.o
    0x08001cf0   0x08001cf0   0x00000014   Code   RO         3368    i.K230_ResetVision  k230_uart.o
    0x08001d04   0x08001d04   0x0000002c   Code   RO         3369    i.K230_Run          k230_uart.o
    0x08001d30   0x08001d30   0x00000024   Code   RO         3370    i.K230_SetMode      k230_uart.o
    0x08001d54   0x08001d54   0x00000014   Code   RO         3371    i.K230_Stop         k230_uart.o
    0x08001d68   0x08001d68   0x000000b0   Code   RO         3372    i.K230_Uart_Init    k230_uart.o
    0x08001e18   0x08001e18   0x00000028   Code   RO         3373    i.K230_Uart_SendString  k230_uart.o
    0x08001e40   0x08001e40   0x0000002c   Code   RO         3254    i.Key_Init          key.o
    0x08001e6c   0x08001e6c   0x000000c4   Code   RO         3255    i.Key_Scan          key.o
    0x08001f30   0x08001f30   0x00000010   Code   RO         3810    i.Laser_AllOff      laser.o
    0x08001f40   0x08001f40   0x00000038   Code   RO         3811    i.Laser_Init        laser.o
    0x08001f78   0x08001f78   0x00000028   Code   RO         4014    i.LimitFloat        gimbalpid.o
    0x08001fa0   0x08001fa0   0x00000002   Code   RO         3853    i.MemManage_Handler  stm32f10x_it.o
    0x08001fa2   0x08001fa2   0x00000002   Code   RO         3854    i.NMI_Handler       stm32f10x_it.o
    0x08001fa4   0x08001fa4   0x00000064   Code   RO          137    i.NVIC_Init         misc.o
    0x08002008   0x08002008   0x00000014   Code   RO          138    i.NVIC_PriorityGroupConfig  misc.o
    0x0800201c   0x0800201c   0x0000009e   Code   RO         4015    i.PID_Calc          gimbalpid.o
    0x080020ba   0x080020ba   0x00000002   PAD
    0x080020bc   0x080020bc   0x000000d8   Code   RO         3446    i.PWM_Init          pwm.o
    0x08002194   0x08002194   0x0000000c   Code   RO         3447    i.PWM_SetCompare1   pwm.o
    0x080021a0   0x080021a0   0x0000000c   Code   RO         3448    i.PWM_SetCompare2   pwm.o
    0x080021ac   0x080021ac   0x0000000c   Code   RO         3449    i.PWM_SetCompare3   pwm.o
    0x080021b8   0x080021b8   0x0000000c   Code   RO         3450    i.PWM_SetCompare4   pwm.o
    0x080021c4   0x080021c4   0x00000002   Code   RO         3855    i.PendSV_Handler    stm32f10x_it.o
    0x080021c6   0x080021c6   0x00000002   PAD
    0x080021c8   0x080021c8   0x00000018   Code   RO         3279    i.Q1_OnDiff         question1.o
    0x080021e0   0x080021e0   0x0000007c   Code   RO         3280    i.Q1_ShowBaseUI     question1.o
    0x0800225c   0x0800225c   0x00000064   Code   RO         3281    i.Q1_ShowData       question1.o
    0x080022c0   0x080022c0   0x00000058   Code   RO         3282    i.Q1_ShowNoData     question1.o
    0x08002318   0x08002318   0x00000050   Code   RO         3283    i.Q1_ShowState      question1.o
    0x08002368   0x08002368   0x00000014   Code   RO         3601    i.Q2_AutoDoneFromISR  question2.o
    0x0800237c   0x0800237c   0x0000001c   Code   RO         3602    i.Q2_ClearViewData  question2.o
    0x08002398   0x08002398   0x0000002a   Code   RO         3603    i.Q2_DrawHLine      question2.o
    0x080023c2   0x080023c2   0x00000004   Code   RO         3604    i.Q2_DrawPoint      question2.o
    0x080023c6   0x080023c6   0x00000058   Code   RO         3605    i.Q2_DrawRect       question2.o
    0x0800241e   0x0800241e   0x00000002   PAD
    0x08002420   0x08002420   0x00000174   Code   RO         3606    i.Q2_DrawStaticUI   question2.o
    0x08002594   0x08002594   0x0000002a   Code   RO         3607    i.Q2_DrawVLine      question2.o
    0x080025be   0x080025be   0x00000002   PAD
    0x080025c0   0x080025c0   0x0000001c   Code   RO         3608    i.Q2_GetElapsedMs   question2.o
    0x080025dc   0x080025dc   0x0000001e   Code   RO         3609    i.Q2_MapX           question2.o
    0x080025fa   0x080025fa   0x00000028   Code   RO         3610    i.Q2_MapY           question2.o
    0x08002622   0x08002622   0x00000002   PAD
    0x08002624   0x08002624   0x00000010   Code   RO         3611    i.Q2_OnDiff         question2.o
    0x08002634   0x08002634   0x0000006c   Code   RO         3612    i.Q2_OnViewData     question2.o
    0x080026a0   0x080026a0   0x00000018   Code   RO         3613    i.Q2_SendPrepareCmd  question2.o
    0x080026b8   0x080026b8   0x00000018   Code   RO         3614    i.Q2_SendRelockCmd  question2.o
    0x080026d0   0x080026d0   0x00000014   Code   RO         3615    i.Q2_SendStartCmd   question2.o
    0x080026e4   0x080026e4   0x000001ac   Code   RO         3616    i.Q2_ShowHintText   question2.o
    0x08002890   0x08002890   0x00000038   Code   RO         3617    i.Q2_ShowOneOption  question2.o
    0x080028c8   0x080028c8   0x00000198   Code   RO         3618    i.Q2_ShowStateText  question2.o
    0x08002a60   0x08002a60   0x000000d0   Code   RO         3619    i.Q2_UpdateCanvas   question2.o
    0x08002b30   0x08002b30   0x0000008c   Code   RO         3620    i.Q2_UpdateDXDY     question2.o
    0x08002bbc   0x08002bbc   0x00000080   Code   RO         3621    i.Q2_UpdateTimer    question2.o
    0x08002c3c   0x08002c3c   0x00000074   Code   RO         3284    i.Question1_Init    question1.o
    0x08002cb0   0x08002cb0   0x00000050   Code   RO         3285    i.Question1_Reset   question1.o
    0x08002d00   0x08002d00   0x00000044   Code   RO         3286    i.Question1_SetRunState  question1.o
    0x08002d44   0x08002d44   0x000000fc   Code   RO         3287    i.Question1_ShowRunPage  question1.o
    0x08002e40   0x08002e40   0x00000104   Code   RO         3288    i.Question1_Task    question1.o
    0x08002f44   0x08002f44   0x00000034   Code   RO         3622    i.Question2_Done    question2.o
    0x08002f78   0x08002f78   0x00000090   Code   RO         3623    i.Question2_EnterPrepare  question2.o
    0x08003008   0x08003008   0x00000004   Code   RO         3624    i.Question2_GetMenuSelectMax  question2.o
    0x0800300c   0x0800300c   0x0000000c   Code   RO         3625    i.Question2_GetRunState  question2.o
    0x08003018   0x08003018   0x0000002c   Code   RO         3626    i.Question2_Init    question2.o
    0x08003044   0x08003044   0x00000020   Code   RO         3627    i.Question2_Pause   question2.o
    0x08003064   0x08003064   0x0000002c   Code   RO         3628    i.Question2_Relock  question2.o
    0x08003090   0x08003090   0x0000004c   Code   RO         3629    i.Question2_Reset   question2.o
    0x080030dc   0x080030dc   0x00000024   Code   RO         3630    i.Question2_Resume  question2.o
    0x08003100   0x08003100   0x00000018   Code   RO         3631    i.Question2_SetMenuSelect  question2.o
    0x08003118   0x08003118   0x00000010   Code   RO         3632    i.Question2_ShowPage  question2.o
    0x08003128   0x08003128   0x0000003c   Code   RO         3633    i.Question2_StartFormal  question2.o
    0x08003164   0x08003164   0x0000002c   Code   RO         3634    i.Question2_Stop    question2.o
    0x08003190   0x08003190   0x00000088   Code   RO         3635    i.Question2_Task    question2.o
    0x08003218   0x08003218   0x0000001c   Code   RO         1775    i.RCC_APB1PeriphClockCmd  stm32f10x_rcc.o
    0x08003234   0x08003234   0x0000001c   Code   RO         1777    i.RCC_APB2PeriphClockCmd  stm32f10x_rcc.o
    0x08003250   0x08003250   0x000000ac   Code   RO         1785    i.RCC_GetClocksFreq  stm32f10x_rcc.o
    0x080032fc   0x080032fc   0x00000010   Code   RO         3812    i.RedLaser_Off      laser.o
    0x0800330c   0x0800330c   0x00000010   Code   RO         3813    i.RedLaser_On       laser.o
    0x0800331c   0x0800331c   0x00000012   Code   RO         3911    i.ResetQuestion     menumain.o
    0x0800332e   0x0800332e   0x00000002   PAD
    0x08003330   0x08003330   0x0000003c   Code   RO         3912    i.RestartQuestionRun  menumain.o
    0x0800336c   0x0800336c   0x0000001c   Code   RO         3913    i.ResumeQuestionRun  menumain.o
    0x08003388   0x08003388   0x00000018   Code   RO         2263    i.SPI_Cmd           stm32f10x_spi.o
    0x080033a0   0x080033a0   0x0000000e   Code   RO         2271    i.SPI_I2S_GetFlagStatus  stm32f10x_spi.o
    0x080033ae   0x080033ae   0x00000004   Code   RO         2275    i.SPI_I2S_SendData  stm32f10x_spi.o
    0x080033b2   0x080033b2   0x00000038   Code   RO         2276    i.SPI_Init          stm32f10x_spi.o
    0x080033ea   0x080033ea   0x00000002   PAD
    0x080033ec   0x080033ec   0x0000002c   Code   RO         3526    i.SPI_Write         tft_spi.o
    0x08003418   0x08003418   0x00000002   Code   RO         3856    i.SVC_Handler       stm32f10x_it.o
    0x0800341a   0x0800341a   0x00000002   PAD
    0x0800341c   0x0800341c   0x00000038   Code   RO         3485    i.Servo_AngleToCompare  servo.o
    0x08003454   0x08003454   0x00000028   Code   RO         3486    i.Servo_Init        servo.o
    0x0800347c   0x0800347c   0x0000000e   Code   RO         3487    i.Servo_SetAngle_GX  servo.o
    0x0800348a   0x0800348a   0x0000000e   Code   RO         3488    i.Servo_SetAngle_GY  servo.o
    0x08003498   0x08003498   0x0000000e   Code   RO         3489    i.Servo_SetAngle_X  servo.o
    0x080034a6   0x080034a6   0x0000000e   Code   RO         3490    i.Servo_SetAngle_Y  servo.o
    0x080034b4   0x080034b4   0x00000004   Code   RO           24    i.SetSysClock       system_stm32f10x.o
    0x080034b8   0x080034b8   0x000000b0   Code   RO           25    i.SetSysClockTo72   system_stm32f10x.o
    0x08003568   0x08003568   0x000001d4   Code   RO         3914    i.Show_DetailBottomBar  menumain.o
    0x0800373c   0x0800373c   0x000000e0   Code   RO         3915    i.Show_DetailPage   menumain.o
    0x0800381c   0x0800381c   0x00000144   Code   RO         3916    i.Show_ListMenu     menumain.o
    0x08003960   0x08003960   0x000000bc   Code   RO         3917    i.Show_MainMenu     menumain.o
    0x08003a1c   0x08003a1c   0x00000048   Code   RO         3918    i.Show_RunHintBar   menumain.o
    0x08003a64   0x08003a64   0x00000014   Code   RO         3919    i.StopQuestion      menumain.o
    0x08003a78   0x08003a78   0x0000001c   Code   RO          141    i.SysTick_CLKSourceConfig  misc.o
    0x08003a94   0x08003a94   0x00000050   Code   RO           27    i.SystemInit        system_stm32f10x.o
    0x08003ae4   0x08003ae4   0x00000060   Code   RO         3527    i.TFT_Clear         tft_spi.o
    0x08003b44   0x08003b44   0x0000007c   Code   RO         3528    i.TFT_ClearRect     tft_spi.o
    0x08003bc0   0x08003bc0   0x00000048   Code   RO         3529    i.TFT_DrawPoint     tft_spi.o
    0x08003c08   0x08003c08   0x0000003a   Code   RO         3530    i.TFT_FillBlock     tft_spi.o
    0x08003c42   0x08003c42   0x00000002   PAD
    0x08003c44   0x08003c44   0x00000284   Code   RO         3531    i.TFT_Init          tft_spi.o
    0x08003ec8   0x08003ec8   0x0000005e   Code   RO         3532    i.TFT_SetWindow     tft_spi.o
    0x08003f26   0x08003f26   0x00000002   PAD
    0x08003f28   0x08003f28   0x0000005c   Code   RO         3533    i.TFT_ShowChar      tft_spi.o
    0x08003f84   0x08003f84   0x00000058   Code   RO         3534    i.TFT_ShowString    tft_spi.o
    0x08003fdc   0x08003fdc   0x0000002c   Code   RO         3535    i.TFT_Write_Cmd     tft_spi.o
    0x08004008   0x08004008   0x0000002c   Code   RO         3536    i.TFT_Write_Data    tft_spi.o
    0x08004034   0x08004034   0x0000002c   Code   RO         3225    i.TIM2_IRQHandler   tick.o
    0x08004060   0x08004060   0x00000018   Code   RO         2409    i.TIM_ARRPreloadConfig  stm32f10x_tim.o
    0x08004078   0x08004078   0x00000006   Code   RO         2416    i.TIM_ClearITPendingBit  stm32f10x_tim.o
    0x0800407e   0x0800407e   0x00000018   Code   RO         2421    i.TIM_Cmd           stm32f10x_tim.o
    0x08004096   0x08004096   0x00000018   Code   RO         2442    i.TIM_GetITStatus   stm32f10x_tim.o
    0x080040ae   0x080040ae   0x00000014   Code   RO         2446    i.TIM_ITConfig      stm32f10x_tim.o
    0x080040c2   0x080040c2   0x0000000a   Code   RO         2448    i.TIM_InternalClockConfig  stm32f10x_tim.o
    0x080040cc   0x080040cc   0x00000088   Code   RO         2450    i.TIM_OC1Init       stm32f10x_tim.o
    0x08004154   0x08004154   0x0000000c   Code   RO         2453    i.TIM_OC1PreloadConfig  stm32f10x_tim.o
    0x08004160   0x08004160   0x00000088   Code   RO         2455    i.TIM_OC2Init       stm32f10x_tim.o
    0x080041e8   0x080041e8   0x00000014   Code   RO         2458    i.TIM_OC2PreloadConfig  stm32f10x_tim.o
    0x080041fc   0x080041fc   0x00000084   Code   RO         2460    i.TIM_OC3Init       stm32f10x_tim.o
    0x08004280   0x08004280   0x0000000c   Code   RO         2463    i.TIM_OC3PreloadConfig  stm32f10x_tim.o
    0x0800428c   0x0800428c   0x00000068   Code   RO         2465    i.TIM_OC4Init       stm32f10x_tim.o
    0x080042f4   0x080042f4   0x00000014   Code   RO         2467    i.TIM_OC4PreloadConfig  stm32f10x_tim.o
    0x08004308   0x08004308   0x00000014   Code   RO         2468    i.TIM_OCStructInit  stm32f10x_tim.o
    0x0800431c   0x0800431c   0x00000004   Code   RO         2482    i.TIM_SetCompare1   stm32f10x_tim.o
    0x08004320   0x08004320   0x00000004   Code   RO         2483    i.TIM_SetCompare2   stm32f10x_tim.o
    0x08004324   0x08004324   0x00000004   Code   RO         2484    i.TIM_SetCompare3   stm32f10x_tim.o
    0x08004328   0x08004328   0x00000006   Code   RO         2485    i.TIM_SetCompare4   stm32f10x_tim.o
    0x0800432e   0x0800432e   0x00000002   PAD
    0x08004330   0x08004330   0x0000009c   Code   RO         2492    i.TIM_TimeBaseInit  stm32f10x_tim.o
    0x080043cc   0x080043cc   0x0000000c   Code   RO         3226    i.Tick_GetMs        tick.o
    0x080043d8   0x080043d8   0x00000066   Code   RO         3227    i.Tick_Init         tick.o
    0x0800443e   0x0800443e   0x00000002   PAD
    0x08004440   0x08004440   0x00000070   Code   RO         3374    i.USART1_IRQHandler  k230_uart.o
    0x080044b0   0x080044b0   0x00000010   Code   RO         2957    i.USART_ClearITPendingBit  stm32f10x_usart.o
    0x080044c0   0x080044c0   0x00000018   Code   RO         2960    i.USART_Cmd         stm32f10x_usart.o
    0x080044d8   0x080044d8   0x0000000e   Code   RO         2963    i.USART_GetFlagStatus  stm32f10x_usart.o
    0x080044e6   0x080044e6   0x00000040   Code   RO         2964    i.USART_GetITStatus  stm32f10x_usart.o
    0x08004526   0x08004526   0x00000036   Code   RO         2966    i.USART_ITConfig    stm32f10x_usart.o
    0x0800455c   0x0800455c   0x000000bc   Code   RO         2967    i.USART_Init        stm32f10x_usart.o
    0x08004618   0x08004618   0x00000008   Code   RO         2974    i.USART_ReceiveData  stm32f10x_usart.o
    0x08004620   0x08004620   0x00000008   Code   RO         2977    i.USART_SendData    stm32f10x_usart.o
    0x08004628   0x08004628   0x00000002   Code   RO         3857    i.UsageFault_Handler  stm32f10x_it.o
    0x0800462a   0x0800462a   0x00000028   Code   RO         4272    i.__ARM_fpclassify  m_ws.l(fpclassify.o)
    0x08004652   0x08004652   0x0000000e   Code   RO         4113    i._is_digit         c_w.l(__printf_wp.o)
    0x08004660   0x08004660   0x00000490   Code   RO         3920    i.main              menumain.o
    0x08004af0   0x08004af0   0x0000002c   Code   RO         4264    locale$$code        c_w.l(lc_numeric_c.o)
    0x08004b1c   0x08004b1c   0x0000002c   Code   RO         4279    locale$$code        c_w.l(lc_ctype_c.o)
    0x08004b48   0x08004b48   0x0000000c   Code   RO         4196    x$fpl$dretinf       fz_ws.l(dretinf.o)
    0x08004b54   0x08004b54   0x00000056   Code   RO         4143    x$fpl$f2d           fz_ws.l(f2d.o)
    0x08004baa   0x08004baa   0x00000002   PAD
    0x08004bac   0x08004bac   0x000000c4   Code   RO         4145    x$fpl$fadd          fz_ws.l(faddsub_clz.o)
    0x08004c70   0x08004c70   0x00000018   Code   RO         4198    x$fpl$fcmpinf       fz_ws.l(fcmpi.o)
    0x08004c88   0x08004c88   0x00000184   Code   RO         4152    x$fpl$fdiv          fz_ws.l(fdiv.o)
    0x08004e0c   0x08004e0c   0x0000003e   Code   RO         4155    x$fpl$ffixu         fz_ws.l(ffixu.o)
    0x08004e4a   0x08004e4a   0x00000002   PAD
    0x08004e4c   0x08004e4c   0x00000030   Code   RO         4160    x$fpl$fflt          fz_ws.l(fflt_clz.o)
    0x08004e7c   0x08004e7c   0x00000068   Code   RO         4165    x$fpl$fleqf         fz_ws.l(fleqf.o)
    0x08004ee4   0x08004ee4   0x00000102   Code   RO         4167    x$fpl$fmul          fz_ws.l(fmul.o)
    0x08004fe6   0x08004fe6   0x0000008c   Code   RO         4200    x$fpl$fnaninf       fz_ws.l(fnaninf.o)
    0x08005072   0x08005072   0x0000000a   Code   RO         4202    x$fpl$fretinf       fz_ws.l(fretinf.o)
    0x0800507c   0x0800507c   0x00000062   Code   RO         4169    x$fpl$frleqf        fz_ws.l(frleqf.o)
    0x080050de   0x080050de   0x00000002   PAD
    0x080050e0   0x080050e0   0x000000ea   Code   RO         4147    x$fpl$fsub          fz_ws.l(faddsub_clz.o)
    0x080051ca   0x080051ca   0x00000004   Code   RO         4171    x$fpl$printf1       fz_ws.l(printf1.o)
    0x080051ce   0x080051ce   0x00000000   Code   RO         4204    x$fpl$usenofp       fz_ws.l(usenofp.o)
    0x080051ce   0x080051ce   0x000002f8   Data   RO         3537    .constdata          tft_spi.o
    0x080054c6   0x080054c6   0x00000002   PAD
    0x080054c8   0x080054c8   0x00000094   Data   RO         4239    .constdata          c_w.l(bigflt0.o)
    0x0800555c   0x0800555c   0x000000c8   Data   RO         3921    .conststring        menumain.o
    0x08005624   0x08005624   0x00000020   Data   RO         4417    Region$$Table       anon$$obj.o
    0x08005644   0x08005644   0x0000001c   Data   RO         4263    locale$$data        c_w.l(lc_numeric_c.o)
    0x08005660   0x08005660   0x00000110   Data   RO         4278    locale$$data        c_w.l(lc_ctype_c.o)


    Execution Region RW_IRAM1 (Exec base: 0x20000000, Load base: 0x08005770, Size: 0x00000850, Max: 0x00005000, ABSOLUTE)

    Exec Addr    Load Addr    Size         Type   Attr      Idx    E Section Name        Object

    0x20000000   0x08005770   0x00000014   Data   RW           28    .data               system_stm32f10x.o
    0x20000014   0x08005784   0x00000014   Data   RW         1805    .data               stm32f10x_rcc.o
    0x20000028   0x08005798   0x00000004   Data   RW         3199    .data               delay.o
    0x2000002c   0x0800579c   0x00000004   Data   RW         3228    .data               tick.o
    0x20000030   0x080057a0   0x00000003   Data   RW         3256    .data               key.o
    0x20000033   0x080057a3   0x00000001   PAD
    0x20000034   0x080057a4   0x00000008   Data   RW         3289    .data               question1.o
    0x2000003c   0x080057ac   0x00000010   Data   RW         3376    .data               k230_uart.o
    0x2000004c   0x080057bc   0x0000001c   Data   RW         3637    .data               question2.o
    0x20000068   0x080057d8   0x00000090   Data   RW         3922    .data               menumain.o
    0x200000f8   0x08005868   0x00000018   Data   RW         4017    .data               gimbalpid.o
    0x20000110   0x08005880   0x00000004   Data   RW         4131    .data               c_w.l(strtok.o)
    0x20000114        -       0x00000080   Zero   RW         3375    .bss                k230_uart.o
    0x20000194        -       0x00000014   Zero   RW         3636    .bss                question2.o
    0x200001a8        -       0x00000048   Zero   RW         4016    .bss                gimbalpid.o
    0x200001f0        -       0x00000060   Zero   RW         4206    .bss                c_w.l(libspace.o)
    0x20000250        -       0x00000200   Zero   RW            2    HEAP                startup_stm32f10x_md.o
    0x20000450        -       0x00000400   Zero   RW            1    STACK               startup_stm32f10x_md.o


==============================================================================

Image component sizes


      Code (inc. data)   RO Data    RW Data    ZI Data      Debug   Object Name

         0          0          0          0          0       4532   core_cm3.o
       112         20          0          4          0       1016   delay.o
       694        112          0         24         72       6344   gimbalpid.o
       852        146          0         16        128       6854   k230_uart.o
       240         12          0          3          0       1542   key.o
       120         30          0          0          0       1910   laser.o
      2750        416        200        144          0      10510   menumain.o
       148         14          0          0          0     205097   misc.o
       264         26          0          0          0       2251   pwm.o
      1192        280          0          8          0       5996   question1.o
      2978        528          0         28         20      19503   question2.o
       152         18          0          0          0       2711   servo.o
        64         26        236          0       1536        788   startup_stm32f10x_md.o
         0          0          0          0          0       1620   stm32f10x_adc.o
       188          0          0          0          0      11656   stm32f10x_gpio.o
        16          0          0          0          0       3004   stm32f10x_it.o
       228         30          0         20          0      12918   stm32f10x_rcc.o
        98          0          0          0          0       9828   stm32f10x_spi.o
       874         90          0          0          0      32002   stm32f10x_tim.o
       376          6          0          0          0      12431   stm32f10x_usart.o
       260         26          0         20          0      51989   system_stm32f10x.o
      1400         46        760          0          0       8120   tft_spi.o
       158         12          0          4          0       1643   tick.o

    ----------------------------------------------------------------------
     13192       1838       1230        272       1756     414265   Object Totals
         0          0         32          0          0          0   (incl. Generated)
        28          0          2          1          0          0   (incl. Padding)

    ----------------------------------------------------------------------

      Code (inc. data)   RO Data    RW Data    ZI Data      Debug   Library Member Name

         8          0          0          0          0         68   __main.o
       284          0          0          0          0        156   __printf_wp.o
         0          0          0          0          0          0   __rtentry.o
        12          0          0          0          0          0   __rtentry2.o
         6          0          0          0          0          0   __rtentry4.o
        52          8          0          0          0          0   __scatter.o
        26          0          0          0          0          0   __scatter_copy.o
        28          0          0          0          0          0   __scatter_zi.o
        28          0          0          0          0         68   _chval.o
        44          0          0          0          0        108   _printf_char.o
        48          6          0          0          0         96   _printf_char_common.o
         6          0          0          0          0          0   _printf_d.o
       120         16          0          0          0         92   _printf_dec.o
         6          0          0          0          0          0   _printf_f.o
      1054          0          0          0          0        216   _printf_fp_dec.o
       128         16          0          0          0         84   _printf_fp_infnan.o
       178          0          0          0          0         88   _printf_intcommon.o
        78          0          0          0          0        108   _printf_pad.o
         0          0          0          0          0          0   _printf_percent.o
         4          0          0          0          0          0   _printf_percent_end.o
         6          0          0          0          0          0   _printf_s.o
        82          0          0          0          0         80   _printf_str.o
         6          0          0          0          0          0   _printf_u.o
        10          0          0          0          0         68   _sputc.o
       158          0          0          0          0         92   _strtoul.o
        26          0          0          0          0         80   atoi.o
       228          4        148          0          0         96   bigflt0.o
      1936        128          0          0          0        672   btod.o
        18          0          0          0          0         80   exit.o
         6          0          0          0          0        152   heapauxi.o
         0          0          0          0          0          0   indicate_semi.o
        44         10        272          0          0         76   lc_ctype_c.o
        44         10         28          0          0         76   lc_numeric_c.o
         2          0          0          0          0          0   libinit.o
        30          0          0          0          0          0   libinit2.o
         2          0          0          0          0          0   libshutdown.o
         2          0          0          0          0          0   libshutdown2.o
         8          4          0          0         96         68   libspace.o
       138          0          0          0          0         80   lludiv10.o
        40          6          0          0          0         84   noretval__2sprintf.o
        16          4          0          0          0         76   rt_ctype_table.o
         8          4          0          0          0         68   rt_errno_addr_intlibspace.o
         8          4          0          0          0         68   rt_locale_intlibspace.o
        68          0          0          0          0         68   rt_memclr.o
        78          0          0          0          0         80   rt_memclr_w.o
         2          0          0          0          0          0   rtexit.o
        10          0          0          0          0          0   rtexit2.o
       128          0          0          0          0         68   strcmpv7m.o
        32          0          0          0          0         80   strcspn.o
       150          0          0          0          0         80   strncmp.o
        86          0          0          0          0         76   strncpy.o
        28          0          0          0          0         80   strspn.o
        12          6          0          4          0         68   strtok.o
        68          4          0          0          0         84   strtok_int.o
       112          0          0          0          0         88   strtol.o
        12          4          0          0          0         68   sys_exit.o
        74          0          0          0          0         80   sys_stackheap_outer.o
         2          0          0          0          0         68   use_no_semi.o
        12          0          0          0          0         68   dretinf.o
        86          4          0          0          0         84   f2d.o
       430          8          0          0          0        168   faddsub_clz.o
        24          0          0          0          0         68   fcmpi.o
       388         76          0          0          0         96   fdiv.o
        62          4          0          0          0         84   ffixu.o
        48          0          0          0          0         68   fflt_clz.o
       104          4          0          0          0         84   fleqf.o
       258          4          0          0          0         84   fmul.o
       140          4          0          0          0         84   fnaninf.o
        10          0          0          0          0         68   fretinf.o
        98          0          0          0          0         68   frleqf.o
         4          0          0          0          0         68   printf1.o
         0          0          0          0          0          0   usenofp.o
        40          0          0          0          0         68   fpclassify.o

    ----------------------------------------------------------------------
      7514        338        448          4         96       5148   Library Totals
        20          0          0          0          0          0   (incl. Padding)

    ----------------------------------------------------------------------

      Code (inc. data)   RO Data    RW Data    ZI Data      Debug   Library Name

      5790        234        448          4         96       3988   c_w.l
      1664        104          0          0          0       1092   fz_ws.l
        40          0          0          0          0         68   m_ws.l

    ----------------------------------------------------------------------
      7514        338        448          4         96       5148   Library Totals

    ----------------------------------------------------------------------

==============================================================================


      Code (inc. data)   RO Data    RW Data    ZI Data      Debug   

     20706       2176       1678        276       1852     407917   Grand Totals
     20706       2176       1678        276       1852     407917   ELF Image Totals
     20706       2176       1678        276          0          0   ROM Totals

==============================================================================

    Total RO  Size (Code + RO Data)                22384 (  21.86kB)
    Total RW  Size (RW Data + ZI Data)              2128 (   2.08kB)
    Total ROM Size (Code + RO Data + RW Data)      22660 (  22.13kB)

==============================================================================

