Component: ARM Compiler 5.06 update 7 (build 960) Tool: armlink [4d3601]

==============================================================================

Section Cross References

    startup_stm32f10x_md.o(STACK) refers (Special) to heapauxi.o(.text) for __use_two_region_memory
    startup_stm32f10x_md.o(HEAP) refers (Special) to heapauxi.o(.text) for __use_two_region_memory
    startup_stm32f10x_md.o(RESET) refers (Special) to heapauxi.o(.text) for __use_two_region_memory
    startup_stm32f10x_md.o(RESET) refers to startup_stm32f10x_md.o(STACK) for __initial_sp
    startup_stm32f10x_md.o(RESET) refers to startup_stm32f10x_md.o(.text) for Reset_Handler
    startup_stm32f10x_md.o(RESET) refers to stm32f10x_it.o(i.NMI_Handler) for NMI_Handler
    startup_stm32f10x_md.o(RESET) refers to stm32f10x_it.o(i.HardFault_Handler) for HardFault_Handler
    startup_stm32f10x_md.o(RESET) refers to stm32f10x_it.o(i.MemManage_Handler) for MemManage_Handler
    startup_stm32f10x_md.o(RESET) refers to stm32f10x_it.o(i.BusFault_Handler) for BusFault_Handler
    startup_stm32f10x_md.o(RESET) refers to stm32f10x_it.o(i.UsageFault_Handler) for UsageFault_Handler
    startup_stm32f10x_md.o(RESET) refers to stm32f10x_it.o(i.SVC_Handler) for SVC_Handler
    startup_stm32f10x_md.o(RESET) refers to stm32f10x_it.o(i.DebugMon_Handler) for DebugMon_Handler
    startup_stm32f10x_md.o(RESET) refers to stm32f10x_it.o(i.PendSV_Handler) for PendSV_Handler
    startup_stm32f10x_md.o(RESET) refers to stm32f10x_it.o(i.SysTick_Handler) for SysTick_Handler
    startup_stm32f10x_md.o(RESET) refers to k230_uart.o(i.USART1_IRQHandler) for USART1_IRQHandler
    startup_stm32f10x_md.o(.text) refers (Special) to heapauxi.o(.text) for __use_two_region_memory
    startup_stm32f10x_md.o(.text) refers to system_stm32f10x.o(i.SystemInit) for SystemInit
    startup_stm32f10x_md.o(.text) refers to __main.o(!!!main) for __main
    startup_stm32f10x_md.o(.text) refers to startup_stm32f10x_md.o(HEAP) for Heap_Mem
    startup_stm32f10x_md.o(.text) refers to startup_stm32f10x_md.o(STACK) for Stack_Mem
    system_stm32f10x.o(i.SetSysClock) refers to system_stm32f10x.o(i.SetSysClockTo72) for SetSysClockTo72
    system_stm32f10x.o(i.SystemCoreClockUpdate) refers to system_stm32f10x.o(.data) for .data
    system_stm32f10x.o(i.SystemInit) refers to system_stm32f10x.o(i.SetSysClock) for SetSysClock
    stm32f10x_adc.o(i.ADC_DeInit) refers to stm32f10x_rcc.o(i.RCC_APB2PeriphResetCmd) for RCC_APB2PeriphResetCmd
    stm32f10x_bkp.o(i.BKP_DeInit) refers to stm32f10x_rcc.o(i.RCC_BackupResetCmd) for RCC_BackupResetCmd
    stm32f10x_can.o(i.CAN_DeInit) refers to stm32f10x_rcc.o(i.RCC_APB1PeriphResetCmd) for RCC_APB1PeriphResetCmd
    stm32f10x_can.o(i.CAN_GetITStatus) refers to stm32f10x_can.o(i.CheckITStatus) for CheckITStatus
    stm32f10x_cec.o(i.CEC_DeInit) refers to stm32f10x_rcc.o(i.RCC_APB1PeriphResetCmd) for RCC_APB1PeriphResetCmd
    stm32f10x_dac.o(i.DAC_DeInit) refers to stm32f10x_rcc.o(i.RCC_APB1PeriphResetCmd) for RCC_APB1PeriphResetCmd
    stm32f10x_flash.o(i.FLASH_EnableWriteProtection) refers to stm32f10x_flash.o(i.FLASH_WaitForLastOperation) for FLASH_WaitForLastOperation
    stm32f10x_flash.o(i.FLASH_EraseAllBank1Pages) refers to stm32f10x_flash.o(i.FLASH_WaitForLastBank1Operation) for FLASH_WaitForLastBank1Operation
    stm32f10x_flash.o(i.FLASH_EraseAllPages) refers to stm32f10x_flash.o(i.FLASH_WaitForLastOperation) for FLASH_WaitForLastOperation
    stm32f10x_flash.o(i.FLASH_EraseOptionBytes) refers to stm32f10x_flash.o(i.FLASH_GetReadOutProtectionStatus) for FLASH_GetReadOutProtectionStatus
    stm32f10x_flash.o(i.FLASH_EraseOptionBytes) refers to stm32f10x_flash.o(i.FLASH_WaitForLastOperation) for FLASH_WaitForLastOperation
    stm32f10x_flash.o(i.FLASH_ErasePage) refers to stm32f10x_flash.o(i.FLASH_WaitForLastOperation) for FLASH_WaitForLastOperation
    stm32f10x_flash.o(i.FLASH_ProgramHalfWord) refers to stm32f10x_flash.o(i.FLASH_WaitForLastOperation) for FLASH_WaitForLastOperation
    stm32f10x_flash.o(i.FLASH_ProgramOptionByteData) refers to stm32f10x_flash.o(i.FLASH_WaitForLastOperation) for FLASH_WaitForLastOperation
    stm32f10x_flash.o(i.FLASH_ProgramWord) refers to stm32f10x_flash.o(i.FLASH_WaitForLastOperation) for FLASH_WaitForLastOperation
    stm32f10x_flash.o(i.FLASH_ReadOutProtection) refers to stm32f10x_flash.o(i.FLASH_WaitForLastOperation) for FLASH_WaitForLastOperation
    stm32f10x_flash.o(i.FLASH_UserOptionByteConfig) refers to stm32f10x_flash.o(i.FLASH_WaitForLastOperation) for FLASH_WaitForLastOperation
    stm32f10x_flash.o(i.FLASH_WaitForLastBank1Operation) refers to stm32f10x_flash.o(i.FLASH_GetBank1Status) for FLASH_GetBank1Status
    stm32f10x_flash.o(i.FLASH_WaitForLastOperation) refers to stm32f10x_flash.o(i.FLASH_GetBank1Status) for FLASH_GetBank1Status
    stm32f10x_gpio.o(i.GPIO_AFIODeInit) refers to stm32f10x_rcc.o(i.RCC_APB2PeriphResetCmd) for RCC_APB2PeriphResetCmd
[...]
    i.GimbalPID_Init                         0x080018a4   Section        0  gimbalpid.o(i.GimbalPID_Init)
    i.GimbalPID_Reset                        0x08001920   Section        0  gimbalpid.o(i.GimbalPID_Reset)
    i.GimbalPID_Update                       0x08001968   Section        0  gimbalpid.o(i.GimbalPID_Update)
    i.HardFault_Handler                      0x08001a38   Section        0  stm32f10x_it.o(i.HardFault_Handler)
    i.K230_ParseFrame                        0x08001a3c   Section        0  k230_uart.o(i.K230_ParseFrame)
    K230_ParseFrame                          0x08001a3d   Thumb Code    94  k230_uart.o(i.K230_ParseFrame)
    i.K230_ResetVision                       0x08001aac   Section        0  k230_uart.o(i.K230_ResetVision)
    i.K230_Run                               0x08001ac0   Section        0  k230_uart.o(i.K230_Run)
    i.K230_SetMode                           0x08001aec   Section        0  k230_uart.o(i.K230_SetMode)
    i.K230_Stop                              0x08001b10   Section        0  k230_uart.o(i.K230_Stop)
    i.K230_Uart_ClearFrameFlag               0x08001b24   Section        0  k230_uart.o(i.K230_Uart_ClearFrameFlag)
    i.K230_Uart_GetDx                        0x08001b30   Section        0  k230_uart.o(i.K230_Uart_GetDx)
    i.K230_Uart_GetDy                        0x08001b3c   Section        0  k230_uart.o(i.K230_Uart_GetDy)
    i.K230_Uart_GetFrameFlag                 0x08001b48   Section        0  k230_uart.o(i.K230_Uart_GetFrameFlag)
    i.K230_Uart_Init                         0x08001b54   Section        0  k230_uart.o(i.K230_Uart_Init)
    i.K230_Uart_SendString                   0x08001c04   Section        0  k230_uart.o(i.K230_Uart_SendString)
    i.Key_Init                               0x08001c2c   Section        0  key.o(i.Key_Init)
    i.Key_Scan                               0x08001c58   Section        0  key.o(i.Key_Scan)
    i.LimitFloat                             0x08001d1c   Section        0  gimbalpid.o(i.LimitFloat)
    LimitFloat                               0x08001d1d   Thumb Code    40  gimbalpid.o(i.LimitFloat)
    i.MemManage_Handler                      0x08001d44   Section        0  stm32f10x_it.o(i.MemManage_Handler)
    i.NMI_Handler                            0x08001d46   Section        0  stm32f10x_it.o(i.NMI_Handler)
    i.NVIC_Init                              0x08001d48   Section        0  misc.o(i.NVIC_Init)
    i.NVIC_PriorityGroupConfig               0x08001dac   Section        0  misc.o(i.NVIC_PriorityGroupConfig)
    i.PID_Calc                               0x08001dc0   Section        0  gimbalpid.o(i.PID_Calc)
    PID_Calc                                 0x08001dc1   Thumb Code   158  gimbalpid.o(i.PID_Calc)
    i.PWM_Init                               0x08001e60   Section        0  pwm.o(i.PWM_Init)
    i.PWM_SetCompare1                        0x08001f38   Section        0  pwm.o(i.PWM_SetCompare1)
    i.PWM_SetCompare2                        0x08001f44   Section        0  pwm.o(i.PWM_SetCompare2)
    i.PWM_SetCompare3                        0x08001f50   Section        0  pwm.o(i.PWM_SetCompare3)
    i.PWM_SetCompare4                        0x08001f5c   Section        0  pwm.o(i.PWM_SetCompare4)
    i.PendSV_Handler                         0x08001f68   Section        0  stm32f10x_it.o(i.PendSV_Handler)
    i.Q1_ShowBaseUI                          0x08001f6c   Section        0  question1.o(i.Q1_ShowBaseUI)
    Q1_ShowBaseUI                            0x08001f6d   Thumb Code    68  question1.o(i.Q1_ShowBaseUI)
    i.Q1_ShowData                            0x08001fe8   Section        0  question1.o(i.Q1_ShowData)
    Q1_ShowData                              0x08001fe9   Thumb Code    76  question1.o(i.Q1_ShowData)
    i.Q1_ShowNoData                          0x0800204c   Section        0  question1.o(i.Q1_ShowNoData)
    Q1_ShowNoData                            0x0800204d   Thumb Code    64  question1.o(i.Q1_ShowNoData)
    i.Q1_ShowState                           0x080020a4   Section        0  question1.o(i.Q1_ShowState)
    Q1_ShowState                             0x080020a5   Thumb Code    64  question1.o(i.Q1_ShowState)
    i.Question1_Init                         0x080020f4   Section        0  question1.o(i.Question1_Init)
    i.Question1_Reset                        0x08002158   Section        0  question1.o(i.Question1_Reset)
    i.Question1_SetRunState                  0x080021a8   Section        0  question1.o(i.Question1_SetRunState)
    i.Question1_ShowRunPage                  0x080021e4   Section        0  question1.o(i.Question1_ShowRunPage)
    i.Question1_Task                         0x080022e0   Section        0  question1.o(i.Question1_Task)
    i.RCC_APB1PeriphClockCmd                 0x08002400   Section        0  stm32f10x_rcc.o(i.RCC_APB1PeriphClockCmd)
    i.RCC_APB2PeriphClockCmd                 0x0800241c   Section        0  stm32f10x_rcc.o(i.RCC_APB2PeriphClockCmd)
    i.RCC_GetClocksFreq                      0x08002438   Section        0  stm32f10x_rcc.o(i.RCC_GetClocksFreq)
    i.RestartQuestionRun                     0x080024e4   Section        0  menumain.o(i.RestartQuestionRun)
    RestartQuestionRun                       0x080024e5   Thumb Code    30  menumain.o(i.RestartQuestionRun)
    i.ResumeQuestionRun                      0x08002508   Section        0  menumain.o(i.ResumeQuestionRun)
    ResumeQuestionRun                        0x08002509   Thumb Code    14  menumain.o(i.ResumeQuestionRun)
    i.SPI_Cmd                                0x0800251c   Section        0  stm32f10x_spi.o(i.SPI_Cmd)
    i.SPI_I2S_GetFlagStatus                  0x08002534   Section        0  stm32f10x_spi.o(i.SPI_I2S_GetFlagStatus)
    i.SPI_I2S_SendData                       0x08002542   Section        0  stm32f10x_spi.o(i.SPI_I2S_SendData)
    i.SPI_Init                               0x08002546   Section        0  stm32f10x_spi.o(i.SPI_Init)
    i.SPI_Write                              0x08002580   Section        0  tft_spi.o(i.SPI_Write)
    i.SVC_Handler                            0x080025ac   Section        0  stm32f10x_it.o(i.SVC_Handler)
    i.Servo_AngleToCompare                   0x080025b0   Section        0  servo.o(i.Servo_AngleToCompare)
    Servo_AngleToCompare                     0x080025b1   Thumb Code    42  servo.o(i.Servo_AngleToCompare)
    i.Servo_Init                             0x080025e8   Section        0  servo.o(i.Servo_Init)
    i.Servo_SetAngle_GX                      0x08002610   Section        0  servo.o(i.Servo_SetAngle_GX)
    i.Servo_SetAngle_GY                      0x0800261e   Section        0  servo.o(i.Servo_SetAngle_GY)
    i.Servo_SetAngle_X                       0x0800262c   Section        0  servo.o(i.Servo_SetAngle_X)
    i.Servo_SetAngle_Y                       0x0800263a   Section        0  servo.o(i.Servo_SetAngle_Y)
    i.SetSysClock                            0x08002648   Section        0  system_stm32f10x.o(i.SetSysClock)
    SetSysClock                              0x08002649   Thumb Code     4  system_stm32f10x.o(i.SetSysClock)
    i.SetSysClockTo72                        0x0800264c   Section        0  system_stm32f10x.o(i.SetSysClockTo72)
    SetSysClockTo72                          0x0800264d   Thumb Code   166  system_stm32f10x.o(i.SetSysClockTo72)
    i.Show_DetailBottomBar                   0x080026fc   Section        0  menumain.o(i.Show_DetailBottomBar)
    i.Show_DetailPage                        0x080028d0   Section        0  menumain.o(i.Show_DetailPage)
    i.Show_ListMenu                          0x080029b0   Section        0  menumain.o(i.Show_ListMenu)
    i.Show_MainMenu                          0x08002af4   Section        0  menumain.o(i.Show_MainMenu)
    i.Show_RunHintBar                        0x08002bb0   Section        0  menumain.o(i.Show_RunHintBar)
    i.StopQuestion                           0x08002bf8   Section        0  menumain.o(i.StopQuestion)
    StopQuestion                             0x08002bf9   Thumb Code    10  menumain.o(i.StopQuestion)
    i.SysTick_CLKSourceConfig                0x08002c02   Section        0  misc.o(i.SysTick_CLKSourceConfig)
    i.SysTick_Handler                        0x08002c1e   Section        0  stm32f10x_it.o(i.SysTick_Handler)
    i.SystemInit                             0x08002c20   Section        0  system_stm32f10x.o(i.SystemInit)
    i.TFT_Clear                              0x08002c70   Section        0  tft_spi.o(i.TFT_Clear)
    i.TFT_ClearRect                          0x08002cd0   Section        0  tft_spi.o(i.TFT_ClearRect)
    i.TFT_DrawPoint                          0x08002d4c   Section        0  tft_spi.o(i.TFT_DrawPoint)
    i.TFT_FillBlock                          0x08002d94   Section        0  tft_spi.o(i.TFT_FillBlock)
    i.TFT_Init                               0x08002dd0   Section        0  tft_spi.o(i.TFT_Init)
    i.TFT_SetWindow                          0x08003054   Section        0  tft_spi.o(i.TFT_SetWindow)
    i.TFT_ShowChar                           0x080030b4   Section        0  tft_spi.o(i.TFT_ShowChar)
    i.TFT_ShowString                         0x08003110   Section        0  tft_spi.o(i.TFT_ShowString)
    i.TFT_Write_Cmd                          0x08003168   Section        0  tft_spi.o(i.TFT_Write_Cmd)
    i.TFT_Write_Data                         0x08003194   Section        0  tft_spi.o(i.TFT_Write_Data)
    i.TIM_ARRPreloadConfig                   0x080031c0   Section        0  stm32f10x_tim.o(i.TIM_ARRPreloadConfig)
    i.TIM_Cmd                                0x080031d8   Section        0  stm32f10x_tim.o(i.TIM_Cmd)
    i.TIM_InternalClockConfig                0x080031f0   Section        0  stm32f10x_tim.o(i.TIM_InternalClockConfig)
    i.TIM_OC1Init                            0x080031fc   Section        0  stm32f10x_tim.o(i.TIM_OC1Init)
    i.TIM_OC1PreloadConfig                   0x08003284   Section        0  stm32f10x_tim.o(i.TIM_OC1PreloadConfig)
    i.TIM_OC2Init                            0x08003290   Section        0  stm32f10x_tim.o(i.TIM_OC2Init)
    i.TIM_OC2PreloadConfig                   0x08003318   Section        0  stm32f10x_tim.o(i.TIM_OC2PreloadConfig)
    i.TIM_OC3Init                            0x0800332c   Section        0  stm32f10x_tim.o(i.TIM_OC3Init)
    i.TIM_OC3PreloadConfig                   0x080033b0   Section        0  stm32f10x_tim.o(i.TIM_OC3PreloadConfig)
    i.TIM_OC4Init                            0x080033bc   Section        0  stm32f10x_tim.o(i.TIM_OC4Init)
    i.TIM_OC4PreloadConfig                   0x08003424   Section        0  stm32f10x_tim.o(i.TIM_OC4PreloadConfig)
    i.TIM_OCStructInit                       0x08003438   Section        0  stm32f10x_tim.o(i.TIM_OCStructInit)
    i.TIM_SetCompare1                        0x0800344c   Section        0  stm32f10x_tim.o(i.TIM_SetCompare1)
    i.TIM_SetCompare2                        0x08003450   Section        0  stm32f10x_tim.o(i.TIM_SetCompare2)
    i.TIM_SetCompare3                        0x08003454   Section        0  stm32f10x_tim.o(i.TIM_SetCompare3)
    i.TIM_SetCompare4                        0x08003458   Section        0  stm32f10x_tim.o(i.TIM_SetCompare4)
    i.TIM_TimeBaseInit                       0x08003460   Section        0  stm32f10x_tim.o(i.TIM_TimeBaseInit)
    i.USART1_IRQHandler                      0x080034fc   Section        0  k230_uart.o(i.USART1_IRQHandler)
    i.USART_ClearITPendingBit                0x0800356c   Section        0  stm32f10x_usart.o(i.USART_ClearITPendingBit)
    i.USART_Cmd                              0x0800357c   Section        0  stm32f10x_usart.o(i.USART_Cmd)
    i.USART_GetFlagStatus                    0x08003594   Section        0  stm32f10x_usart.o(i.USART_GetFlagStatus)
    i.USART_GetITStatus                      0x080035a2   Section        0  stm32f10x_usart.o(i.USART_GetITStatus)
    i.USART_ITConfig                         0x080035e2   Section        0  stm32f10x_usart.o(i.USART_ITConfig)
    i.USART_Init                             0x08003618   Section        0  stm32f10x_usart.o(i.USART_Init)
    i.USART_ReceiveData                      0x080036d4   Section        0  stm32f10x_usart.o(i.USART_ReceiveData)
    i.USART_SendData                         0x080036dc   Section        0  stm32f10x_usart.o(i.USART_SendData)
    i.UsageFault_Handler                     0x080036e4   Section        0  stm32f10x_it.o(i.UsageFault_Handler)
    i.__ARM_fpclassify                       0x080036e6   Section        0  fpclassify.o(i.__ARM_fpclassify)
    i._is_digit                              0x0800370e   Section        0  __printf_wp.o(i._is_digit)
    i.main                                   0x0800371c   Section        0  menumain.o(i.main)
    locale$$code                             0x08003928   Section       44  lc_numeric_c.o(locale$$code)
    locale$$code                             0x08003954   Section       44  lc_ctype_c.o(locale$$code)
    x$fpl$dretinf                            0x08003980   Section       12  dretinf.o(x$fpl$dretinf)
    x$fpl$f2d                                0x0800398c   Section       86  f2d.o(x$fpl$f2d)
    x$fpl$fadd                               0x080039e4   Section      196  faddsub_clz.o(x$fpl$fadd)
    _fadd1                                   0x080039f3   Thumb Code     0  faddsub_clz.o(x$fpl$fadd)
    x$fpl$fcmpinf                            0x08003aa8   Section       24  fcmpi.o(x$fpl$fcmpinf)
    x$fpl$fdiv                               0x08003ac0   Section      388  fdiv.o(x$fpl$fdiv)
    _fdiv1                                   0x08003ac1   Thumb Code     0  fdiv.o(x$fpl$fdiv)
    x$fpl$ffixu                              0x08003c44   Section       62  ffixu.o(x$fpl$ffixu)
    x$fpl$fflt                               0x08003c84   Section       48  fflt_clz.o(x$fpl$fflt)
    x$fpl$fleqf                              0x08003cb4   Section      104  fleqf.o(x$fpl$fleqf)
    x$fpl$fmul                               0x08003d1c   Section      258  fmul.o(x$fpl$fmul)
    x$fpl$fnaninf                            0x08003e1e   Section      140  fnaninf.o(x$fpl$fnaninf)
    x$fpl$fretinf                            0x08003eaa   Section       10  fretinf.o(x$fpl$fretinf)
    x$fpl$frleqf                             0x08003eb4   Section       98  frleqf.o(x$fpl$frleqf)
    x$fpl$fsub                               0x08003f18   Section      234  faddsub_clz.o(x$fpl$fsub)
    _fsub1                                   0x08003f27   Thumb Code     0  faddsub_clz.o(x$fpl$fsub)
    x$fpl$printf1                            0x08004002   Section        4  printf1.o(x$fpl$printf1)
    .constdata                               0x08004006   Section      760  tft_spi.o(.constdata)
    x$fpl$usenofp                            0x08004006   Section        0  usenofp.o(x$fpl$usenofp)
    .constdata                               0x08004300   Section      148  bigflt0.o(.constdata)
    tenpwrs_x                                0x08004300   Data          60  bigflt0.o(.constdata)
    tenpwrs_i                                0x0800433c   Data          64  bigflt0.o(.constdata)
    .conststring                             0x08004394   Section      200  menumain.o(.conststring)
    locale$$data                             0x0800447c   Section       28  lc_numeric_c.o(locale$$data)
    __lcnum_c_name                           0x08004480   Data           2  lc_numeric_c.o(locale$$data)
    __lcnum_c_start                          0x08004488   Data           0  lc_numeric_c.o(locale$$data)
    __lcnum_c_point                          0x08004494   Data           0  lc_numeric_c.o(locale$$data)
    __lcnum_c_thousands                      0x08004496   Data           0  lc_numeric_c.o(locale$$data)
    __lcnum_c_grouping                       0x08004497   Data           0  lc_numeric_c.o(locale$$data)
    locale$$data                             0x08004498   Section      272  lc_ctype_c.o(locale$$data)
    __lcnum_c_end                            0x08004498   Data           0  lc_numeric_c.o(locale$$data)
    __lcctype_c_name                         0x0800449c   Data           2  lc_ctype_c.o(locale$$data)
    __lcctype_c_start                        0x080044a4   Data           0  lc_ctype_c.o(locale$$data)
    __lcctype_c_end                          0x080045a8   Data           0  lc_ctype_c.o(locale$$data)
    .data                                    0x20000000   Section       20  system_stm32f10x.o(.data)
    .data                                    0x20000014   Section       20  stm32f10x_rcc.o(.data)
    ADCPrescTable                            0x20000014   Data           4  stm32f10x_rcc.o(.data)
    APBAHBPrescTable                         0x20000018   Data          16  stm32f10x_rcc.o(.data)
    .data                                    0x20000028   Section        4  delay.o(.data)
    fac_us                                   0x20000028   Data           1  delay.o(.data)
    fac_ms                                   0x2000002a   Data           2  delay.o(.data)
    .data                                    0x2000002c   Section        3  key.o(.data)
    key_up_last                              0x2000002c   Data           1  key.o(.data)
    key_down_last                            0x2000002d   Data           1  key.o(.data)
    key_ok_last                              0x2000002e   Data           1  key.o(.data)
    .data                                    0x20000030   Section        8  question1.o(.data)
    g_q1_state                               0x20000030   Data           1  question1.o(.data)
    g_has_data                               0x20000031   Data           1  question1.o(.data)
    g_q1_hw_inited                           0x20000032   Data           1  question1.o(.data)
    g_last_dx                                0x20000034   Data           2  question1.o(.data)
    g_last_dy                                0x20000036   Data           2  question1.o(.data)
    .data                                    0x20000038   Section        8  k230_uart.o(.data)
    RxIndex                                  0x20000038   Data           1  k230_uart.o(.data)
    RxStart                                  0x20000039   Data           1  k230_uart.o(.data)
    FrameFlag                                0x2000003a   Data           1  k230_uart.o(.data)
    K230_Dx                                  0x2000003c   Data           2  k230_uart.o(.data)
    K230_Dy                                  0x2000003e   Data           2  k230_uart.o(.data)
    .data                                    0x20000040   Section      144  menumain.o(.data)
    runPageJustEntered                       0x20000040   Data           1  menumain.o(.data)
    currentMenu                              0x20000041   Data           1  menumain.o(.data)
    mainIndex                                0x20000042   Data           1  menumain.o(.data)
    listIndex                                0x20000043   Data           1  menumain.o(.data)
    detailSel                                0x20000044   Data           1  menumain.o(.data)
    currentType                              0x20000045   Data           1  menumain.o(.data)
    currentQuestion                          0x20000046   Data           1  menumain.o(.data)
    mainMenu                                 0x20000048   Data           8  menumain.o(.data)
    questions                                0x20000050   Data         128  menumain.o(.data)
    .data                                    0x200000d0   Section       24  gimbalpid.o(.data)
    g_x_angle                                0x200000d0   Data           4  gimbalpid.o(.data)
    g_y_angle                                0x200000d4   Data           4  gimbalpid.o(.data)
    g_x_err_dbg                              0x200000d8   Data           4  gimbalpid.o(.data)
    g_y_err_dbg                              0x200000dc   Data           4  gimbalpid.o(.data)
    g_x_out_dbg                              0x200000e0   Data           4  gimbalpid.o(.data)
    g_y_out_dbg                              0x200000e4   Data           4  gimbalpid.o(.data)
    .data                                    0x200000e8   Section        4  strtok.o(.data)
    _strtok_saves1                           0x200000e8   Data           4  strtok.o(.data)
    .bss                                     0x200000ec   Section       64  k230_uart.o(.bss)
    RxBuf                                    0x200000ec   Data          64  k230_uart.o(.bss)
    .bss                                     0x2000012c   Section       72  gimbalpid.o(.bss)
    pid_x                                    0x2000012c   Data          36  gimbalpid.o(.bss)
    pid_y                                    0x20000150   Data          36  gimbalpid.o(.bss)
    .bss                                     0x20000174   Section       96  libspace.o(.bss)
    HEAP                                     0x200001d8   Section      512  startup_stm32f10x_md.o(HEAP)
    Heap_Mem                                 0x200001d8   Data         512  startup_stm32f10x_md.o(HEAP)
    STACK                                    0x200003d8   Section     1024  startup_stm32f10x_md.o(STACK)
    Stack_Mem                                0x200003d8   Data        1024  startup_stm32f10x_md.o(STACK)
    __initial_sp                             0x200007d8   Data           0  startup_stm32f10x_md.o(STACK)

    Global Symbols

    Symbol Name                              Value     Ov Type        Size  Object(Section)

    BuildAttributes$$THM_ISAv4$P$D$K$B$S$PE$A:L22UL41UL21$X:L11$S22US41US21$IEEE1$IW$USESV6$~STKCKD$USESV7$~SHL$OTIME$ROPI$IEEEJ$EBA8$UX$STANDARDLIB$REQ8$PRES8$EABIv2 0x00000000   Number         0  anon$$obj.o ABSOLUTE
    __ARM_use_no_argv                        0x00000000   Number         0  menumain.o ABSOLUTE
    _printf_flags                            0x00000000   Number         0  printf_stubs.o ABSOLUTE
    _printf_return_value                     0x00000000   Number         0  printf_stubs.o ABSOLUTE
    _printf_sizespec                         0x00000000   Number         0  printf_stubs.o ABSOLUTE
    _printf_widthprec                        0x00000000   Number         0  printf_stubs.o ABSOLUTE
    __ARM_exceptions_init                     - Undefined Weak Reference
    __alloca_initialize                       - Undefined Weak Reference
    __arm_fini_                               - Undefined Weak Reference
    __arm_preinit_                            - Undefined Weak Reference
    __cpp_initialize__aeabi_                  - Undefined Weak Reference
    __cxa_finalize                            - Undefined Weak Reference
    __sigvec_lookup                           - Undefined Weak Reference
    _atexit_init                              - Undefined Weak Reference
    _call_atexit_fns                          - Undefined Weak Reference
    _clock_init                               - Undefined Weak Reference
    _fp_trap_init                             - Undefined Weak Reference
    _fp_trap_shutdown                         - Undefined Weak Reference
    _get_lc_collate                           - Undefined Weak Reference
    _get_lc_monetary                          - Undefined Weak Reference
    _get_lc_time                              - Undefined Weak Reference
    _getenv_init                              - Undefined Weak Reference
    _handle_redirection                       - Undefined Weak Reference
    _init_alloc                               - Undefined Weak Reference
    _init_user_alloc                          - Undefined Weak Reference
    _initio                                   - Undefined Weak Reference
    _printf_post_padding                      - Undefined Weak Reference
    _printf_pre_padding                       - Undefined Weak Reference
    _printf_truncate_signed                   - Undefined Weak Reference
    _printf_truncate_unsigned                 - Undefined Weak Reference
    _rand_init                                - Undefined Weak Reference
    _signal_finish                            - Undefined Weak Reference
    _signal_init                              - Undefined Weak Reference
    _terminate_alloc                          - Undefined Weak Reference
    _terminate_user_alloc                     - Undefined Weak Reference
    _terminateio                              - Undefined Weak Reference
    __Vectors_Size                           0x000000ec   Number         0  startup_stm32f10x_md.o ABSOLUTE
    __Vectors                                0x08000000   Data           4  startup_stm32f10x_md.o(RESET)
    __Vectors_End                            0x080000ec   Data           0  startup_stm32f10x_md.o(RESET)
    __main                                   0x080000ed   Thumb Code     8  __main.o(!!!main)
    __scatterload                            0x080000f5   Thumb Code     0  __scatter.o(!!!scatter)
    __scatterload_rt2                        0x080000f5   Thumb Code    44  __scatter.o(!!!scatter)
    __scatterload_rt2_thumb_only             0x080000f5   Thumb Code     0  __scatter.o(!!!scatter)
    __scatterload_null                       0x08000103   Thumb Code     0  __scatter.o(!!!scatter)
    __scatterload_copy                       0x08000129   Thumb Code    26  __scatter_copy.o(!!handler_copy)
    __scatterload_zeroinit                   0x08000145   Thumb Code    28  __scatter_zi.o(!!handler_zi)
    _printf_f                                0x08000161   Thumb Code     0  _printf_f.o(.ARM.Collect$$_printf_percent$$00000003)
    _printf_percent                          0x08000161   Thumb Code     0  _printf_percent.o(.ARM.Collect$$_printf_percent$$00000000)
    _printf_d                                0x08000167   Thumb Code     0  _printf_d.o(.ARM.Collect$$_printf_percent$$00000009)
    _printf_percent_end                      0x0800016d   Thumb Code     0  _printf_percent_end.o(.ARM.Collect$$_printf_percent$$00000017)
    __rt_lib_init                            0x08000171   Thumb Code     0  libinit.o(.ARM.Collect$$libinit$$00000000)
    __rt_lib_init_fp_1                       0x08000173   Thumb Code     0  libinit2.o(.ARM.Collect$$libinit$$00000002)
    __rt_lib_init_heap_1                     0x08000173   Thumb Code     0  libinit2.o(.ARM.Collect$$libinit$$0000000A)
    __rt_lib_init_lc_common                  0x08000173   Thumb Code     0  libinit2.o(.ARM.Collect$$libinit$$0000000F)
    __rt_lib_init_preinit_1                  0x08000173   Thumb Code     0  libinit2.o(.ARM.Collect$$libinit$$00000004)
    __rt_lib_init_rand_1                     0x08000173   Thumb Code     0  libinit2.o(.ARM.Collect$$libinit$$0000000E)
    __rt_lib_init_user_alloc_1               0x08000173   Thumb Code     0  libinit2.o(.ARM.Collect$$libinit$$0000000C)
    __rt_lib_init_lc_collate_1               0x08000179   Thumb Code     0  libinit2.o(.ARM.Collect$$libinit$$00000011)
    __rt_lib_init_lc_ctype_2                 0x08000179   Thumb Code     0  libinit2.o(.ARM.Collect$$libinit$$00000012)
    __rt_lib_init_lc_ctype_1                 0x08000185   Thumb Code     0  libinit2.o(.ARM.Collect$$libinit$$00000013)
    __rt_lib_init_lc_monetary_1              0x08000185   Thumb Code     0  libinit2.o(.ARM.Collect$$libinit$$00000015)
    __rt_lib_init_lc_numeric_2               0x08000185   Thumb Code     0  libinit2.o(.ARM.Collect$$libinit$$00000016)
    __rt_lib_init_alloca_1                   0x0800018f   Thumb Code     0  libinit2.o(.ARM.Collect$$libinit$$0000002E)
    __rt_lib_init_argv_1                     0x0800018f   Thumb Code     0  libinit2.o(.ARM.Collect$$libinit$$0000002C)
    __rt_lib_init_atexit_1                   0x0800018f   Thumb Code     0  libinit2.o(.ARM.Collect$$libinit$$0000001B)
    __rt_lib_init_clock_1                    0x0800018f   Thumb Code     0  libinit2.o(.ARM.Collect$$libinit$$00000021)
    __rt_lib_init_cpp_1                      0x0800018f   Thumb Code     0  libinit2.o(.ARM.Collect$$libinit$$00000032)
    __rt_lib_init_exceptions_1               0x0800018f   Thumb Code     0  libinit2.o(.ARM.Collect$$libinit$$00000030)
    __rt_lib_init_fp_trap_1                  0x0800018f   Thumb Code     0  libinit2.o(.ARM.Collect$$libinit$$0000001F)
    __rt_lib_init_getenv_1                   0x0800018f   Thumb Code     0  libinit2.o(.ARM.Collect$$libinit$$00000023)
    __rt_lib_init_lc_numeric_1               0x0800018f   Thumb Code     0  libinit2.o(.ARM.Collect$$libinit$$00000017)
    __rt_lib_init_lc_time_1                  0x0800018f   Thumb Code     0  libinit2.o(.ARM.Collect$$libinit$$00000019)
    __rt_lib_init_return                     0x0800018f   Thumb Code     0  libinit2.o(.ARM.Collect$$libinit$$00000033)
    __rt_lib_init_signal_1                   0x0800018f   Thumb Code     0  libinit2.o(.ARM.Collect$$libinit$$0000001D)
    __rt_lib_init_stdio_1                    0x0800018f   Thumb Code     0  libinit2.o(.ARM.Collect$$libinit$$00000025)
    __rt_lib_shutdown                        0x08000191   Thumb Code     0  libshutdown.o(.ARM.Collect$$libshutdown$$00000000)
    __rt_lib_shutdown_cpp_1                  0x08000193   Thumb Code     0  libshutdown2.o(.ARM.Collect$$libshutdown$$00000004)
    __rt_lib_shutdown_fini_1                 0x08000193   Thumb Code     0  libshutdown2.o(.ARM.Collect$$libshutdown$$00000002)
    __rt_lib_shutdown_fp_trap_1              0x08000193   Thumb Code     0  libshutdown2.o(.ARM.Collect$$libshutdown$$00000009)
    __rt_lib_shutdown_heap_1                 0x08000193   Thumb Code     0  libshutdown2.o(.ARM.Collect$$libshutdown$$00000011)
    __rt_lib_shutdown_return                 0x08000193   Thumb Code     0  libshutdown2.o(.ARM.Collect$$libshutdown$$00000012)
    __rt_lib_shutdown_signal_1               0x08000193   Thumb Code     0  libshutdown2.o(.ARM.Collect$$libshutdown$$0000000C)
    __rt_lib_shutdown_stdio_1                0x08000193   Thumb Code     0  libshutdown2.o(.ARM.Collect$$libshutdown$$00000006)
    __rt_lib_shutdown_user_alloc_1           0x08000193   Thumb Code     0  libshutdown2.o(.ARM.Collect$$libshutdown$$0000000E)
    __rt_entry                               0x08000195   Thumb Code     0  __rtentry.o(.ARM.Collect$$rtentry$$00000000)
    __rt_entry_presh_1                       0x08000195   Thumb Code     0  __rtentry2.o(.ARM.Collect$$rtentry$$00000002)
    __rt_entry_sh                            0x08000195   Thumb Code     0  __rtentry4.o(.ARM.Collect$$rtentry$$00000004)
    __rt_entry_li                            0x0800019b   Thumb Code     0  __rtentry2.o(.ARM.Collect$$rtentry$$0000000A)
    __rt_entry_postsh_1                      0x0800019b   Thumb Code     0  __rtentry2.o(.ARM.Collect$$rtentry$$00000009)
    __rt_entry_main                          0x0800019f   Thumb Code     0  __rtentry2.o(.ARM.Collect$$rtentry$$0000000D)
    __rt_entry_postli_1                      0x0800019f   Thumb Code     0  __rtentry2.o(.ARM.Collect$$rtentry$$0000000C)
    __rt_exit                                0x080001a7   Thumb Code     0  rtexit.o(.ARM.Collect$$rtexit$$00000000)
    __rt_exit_ls                             0x080001a9   Thumb Code     0  rtexit2.o(.ARM.Collect$$rtexit$$00000003)
    __rt_exit_prels_1                        0x080001a9   Thumb Code     0  rtexit2.o(.ARM.Collect$$rtexit$$00000002)
    __rt_exit_exit                           0x080001ad   Thumb Code     0  rtexit2.o(.ARM.Collect$$rtexit$$00000004)
    Reset_Handler                            0x080001b5   Thumb Code     8  startup_stm32f10x_md.o(.text)
    ADC1_2_IRQHandler                        0x080001cf   Thumb Code     0  startup_stm32f10x_md.o(.text)
    CAN1_RX1_IRQHandler                      0x080001cf   Thumb Code     0  startup_stm32f10x_md.o(.text)
    CAN1_SCE_IRQHandler                      0x080001cf   Thumb Code     0  startup_stm32f10x_md.o(.text)
    DMA1_Channel1_IRQHandler                 0x080001cf   Thumb Code     0  startup_stm32f10x_md.o(.text)
    DMA1_Channel2_IRQHandler                 0x080001cf   Thumb Code     0  startup_stm32f10x_md.o(.text)
    DMA1_Channel3_IRQHandler                 0x080001cf   Thumb Code     0  startup_stm32f10x_md.o(.text)
    DMA1_Channel4_IRQHandler                 0x080001cf   Thumb Code     0  startup_stm32f10x_md.o(.text)
    DMA1_Channel5_IRQHandler                 0x080001cf   Thumb Code     0  startup_stm32f10x_md.o(.text)
    DMA1_Channel6_IRQHandler                 0x080001cf   Thumb Code     0  startup_stm32f10x_md.o(.text)
    DMA1_Channel7_IRQHandler                 0x080001cf   Thumb Code     0  startup_stm32f10x_md.o(.text)
    EXTI0_IRQHandler                         0x080001cf   Thumb Code     0  startup_stm32f10x_md.o(.text)
    EXTI15_10_IRQHandler                     0x080001cf   Thumb Code     0  startup_stm32f10x_md.o(.text)
    EXTI1_IRQHandler                         0x080001cf   Thumb Code     0  startup_stm32f10x_md.o(.text)
    EXTI2_IRQHandler                         0x080001cf   Thumb Code     0  startup_stm32f10x_md.o(.text)
    EXTI3_IRQHandler                         0x080001cf   Thumb Code     0  startup_stm32f10x_md.o(.text)
    EXTI4_IRQHandler                         0x080001cf   Thumb Code     0  startup_stm32f10x_md.o(.text)
    EXTI9_5_IRQHandler                       0x080001cf   Thumb Code     0  startup_stm32f10x_md.o(.text)
    FLASH_IRQHandler                         0x080001cf   Thumb Code     0  startup_stm32f10x_md.o(.text)
    I2C1_ER_IRQHandler                       0x080001cf   Thumb Code     0  startup_stm32f10x_md.o(.text)
    I2C1_EV_IRQHandler                       0x080001cf   Thumb Code     0  startup_stm32f10x_md.o(.text)
    I2C2_ER_IRQHandler                       0x080001cf   Thumb Code     0  startup_stm32f10x_md.o(.text)
    I2C2_EV_IRQHandler                       0x080001cf   Thumb Code     0  startup_stm32f10x_md.o(.text)
    PVD_IRQHandler                           0x080001cf   Thumb Code     0  startup_stm32f10x_md.o(.text)
    RCC_IRQHandler                           0x080001cf   Thumb Code     0  startup_stm32f10x_md.o(.text)
    RTCAlarm_IRQHandler                      0x080001cf   Thumb Code     0  startup_stm32f10x_md.o(.text)
    RTC_IRQHandler                           0x080001cf   Thumb Code     0  startup_stm32f10x_md.o(.text)
    SPI1_IRQHandler                          0x080001cf   Thumb Code     0  startup_stm32f10x_md.o(.text)
    SPI2_IRQHandler                          0x080001cf   Thumb Code     0  startup_stm32f10x_md.o(.text)
    TAMPER_IRQHandler                        0x080001cf   Thumb Code     0  startup_stm32f10x_md.o(.text)
    TIM1_BRK_IRQHandler                      0x080001cf   Thumb Code     0  startup_stm32f10x_md.o(.text)
    TIM1_CC_IRQHandler                       0x080001cf   Thumb Code     0  startup_stm32f10x_md.o(.text)
    TIM1_TRG_COM_IRQHandler                  0x080001cf   Thumb Code     0  startup_stm32f10x_md.o(.text)
    TIM1_UP_IRQHandler                       0x080001cf   Thumb Code     0  startup_stm32f10x_md.o(.text)
    TIM2_IRQHandler                          0x080001cf   Thumb Code     0  startup_stm32f10x_md.o(.text)
    TIM3_IRQHandler                          0x080001cf   Thumb Code     0  startup_stm32f10x_md.o(.text)
    TIM4_IRQHandler                          0x080001cf   Thumb Code     0  startup_stm32f10x_md.o(.text)
    USART2_IRQHandler                        0x080001cf   Thumb Code     0  startup_stm32f10x_md.o(.text)
    USART3_IRQHandler                        0x080001cf   Thumb Code     0  startup_stm32f10x_md.o(.text)
    USBWakeUp_IRQHandler                     0x080001cf   Thumb Code     0  startup_stm32f10x_md.o(.text)
    USB_HP_CAN1_TX_IRQHandler                0x080001cf   Thumb Code     0  startup_stm32f10x_md.o(.text)
    USB_LP_CAN1_RX0_IRQHandler               0x080001cf   Thumb Code     0  startup_stm32f10x_md.o(.text)
    WWDG_IRQHandler                          0x080001cf   Thumb Code     0  startup_stm32f10x_md.o(.text)
    __user_initial_stackheap                 0x080001d1   Thumb Code     0  startup_stm32f10x_md.o(.text)
    __2sprintf                               0x080001f5   Thumb Code    34  noretval__2sprintf.o(.text)
    _printf_int_dec                          0x0800021d   Thumb Code   104  _printf_dec.o(.text)
    __printf                                 0x08000295   Thumb Code   270  __printf_wp.o(.text)
    atoi                                     0x080003a3   Thumb Code    26  atoi.o(.text)
    strtok                                   0x080003bd   Thumb Code     6  strtok.o(.text)
    strncmp                                  0x080003c9   Thumb Code   150  strncmp.o(.text)
    strncpy                                  0x0800045f   Thumb Code    86  strncpy.o(.text)
    __use_two_region_memory                  0x080004b5   Thumb Code     2  heapauxi.o(.text)
    __rt_heap_escrow$2region                 0x080004b7   Thumb Code     2  heapauxi.o(.text)
    __rt_heap_expand$2region                 0x080004b9   Thumb Code     2  heapauxi.o(.text)
    __aeabi_errno_addr                       0x080004bd   Thumb Code     8  rt_errno_addr_intlibspace.o(.text)
    __errno$intlibspace                      0x080004bd   Thumb Code     0  rt_errno_addr_intlibspace.o(.text)
    __rt_errno_addr$intlibspace              0x080004bd   Thumb Code     0  rt_errno_addr_intlibspace.o(.text)
    _printf_int_common                       0x080004c5   Thumb Code   178  _printf_intcommon.o(.text)
    __lib_sel_fp_printf                      0x08000577   Thumb Code     2  _printf_fp_dec.o(.text)
    _printf_fp_dec_real                      0x08000729   Thumb Code   620  _printf_fp_dec.o(.text)
    _printf_char_common                      0x0800099f   Thumb Code    32  _printf_char_common.o(.text)
    _sputc                                   0x080009c5   Thumb Code    10  _sputc.o(.text)
    strtol                                   0x080009cf   Thumb Code   112  strtol.o(.text)
    __strtok_internal                        0x08000a41   Thumb Code    64  strtok_int.o(.text)
    __aeabi_memclr                           0x08000a85   Thumb Code     0  rt_memclr.o(.text)
    __rt_memclr                              0x08000a85   Thumb Code    68  rt_memclr.o(.text)
    _memset                                  0x08000a89   Thumb Code     0  rt_memclr.o(.text)
    __user_libspace                          0x08000ac9   Thumb Code     8  libspace.o(.text)
    __user_perproc_libspace                  0x08000ac9   Thumb Code     0  libspace.o(.text)
    __user_perthread_libspace                0x08000ac9   Thumb Code     0  libspace.o(.text)
    __rt_ctype_table                         0x08000ad1   Thumb Code    16  rt_ctype_table.o(.text)
    __rt_locale                              0x08000ae1   Thumb Code     8  rt_locale_intlibspace.o(.text)
    _ll_udiv10                               0x08000ae9   Thumb Code   138  lludiv10.o(.text)
    _printf_fp_infnan                        0x08000b75   Thumb Code   112  _printf_fp_infnan.o(.text)
    _strtoul                                 0x08000bf5   Thumb Code   158  _strtoul.o(.text)
    _btod_etento                             0x08000c95   Thumb Code   224  bigflt0.o(.text)
    strcspn                                  0x08000d79   Thumb Code    32  strcspn.o(.text)
    strspn                                   0x08000d99   Thumb Code    28  strspn.o(.text)
    __aeabi_memclr4                          0x08000db5   Thumb Code     0  rt_memclr_w.o(.text)
    __aeabi_memclr8                          0x08000db5   Thumb Code     0  rt_memclr_w.o(.text)
    __rt_memclr_w                            0x08000db5   Thumb Code    78  rt_memclr_w.o(.text)
    _memset_w                                0x08000db9   Thumb Code     0  rt_memclr_w.o(.text)
    __user_setup_stackheap                   0x08000e03   Thumb Code    74  sys_stackheap_outer.o(.text)
    _chval                                   0x08000e4d   Thumb Code    28  _chval.o(.text)
    exit                                     0x08000e69   Thumb Code    18  exit.o(.text)
    strcmp                                   0x08000e7d   Thumb Code   128  strcmpv7m.o(.text)
    _sys_exit                                0x08000efd   Thumb Code     8  sys_exit.o(.text)
    __I$use$semihosting                      0x08000f09   Thumb Code     0  use_no_semi.o(.text)
    __use_no_semihosting_swi                 0x08000f09   Thumb Code     2  use_no_semi.o(.text)
    __semihosting_library_function           0x08000f0b   Thumb Code     0  indicate_semi.o(.text)
    _btod_d2e                                0x08000f0b   Thumb Code    62  btod.o(CL$$btod_d2e)
    _d2e_denorm_low                          0x08000f49   Thumb Code    70  btod.o(CL$$btod_d2e_denorm_low)
    _d2e_norm_op1                            0x08000f8f   Thumb Code    96  btod.o(CL$$btod_d2e_norm_op1)
    __btod_div_common                        0x08000fef   Thumb Code   696  btod.o(CL$$btod_div_common)
    _e2e                                     0x08001327   Thumb Code   220  btod.o(CL$$btod_e2e)
    _btod_ediv                               0x08001403   Thumb Code    42  btod.o(CL$$btod_ediv)
    _btod_emul                               0x0800142d   Thumb Code    42  btod.o(CL$$btod_emul)
    __btod_mult_common                       0x08001457   Thumb Code   580  btod.o(CL$$btod_mult_common)
    BusFault_Handler                         0x0800169b   Thumb Code     2  stm32f10x_it.o(i.BusFault_Handler)
    DebugMon_Handler                         0x0800169d   Thumb Code     2  stm32f10x_it.o(i.DebugMon_Handler)
    Delay_Init                               0x080016a1   Thumb Code    46  delay.o(i.Delay_Init)
    Delay_ms                                 0x080016dd   Thumb Code    46  delay.o(i.Delay_ms)
    GPIO_Init                                0x08001725   Thumb Code   166  stm32f10x_gpio.o(i.GPIO_Init)
    GPIO_ReadInputDataBit                    0x080017cb   Thumb Code    14  stm32f10x_gpio.o(i.GPIO_ReadInputDataBit)
    GPIO_ResetBits                           0x080017d9   Thumb Code     4  stm32f10x_gpio.o(i.GPIO_ResetBits)
    GPIO_SetBits                             0x080017dd   Thumb Code     4  stm32f10x_gpio.o(i.GPIO_SetBits)
    GimbalPID_GetXAngle                      0x08001875   Thumb Code     6  gimbalpid.o(i.GimbalPID_GetXAngle)
    GimbalPID_GetXOut                        0x08001881   Thumb Code     6  gimbalpid.o(i.GimbalPID_GetXOut)
    GimbalPID_GetYAngle                      0x0800188d   Thumb Code     6  gimbalpid.o(i.GimbalPID_GetYAngle)
    GimbalPID_GetYOut                        0x08001899   Thumb Code     6  gimbalpid.o(i.GimbalPID_GetYOut)
    GimbalPID_Init                           0x080018a5   Thumb Code    86  gimbalpid.o(i.GimbalPID_Init)
    GimbalPID_Reset                          0x08001921   Thumb Code    56  gimbalpid.o(i.GimbalPID_Reset)
    GimbalPID_Update                         0x08001969   Thumb Code   180  gimbalpid.o(i.GimbalPID_Update)
    HardFault_Handler                        0x08001a39   Thumb Code     2  stm32f10x_it.o(i.HardFault_Handler)
    K230_ResetVision                         0x08001aad   Thumb Code     6  k230_uart.o(i.K230_ResetVision)
    K230_Run                                 0x08001ac1   Thumb Code    32  k230_uart.o(i.K230_Run)
    K230_SetMode                             0x08001aed   Thumb Code    24  k230_uart.o(i.K230_SetMode)
    K230_Stop                                0x08001b11   Thumb Code     6  k230_uart.o(i.K230_Stop)
    K230_Uart_ClearFrameFlag                 0x08001b25   Thumb Code     8  k230_uart.o(i.K230_Uart_ClearFrameFlag)
    K230_Uart_GetDx                          0x08001b31   Thumb Code     8  k230_uart.o(i.K230_Uart_GetDx)
    K230_Uart_GetDy                          0x08001b3d   Thumb Code     8  k230_uart.o(i.K230_Uart_GetDy)
    K230_Uart_GetFrameFlag                   0x08001b49   Thumb Code     6  k230_uart.o(i.K230_Uart_GetFrameFlag)
    K230_Uart_Init                           0x08001b55   Thumb Code   168  k230_uart.o(i.K230_Uart_Init)
    K230_Uart_SendString                     0x08001c05   Thumb Code    36  k230_uart.o(i.K230_Uart_SendString)
    Key_Init                                 0x08001c2d   Thumb Code    40  key.o(i.Key_Init)
    Key_Scan                                 0x08001c59   Thumb Code   188  key.o(i.Key_Scan)
    MemManage_Handler                        0x08001d45   Thumb Code     2  stm32f10x_it.o(i.MemManage_Handler)
    NMI_Handler                              0x08001d47   Thumb Code     2  stm32f10x_it.o(i.NMI_Handler)
    NVIC_Init                                0x08001d49   Thumb Code    96  misc.o(i.NVIC_Init)
    NVIC_PriorityGroupConfig                 0x08001dad   Thumb Code    10  misc.o(i.NVIC_PriorityGroupConfig)
    PWM_Init                                 0x08001e61   Thumb Code   206  pwm.o(i.PWM_Init)
    PWM_SetCompare1                          0x08001f39   Thumb Code     8  pwm.o(i.PWM_SetCompare1)
    PWM_SetCompare2                          0x08001f45   Thumb Code     8  pwm.o(i.PWM_SetCompare2)
    PWM_SetCompare3                          0x08001f51   Thumb Code     8  pwm.o(i.PWM_SetCompare3)
    PWM_SetCompare4                          0x08001f5d   Thumb Code     8  pwm.o(i.PWM_SetCompare4)
    PendSV_Handler                           0x08001f69   Thumb Code     2  stm32f10x_it.o(i.PendSV_Handler)
    Question1_Init                           0x080020f5   Thumb Code    96  question1.o(i.Question1_Init)
    Question1_Reset                          0x08002159   Thumb Code    74  question1.o(i.Question1_Reset)
    Question1_SetRunState                    0x080021a9   Thumb Code    56  question1.o(i.Question1_SetRunState)
    Question1_ShowRunPage                    0x080021e5   Thumb Code   184  question1.o(i.Question1_ShowRunPage)
    Question1_Task                           0x080022e1   Thumb Code   220  question1.o(i.Question1_Task)
    RCC_APB1PeriphClockCmd                   0x08002401   Thumb Code    22  stm32f10x_rcc.o(i.RCC_APB1PeriphClockCmd)
    RCC_APB2PeriphClockCmd                   0x0800241d   Thumb Code    22  stm32f10x_rcc.o(i.RCC_APB2PeriphClockCmd)
    RCC_GetClocksFreq                        0x08002439   Thumb Code   154  stm32f10x_rcc.o(i.RCC_GetClocksFreq)
    SPI_Cmd                                  0x0800251d   Thumb Code    24  stm32f10x_spi.o(i.SPI_Cmd)
    SPI_I2S_GetFlagStatus                    0x08002535   Thumb Code    14  stm32f10x_spi.o(i.SPI_I2S_GetFlagStatus)
    SPI_I2S_SendData                         0x08002543   Thumb Code     4  stm32f10x_spi.o(i.SPI_I2S_SendData)
    SPI_Init                                 0x08002547   Thumb Code    56  stm32f10x_spi.o(i.SPI_Init)
    SPI_Write                                0x08002581   Thumb Code    40  tft_spi.o(i.SPI_Write)
    SVC_Handler                              0x080025ad   Thumb Code     2  stm32f10x_it.o(i.SVC_Handler)
    Servo_Init                               0x080025e9   Thumb Code    36  servo.o(i.Servo_Init)
    Servo_SetAngle_GX                        0x08002611   Thumb Code    14  servo.o(i.Servo_SetAngle_GX)
    Servo_SetAngle_GY                        0x0800261f   Thumb Code    14  servo.o(i.Servo_SetAngle_GY)
    Servo_SetAngle_X                         0x0800262d   Thumb Code    14  servo.o(i.Servo_SetAngle_X)
    Servo_SetAngle_Y                         0x0800263b   Thumb Code    14  servo.o(i.Servo_SetAngle_Y)
    Show_DetailBottomBar                     0x080026fd   Thumb Code   344  menumain.o(i.Show_DetailBottomBar)
    Show_DetailPage                          0x080028d1   Thumb Code   162  menumain.o(i.Show_DetailPage)
    Show_ListMenu                            0x080029b1   Thumb Code   254  menumain.o(i.Show_ListMenu)
    Show_MainMenu                            0x08002af5   Thumb Code   144  menumain.o(i.Show_MainMenu)
    Show_RunHintBar                          0x08002bb1   Thumb Code    38  menumain.o(i.Show_RunHintBar)
    SysTick_CLKSourceConfig                  0x08002c03   Thumb Code    28  misc.o(i.SysTick_CLKSourceConfig)
    SysTick_Handler                          0x08002c1f   Thumb Code     2  stm32f10x_it.o(i.SysTick_Handler)
    SystemInit                               0x08002c21   Thumb Code    64  system_stm32f10x.o(i.SystemInit)
    TFT_Clear                                0x08002c71   Thumb Code    90  tft_spi.o(i.TFT_Clear)
    TFT_ClearRect                            0x08002cd1   Thumb Code   120  tft_spi.o(i.TFT_ClearRect)
    TFT_DrawPoint                            0x08002d4d   Thumb Code    66  tft_spi.o(i.TFT_DrawPoint)
    TFT_FillBlock                            0x08002d95   Thumb Code    58  tft_spi.o(i.TFT_FillBlock)
    TFT_Init                                 0x08002dd1   Thumb Code   632  tft_spi.o(i.TFT_Init)
    TFT_SetWindow                            0x08003055   Thumb Code    94  tft_spi.o(i.TFT_SetWindow)
    TFT_ShowChar                             0x080030b5   Thumb Code    86  tft_spi.o(i.TFT_ShowChar)
    TFT_ShowString                           0x08003111   Thumb Code    88  tft_spi.o(i.TFT_ShowString)
    TFT_Write_Cmd                            0x08003169   Thumb Code    40  tft_spi.o(i.TFT_Write_Cmd)
    TFT_Write_Data                           0x08003195   Thumb Code    40  tft_spi.o(i.TFT_Write_Data)
    TIM_ARRPreloadConfig                     0x080031c1   Thumb Code    24  stm32f10x_tim.o(i.TIM_ARRPreloadConfig)
    TIM_Cmd                                  0x080031d9   Thumb Code    24  stm32f10x_tim.o(i.TIM_Cmd)
    TIM_InternalClockConfig                  0x080031f1   Thumb Code    10  stm32f10x_tim.o(i.TIM_InternalClockConfig)
    TIM_OC1Init                              0x080031fd   Thumb Code   114  stm32f10x_tim.o(i.TIM_OC1Init)
    TIM_OC1PreloadConfig                     0x08003285   Thumb Code    12  stm32f10x_tim.o(i.TIM_OC1PreloadConfig)
    TIM_OC2Init                              0x08003291   Thumb Code   128  stm32f10x_tim.o(i.TIM_OC2Init)
    TIM_OC2PreloadConfig                     0x08003319   Thumb Code    20  stm32f10x_tim.o(i.TIM_OC2PreloadConfig)
    TIM_OC3Init                              0x0800332d   Thumb Code   124  stm32f10x_tim.o(i.TIM_OC3Init)
    TIM_OC3PreloadConfig                     0x080033b1   Thumb Code    12  stm32f10x_tim.o(i.TIM_OC3PreloadConfig)
    TIM_OC4Init                              0x080033bd   Thumb Code    94  stm32f10x_tim.o(i.TIM_OC4Init)
    TIM_OC4PreloadConfig                     0x08003425   Thumb Code    20  stm32f10x_tim.o(i.TIM_OC4PreloadConfig)
    TIM_OCStructInit                         0x08003439   Thumb Code    20  stm32f10x_tim.o(i.TIM_OCStructInit)
    TIM_SetCompare1                          0x0800344d   Thumb Code     4  stm32f10x_tim.o(i.TIM_SetCompare1)
    TIM_SetCompare2                          0x08003451   Thumb Code     4  stm32f10x_tim.o(i.TIM_SetCompare2)
    TIM_SetCompare3                          0x08003455   Thumb Code     4  stm32f10x_tim.o(i.TIM_SetCompare3)
    TIM_SetCompare4                          0x08003459   Thumb Code     6  stm32f10x_tim.o(i.TIM_SetCompare4)
    TIM_TimeBaseInit                         0x08003461   Thumb Code   114  stm32f10x_tim.o(i.TIM_TimeBaseInit)
    USART1_IRQHandler                        0x080034fd   Thumb Code   100  k230_uart.o(i.USART1_IRQHandler)
    USART_ClearITPendingBit                  0x0800356d   Thumb Code    16  stm32f10x_usart.o(i.USART_ClearITPendingBit)
    USART_Cmd                                0x0800357d   Thumb Code    24  stm32f10x_usart.o(i.USART_Cmd)
    USART_GetFlagStatus                      0x08003595   Thumb Code    14  stm32f10x_usart.o(i.USART_GetFlagStatus)
    USART_GetITStatus                        0x080035a3   Thumb Code    64  stm32f10x_usart.o(i.USART_GetITStatus)
    USART_ITConfig                           0x080035e3   Thumb Code    54  stm32f10x_usart.o(i.USART_ITConfig)
    USART_Init                               0x08003619   Thumb Code   182  stm32f10x_usart.o(i.USART_Init)
    USART_ReceiveData                        0x080036d5   Thumb Code     8  stm32f10x_usart.o(i.USART_ReceiveData)
    USART_SendData                           0x080036dd   Thumb Code     8  stm32f10x_usart.o(i.USART_SendData)
    UsageFault_Handler                       0x080036e5   Thumb Code     2  stm32f10x_it.o(i.UsageFault_Handler)
    __ARM_fpclassify                         0x080036e7   Thumb Code    40  fpclassify.o(i.__ARM_fpclassify)
    _is_digit                                0x0800370f   Thumb Code    14  __printf_wp.o(i._is_digit)
    main                                     0x0800371d   Thumb Code   518  menumain.o(i.main)
    _get_lc_numeric                          0x08003929   Thumb Code    44  lc_numeric_c.o(locale$$code)
    _get_lc_ctype                            0x08003955   Thumb Code    44  lc_ctype_c.o(locale$$code)
    __fpl_dretinf                            0x08003981   Thumb Code    12  dretinf.o(x$fpl$dretinf)
    __aeabi_f2d                              0x0800398d   Thumb Code     0  f2d.o(x$fpl$f2d)
    _f2d                                     0x0800398d   Thumb Code    86  f2d.o(x$fpl$f2d)
    __aeabi_fadd                             0x080039e5   Thumb Code     0  faddsub_clz.o(x$fpl$fadd)
    _fadd                                    0x080039e5   Thumb Code   196  faddsub_clz.o(x$fpl$fadd)
    __fpl_fcmp_Inf                           0x08003aa9   Thumb Code    24  fcmpi.o(x$fpl$fcmpinf)
    __aeabi_fdiv                             0x08003ac1   Thumb Code     0  fdiv.o(x$fpl$fdiv)
    _fdiv                                    0x08003ac1   Thumb Code   384  fdiv.o(x$fpl$fdiv)
    __aeabi_f2uiz                            0x08003c45   Thumb Code     0  ffixu.o(x$fpl$ffixu)
    _ffixu                                   0x08003c45   Thumb Code    62  ffixu.o(x$fpl$ffixu)
    __aeabi_i2f                              0x08003c85   Thumb Code     0  fflt_clz.o(x$fpl$fflt)
    _fflt                                    0x08003c85   Thumb Code    48  fflt_clz.o(x$fpl$fflt)
    __aeabi_cfcmple                          0x08003cb5   Thumb Code     0  fleqf.o(x$fpl$fleqf)
    _fcmple                                  0x08003cb5   Thumb Code   104  fleqf.o(x$fpl$fleqf)
    __fpl_fcmple_InfNaN                      0x08003d07   Thumb Code     0  fleqf.o(x$fpl$fleqf)
    __aeabi_fmul                             0x08003d1d   Thumb Code     0  fmul.o(x$fpl$fmul)
    _fmul                                    0x08003d1d   Thumb Code   258  fmul.o(x$fpl$fmul)
    __fpl_fnaninf                            0x08003e1f   Thumb Code   140  fnaninf.o(x$fpl$fnaninf)
    __fpl_fretinf                            0x08003eab   Thumb Code    10  fretinf.o(x$fpl$fretinf)
    __aeabi_cfrcmple                         0x08003eb5   Thumb Code     0  frleqf.o(x$fpl$frleqf)
    _frcmple                                 0x08003eb5   Thumb Code    98  frleqf.o(x$fpl$frleqf)
    __aeabi_fsub                             0x08003f19   Thumb Code     0  faddsub_clz.o(x$fpl$fsub)
    _fsub                                    0x08003f19   Thumb Code   234  faddsub_clz.o(x$fpl$fsub)
    _printf_fp_dec                           0x08004003   Thumb Code     4  printf1.o(x$fpl$printf1)
    ASCII_8x8                                0x08004006   Data         760  tft_spi.o(.constdata)
    __I$use$fp                               0x08004006   Number         0  usenofp.o(x$fpl$usenofp)
    Region$$Table$$Base                      0x0800445c   Number         0  anon$$obj.o(Region$$Table)
    Region$$Table$$Limit                     0x0800447c   Number         0  anon$$obj.o(Region$$Table)
    __ctype                                  0x080044a5   Data           0  lc_ctype_c.o(locale$$data)
    SystemCoreClock                          0x20000000   Data           4  system_stm32f10x.o(.data)
    AHBPrescTable                            0x20000004   Data          16  system_stm32f10x.o(.data)
    __libspace_start                         0x20000174   Data          96  libspace.o(.bss)
    __temporary_stack_top$libspace           0x200001d4   Data           0  libspace.o(.bss)



==============================================================================

Memory Map of the image

  Image Entry point : 0x080000ed

  Load Region LR_IROM1 (Base: 0x08000000, Size: 0x00004694, Max: 0x00010000, ABSOLUTE)

    Execution Region ER_IROM1 (Exec base: 0x08000000, Load base: 0x08000000, Size: 0x000045a8, Max: 0x00010000, ABSOLUTE)

    Exec Addr    Load Addr    Size         Type   Attr      Idx    E Section Name        Object

    0x08000000   0x08000000   0x000000ec   Data   RO            3    RESET               startup_stm32f10x_md.o
    0x080000ec   0x080000ec   0x00000008   Code   RO         3850  * !!!main             c_w.l(__main.o)
    0x080000f4   0x080000f4   0x00000034   Code   RO         4128    !!!scatter          c_w.l(__scatter.o)
    0x08000128   0x08000128   0x0000001a   Code   RO         4130    !!handler_copy      c_w.l(__scatter_copy.o)
    0x08000142   0x08000142   0x00000002   PAD
    0x08000144   0x08000144   0x0000001c   Code   RO         4132    !!handler_zi        c_w.l(__scatter_zi.o)
    0x08000160   0x08000160   0x00000000   Code   RO         3838    .ARM.Collect$$_printf_percent$$00000000  c_w.l(_printf_percent.o)
    0x08000160   0x08000160   0x00000006   Code   RO         3837    .ARM.Collect$$_printf_percent$$00000003  c_w.l(_printf_f.o)
    0x08000166   0x08000166   0x00000006   Code   RO         3836    .ARM.Collect$$_printf_percent$$00000009  c_w.l(_printf_d.o)
    0x0800016c   0x0800016c   0x00000004   Code   RO         3896    .ARM.Collect$$_printf_percent$$00000017  c_w.l(_printf_percent_end.o)
    0x08000170   0x08000170   0x00000002   Code   RO         3999    .ARM.Collect$$libinit$$00000000  c_w.l(libinit.o)
    0x08000172   0x08000172   0x00000000   Code   RO         4001    .ARM.Collect$$libinit$$00000002  c_w.l(libinit2.o)
    0x08000172   0x08000172   0x00000000   Code   RO         4003    .ARM.Collect$$libinit$$00000004  c_w.l(libinit2.o)
    0x08000172   0x08000172   0x00000000   Code   RO         4006    .ARM.Collect$$libinit$$0000000A  c_w.l(libinit2.o)
    0x08000172   0x08000172   0x00000000   Code   RO         4008    .ARM.Collect$$libinit$$0000000C  c_w.l(libinit2.o)
    0x08000172   0x08000172   0x00000000   Code   RO         4010    .ARM.Collect$$libinit$$0000000E  c_w.l(libinit2.o)
    0x08000172   0x08000172   0x00000006   Code   RO         4011    .ARM.Collect$$libinit$$0000000F  c_w.l(libinit2.o)
    0x08000178   0x08000178   0x00000000   Code   RO         4013    .ARM.Collect$$libinit$$00000011  c_w.l(libinit2.o)
    0x08000178   0x08000178   0x0000000c   Code   RO         4014    .ARM.Collect$$libinit$$00000012  c_w.l(libinit2.o)
    0x08000184   0x08000184   0x00000000   Code   RO         4015    .ARM.Collect$$libinit$$00000013  c_w.l(libinit2.o)
    0x08000184   0x08000184   0x00000000   Code   RO         4017    .ARM.Collect$$libinit$$00000015  c_w.l(libinit2.o)
    0x08000184   0x08000184   0x0000000a   Code   RO         4018    .ARM.Collect$$libinit$$00000016  c_w.l(libinit2.o)
    0x0800018e   0x0800018e   0x00000000   Code   RO         4019    .ARM.Collect$$libinit$$00000017  c_w.l(libinit2.o)
    0x0800018e   0x0800018e   0x00000000   Code   RO         4021    .ARM.Collect$$libinit$$00000019  c_w.l(libinit2.o)
    0x0800018e   0x0800018e   0x00000000   Code   RO         4023    .ARM.Collect$$libinit$$0000001B  c_w.l(libinit2.o)
    0x0800018e   0x0800018e   0x00000000   Code   RO         4025    .ARM.Collect$$libinit$$0000001D  c_w.l(libinit2.o)
    0x0800018e   0x0800018e   0x00000000   Code   RO         4027    .ARM.Collect$$libinit$$0000001F  c_w.l(libinit2.o)
    0x0800018e   0x0800018e   0x00000000   Code   RO         4029    .ARM.Collect$$libinit$$00000021  c_w.l(libinit2.o)
    0x0800018e   0x0800018e   0x00000000   Code   RO         4031    .ARM.Collect$$libinit$$00000023  c_w.l(libinit2.o)
    0x0800018e   0x0800018e   0x00000000   Code   RO         4033    .ARM.Collect$$libinit$$00000025  c_w.l(libinit2.o)
    0x0800018e   0x0800018e   0x00000000   Code   RO         4037    .ARM.Collect$$libinit$$0000002C  c_w.l(libinit2.o)
    0x0800018e   0x0800018e   0x00000000   Code   RO         4039    .ARM.Collect$$libinit$$0000002E  c_w.l(libinit2.o)
    0x0800018e   0x0800018e   0x00000000   Code   RO         4041    .ARM.Collect$$libinit$$00000030  c_w.l(libinit2.o)
    0x0800018e   0x0800018e   0x00000000   Code   RO         4043    .ARM.Collect$$libinit$$00000032  c_w.l(libinit2.o)
    0x0800018e   0x0800018e   0x00000002   Code   RO         4044    .ARM.Collect$$libinit$$00000033  c_w.l(libinit2.o)
    0x08000190   0x08000190   0x00000002   Code   RO         4074    .ARM.Collect$$libshutdown$$00000000  c_w.l(libshutdown.o)
    0x08000192   0x08000192   0x00000000   Code   RO         4085    .ARM.Collect$$libshutdown$$00000002  c_w.l(libshutdown2.o)
    0x08000192   0x08000192   0x00000000   Code   RO         4087    .ARM.Collect$$libshutdown$$00000004  c_w.l(libshutdown2.o)
    0x08000192   0x08000192   0x00000000   Code   RO         4089    .ARM.Collect$$libshutdown$$00000006  c_w.l(libshutdown2.o)
    0x08000192   0x08000192   0x00000000   Code   RO         4092    .ARM.Collect$$libshutdown$$00000009  c_w.l(libshutdown2.o)
    0x08000192   0x08000192   0x00000000   Code   RO         4095    .ARM.Collect$$libshutdown$$0000000C  c_w.l(libshutdown2.o)
    0x08000192   0x08000192   0x00000000   Code   RO         4097    .ARM.Collect$$libshutdown$$0000000E  c_w.l(libshutdown2.o)
    0x08000192   0x08000192   0x00000000   Code   RO         4100    .ARM.Collect$$libshutdown$$00000011  c_w.l(libshutdown2.o)
    0x08000192   0x08000192   0x00000002   Code   RO         4101    .ARM.Collect$$libshutdown$$00000012  c_w.l(libshutdown2.o)
    0x08000194   0x08000194   0x00000000   Code   RO         3882    .ARM.Collect$$rtentry$$00000000  c_w.l(__rtentry.o)
    0x08000194   0x08000194   0x00000000   Code   RO         3916    .ARM.Collect$$rtentry$$00000002  c_w.l(__rtentry2.o)
    0x08000194   0x08000194   0x00000006   Code   RO         3928    .ARM.Collect$$rtentry$$00000004  c_w.l(__rtentry4.o)
    0x0800019a   0x0800019a   0x00000000   Code   RO         3918    .ARM.Collect$$rtentry$$00000009  c_w.l(__rtentry2.o)
    0x0800019a   0x0800019a   0x00000004   Code   RO         3919    .ARM.Collect$$rtentry$$0000000A  c_w.l(__rtentry2.o)
    0x0800019e   0x0800019e   0x00000000   Code   RO         3921    .ARM.Collect$$rtentry$$0000000C  c_w.l(__rtentry2.o)
    0x0800019e   0x0800019e   0x00000008   Code   RO         3922    .ARM.Collect$$rtentry$$0000000D  c_w.l(__rtentry2.o)
    0x080001a6   0x080001a6   0x00000002   Code   RO         4045    .ARM.Collect$$rtexit$$00000000  c_w.l(rtexit.o)
    0x080001a8   0x080001a8   0x00000000   Code   RO         4052    .ARM.Collect$$rtexit$$00000002  c_w.l(rtexit2.o)
    0x080001a8   0x080001a8   0x00000004   Code   RO         4053    .ARM.Collect$$rtexit$$00000003  c_w.l(rtexit2.o)
    0x080001ac   0x080001ac   0x00000006   Code   RO         4054    .ARM.Collect$$rtexit$$00000004  c_w.l(rtexit2.o)
    0x080001b2   0x080001b2   0x00000002   PAD
    0x080001b4   0x080001b4   0x00000040   Code   RO            4    .text               startup_stm32f10x_md.o
    0x080001f4   0x080001f4   0x00000028   Code   RO         3810    .text               c_w.l(noretval__2sprintf.o)
    0x0800021c   0x0800021c   0x00000078   Code   RO         3814    .text               c_w.l(_printf_dec.o)
    0x08000294   0x08000294   0x0000010e   Code   RO         3824    .text               c_w.l(__printf_wp.o)
    0x080003a2   0x080003a2   0x0000001a   Code   RO         3839    .text               c_w.l(atoi.o)
    0x080003bc   0x080003bc   0x0000000c   Code   RO         3841    .text               c_w.l(strtok.o)
    0x080003c8   0x080003c8   0x00000096   Code   RO         3844    .text               c_w.l(strncmp.o)
    0x0800045e   0x0800045e   0x00000056   Code   RO         3846    .text               c_w.l(strncpy.o)
    0x080004b4   0x080004b4   0x00000006   Code   RO         3848    .text               c_w.l(heapauxi.o)
    0x080004ba   0x080004ba   0x00000002   PAD
    0x080004bc   0x080004bc   0x00000008   Code   RO         3886    .text               c_w.l(rt_errno_addr_intlibspace.o)
    0x080004c4   0x080004c4   0x000000b2   Code   RO         3888    .text               c_w.l(_printf_intcommon.o)
    0x08000576   0x08000576   0x0000041e   Code   RO         3890    .text               c_w.l(_printf_fp_dec.o)
    0x08000994   0x08000994   0x00000030   Code   RO         3892    .text               c_w.l(_printf_char_common.o)
    0x080009c4   0x080009c4   0x0000000a   Code   RO         3894    .text               c_w.l(_sputc.o)
    0x080009ce   0x080009ce   0x00000070   Code   RO         3897    .text               c_w.l(strtol.o)
    0x08000a3e   0x08000a3e   0x00000002   PAD
    0x08000a40   0x08000a40   0x00000044   Code   RO         3899    .text               c_w.l(strtok_int.o)
    0x08000a84   0x08000a84   0x00000044   Code   RO         3901    .text               c_w.l(rt_memclr.o)
    0x08000ac8   0x08000ac8   0x00000008   Code   RO         3912    .text               c_w.l(libspace.o)
    0x08000ad0   0x08000ad0   0x00000010   Code   RO         3930    .text               c_w.l(rt_ctype_table.o)
    0x08000ae0   0x08000ae0   0x00000008   Code   RO         3935    .text               c_w.l(rt_locale_intlibspace.o)
    0x08000ae8   0x08000ae8   0x0000008a   Code   RO         3937    .text               c_w.l(lludiv10.o)
    0x08000b72   0x08000b72   0x00000002   PAD
    0x08000b74   0x08000b74   0x00000080   Code   RO         3939    .text               c_w.l(_printf_fp_infnan.o)
    0x08000bf4   0x08000bf4   0x0000009e   Code   RO         3943    .text               c_w.l(_strtoul.o)
    0x08000c92   0x08000c92   0x00000002   PAD
    0x08000c94   0x08000c94   0x000000e4   Code   RO         3945    .text               c_w.l(bigflt0.o)
    0x08000d78   0x08000d78   0x00000020   Code   RO         3973    .text               c_w.l(strcspn.o)
    0x08000d98   0x08000d98   0x0000001c   Code   RO         3975    .text               c_w.l(strspn.o)
    0x08000db4   0x08000db4   0x0000004e   Code   RO         3977    .text               c_w.l(rt_memclr_w.o)
    0x08000e02   0x08000e02   0x0000004a   Code   RO         3983    .text               c_w.l(sys_stackheap_outer.o)
    0x08000e4c   0x08000e4c   0x0000001c   Code   RO         3985    .text               c_w.l(_chval.o)
    0x08000e68   0x08000e68   0x00000012   Code   RO         3990    .text               c_w.l(exit.o)
    0x08000e7a   0x08000e7a   0x00000002   PAD
    0x08000e7c   0x08000e7c   0x00000080   Code   RO         3992    .text               c_w.l(strcmpv7m.o)
    0x08000efc   0x08000efc   0x0000000c   Code   RO         4064    .text               c_w.l(sys_exit.o)
    0x08000f08   0x08000f08   0x00000002   Code   RO         4075    .text               c_w.l(use_no_semi.o)
    0x08000f0a   0x08000f0a   0x00000000   Code   RO         4077    .text               c_w.l(indicate_semi.o)
    0x08000f0a   0x08000f0a   0x0000003e   Code   RO         3948    CL$$btod_d2e        c_w.l(btod.o)
    0x08000f48   0x08000f48   0x00000046   Code   RO         3950    CL$$btod_d2e_denorm_low  c_w.l(btod.o)
    0x08000f8e   0x08000f8e   0x00000060   Code   RO         3949    CL$$btod_d2e_norm_op1  c_w.l(btod.o)
    0x08000fee   0x08000fee   0x00000338   Code   RO         3958    CL$$btod_div_common  c_w.l(btod.o)
    0x08001326   0x08001326   0x000000dc   Code   RO         3955    CL$$btod_e2e        c_w.l(btod.o)
    0x08001402   0x08001402   0x0000002a   Code   RO         3952    CL$$btod_ediv       c_w.l(btod.o)
    0x0800142c   0x0800142c   0x0000002a   Code   RO         3951    CL$$btod_emul       c_w.l(btod.o)
    0x08001456   0x08001456   0x00000244   Code   RO         3957    CL$$btod_mult_common  c_w.l(btod.o)
    0x0800169a   0x0800169a   0x00000002   Code   RO         3575    i.BusFault_Handler  stm32f10x_it.o
    0x0800169c   0x0800169c   0x00000002   Code   RO         3576    i.DebugMon_Handler  stm32f10x_it.o
    0x0800169e   0x0800169e   0x00000002   PAD
    0x080016a0   0x080016a0   0x0000003c   Code   RO         3196    i.Delay_Init        delay.o
    0x080016dc   0x080016dc   0x00000034   Code   RO         3197    i.Delay_ms          delay.o
    0x08001710   0x08001710   0x00000014   Code   RO         3638    i.EnterQuestionRun_FirstStart  menumain.o
    0x08001724   0x08001724   0x000000a6   Code   RO         1347    i.GPIO_Init         stm32f10x_gpio.o
    0x080017ca   0x080017ca   0x0000000e   Code   RO         1351    i.GPIO_ReadInputDataBit  stm32f10x_gpio.o
    0x080017d8   0x080017d8   0x00000004   Code   RO         1354    i.GPIO_ResetBits    stm32f10x_gpio.o
    0x080017dc   0x080017dc   0x00000004   Code   RO         1355    i.GPIO_SetBits      stm32f10x_gpio.o
    0x080017e0   0x080017e0   0x0000000c   Code   RO         3639    i.GetBaseIndexByType  menumain.o
    0x080017ec   0x080017ec   0x00000050   Code   RO         3640    i.GetStatusName     menumain.o
    0x0800183c   0x0800183c   0x00000038   Code   RO         3641    i.GetStatusText     menumain.o
    0x08001874   0x08001874   0x0000000c   Code   RO         3727    i.GimbalPID_GetXAngle  gimbalpid.o
    0x08001880   0x08001880   0x0000000c   Code   RO         3729    i.GimbalPID_GetXOut  gimbalpid.o
    0x0800188c   0x0800188c   0x0000000c   Code   RO         3730    i.GimbalPID_GetYAngle  gimbalpid.o
    0x08001898   0x08001898   0x0000000c   Code   RO         3732    i.GimbalPID_GetYOut  gimbalpid.o
    0x080018a4   0x080018a4   0x0000007c   Code   RO         3733    i.GimbalPID_Init    gimbalpid.o
    0x08001920   0x08001920   0x00000048   Code   RO         3734    i.GimbalPID_Reset   gimbalpid.o
    0x08001968   0x08001968   0x000000d0   Code   RO         3735    i.GimbalPID_Update  gimbalpid.o
    0x08001a38   0x08001a38   0x00000002   Code   RO         3577    i.HardFault_Handler  stm32f10x_it.o
    0x08001a3a   0x08001a3a   0x00000002   PAD
    0x08001a3c   0x08001a3c   0x00000070   Code   RO         3327    i.K230_ParseFrame   k230_uart.o
    0x08001aac   0x08001aac   0x00000014   Code   RO         3328    i.K230_ResetVision  k230_uart.o
    0x08001ac0   0x08001ac0   0x0000002c   Code   RO         3329    i.K230_Run          k230_uart.o
    0x08001aec   0x08001aec   0x00000024   Code   RO         3330    i.K230_SetMode      k230_uart.o
    0x08001b10   0x08001b10   0x00000014   Code   RO         3331    i.K230_Stop         k230_uart.o
    0x08001b24   0x08001b24   0x0000000c   Code   RO         3332    i.K230_Uart_ClearFrameFlag  k230_uart.o
    0x08001b30   0x08001b30   0x0000000c   Code   RO         3333    i.K230_Uart_GetDx   k230_uart.o
    0x08001b3c   0x08001b3c   0x0000000c   Code   RO         3334    i.K230_Uart_GetDy   k230_uart.o
    0x08001b48   0x08001b48   0x0000000c   Code   RO         3335    i.K230_Uart_GetFrameFlag  k230_uart.o
    0x08001b54   0x08001b54   0x000000b0   Code   RO         3336    i.K230_Uart_Init    k230_uart.o
    0x08001c04   0x08001c04   0x00000028   Code   RO         3337    i.K230_Uart_SendString  k230_uart.o
    0x08001c2c   0x08001c2c   0x0000002c   Code   RO         3225    i.Key_Init          key.o
    0x08001c58   0x08001c58   0x000000c4   Code   RO         3226    i.Key_Scan          key.o
    0x08001d1c   0x08001d1c   0x00000028   Code   RO         3736    i.LimitFloat        gimbalpid.o
    0x08001d44   0x08001d44   0x00000002   Code   RO         3578    i.MemManage_Handler  stm32f10x_it.o
    0x08001d46   0x08001d46   0x00000002   Code   RO         3579    i.NMI_Handler       stm32f10x_it.o
    0x08001d48   0x08001d48   0x00000064   Code   RO          137    i.NVIC_Init         misc.o
    0x08001dac   0x08001dac   0x00000014   Code   RO          138    i.NVIC_PriorityGroupConfig  misc.o
    0x08001dc0   0x08001dc0   0x0000009e   Code   RO         3737    i.PID_Calc          gimbalpid.o
    0x08001e5e   0x08001e5e   0x00000002   PAD
    0x08001e60   0x08001e60   0x000000d8   Code   RO         3420    i.PWM_Init          pwm.o
    0x08001f38   0x08001f38   0x0000000c   Code   RO         3421    i.PWM_SetCompare1   pwm.o
    0x08001f44   0x08001f44   0x0000000c   Code   RO         3422    i.PWM_SetCompare2   pwm.o
    0x08001f50   0x08001f50   0x0000000c   Code   RO         3423    i.PWM_SetCompare3   pwm.o
    0x08001f5c   0x08001f5c   0x0000000c   Code   RO         3424    i.PWM_SetCompare4   pwm.o
    0x08001f68   0x08001f68   0x00000002   Code   RO         3580    i.PendSV_Handler    stm32f10x_it.o
    0x08001f6a   0x08001f6a   0x00000002   PAD
    0x08001f6c   0x08001f6c   0x0000007c   Code   RO         3250    i.Q1_ShowBaseUI     question1.o
    0x08001fe8   0x08001fe8   0x00000064   Code   RO         3251    i.Q1_ShowData       question1.o
    0x0800204c   0x0800204c   0x00000058   Code   RO         3252    i.Q1_ShowNoData     question1.o
    0x080020a4   0x080020a4   0x00000050   Code   RO         3253    i.Q1_ShowState      question1.o
    0x080020f4   0x080020f4   0x00000064   Code   RO         3254    i.Question1_Init    question1.o
    0x08002158   0x08002158   0x00000050   Code   RO         3255    i.Question1_Reset   question1.o
    0x080021a8   0x080021a8   0x0000003c   Code   RO         3256    i.Question1_SetRunState  question1.o
    0x080021e4   0x080021e4   0x000000fc   Code   RO         3257    i.Question1_ShowRunPage  question1.o
    0x080022e0   0x080022e0   0x00000120   Code   RO         3258    i.Question1_Task    question1.o
    0x08002400   0x08002400   0x0000001c   Code   RO         1775    i.RCC_APB1PeriphClockCmd  stm32f10x_rcc.o
    0x0800241c   0x0800241c   0x0000001c   Code   RO         1777    i.RCC_APB2PeriphClockCmd  stm32f10x_rcc.o
    0x08002438   0x08002438   0x000000ac   Code   RO         1785    i.RCC_GetClocksFreq  stm32f10x_rcc.o
    0x080024e4   0x080024e4   0x00000024   Code   RO         3642    i.RestartQuestionRun  menumain.o
    0x08002508   0x08002508   0x00000014   Code   RO         3643    i.ResumeQuestionRun  menumain.o
    0x0800251c   0x0800251c   0x00000018   Code   RO         2263    i.SPI_Cmd           stm32f10x_spi.o
    0x08002534   0x08002534   0x0000000e   Code   RO         2271    i.SPI_I2S_GetFlagStatus  stm32f10x_spi.o
    0x08002542   0x08002542   0x00000004   Code   RO         2275    i.SPI_I2S_SendData  stm32f10x_spi.o
    0x08002546   0x08002546   0x00000038   Code   RO         2276    i.SPI_Init          stm32f10x_spi.o
    0x0800257e   0x0800257e   0x00000002   PAD
    0x08002580   0x08002580   0x0000002c   Code   RO         3500    i.SPI_Write         tft_spi.o
    0x080025ac   0x080025ac   0x00000002   Code   RO         3581    i.SVC_Handler       stm32f10x_it.o
    0x080025ae   0x080025ae   0x00000002   PAD
    0x080025b0   0x080025b0   0x00000038   Code   RO         3459    i.Servo_AngleToCompare  servo.o
    0x080025e8   0x080025e8   0x00000028   Code   RO         3460    i.Servo_Init        servo.o
    0x08002610   0x08002610   0x0000000e   Code   RO         3461    i.Servo_SetAngle_GX  servo.o
    0x0800261e   0x0800261e   0x0000000e   Code   RO         3462    i.Servo_SetAngle_GY  servo.o
    0x0800262c   0x0800262c   0x0000000e   Code   RO         3463    i.Servo_SetAngle_X  servo.o
    0x0800263a   0x0800263a   0x0000000e   Code   RO         3464    i.Servo_SetAngle_Y  servo.o
    0x08002648   0x08002648   0x00000004   Code   RO           24    i.SetSysClock       system_stm32f10x.o
    0x0800264c   0x0800264c   0x000000b0   Code   RO           25    i.SetSysClockTo72   system_stm32f10x.o
    0x080026fc   0x080026fc   0x000001d4   Code   RO         3644    i.Show_DetailBottomBar  menumain.o
    0x080028d0   0x080028d0   0x000000e0   Code   RO         3645    i.Show_DetailPage   menumain.o
    0x080029b0   0x080029b0   0x00000144   Code   RO         3646    i.Show_ListMenu     menumain.o
    0x08002af4   0x08002af4   0x000000bc   Code   RO         3647    i.Show_MainMenu     menumain.o
    0x08002bb0   0x08002bb0   0x00000048   Code   RO         3648    i.Show_RunHintBar   menumain.o
    0x08002bf8   0x08002bf8   0x0000000a   Code   RO         3649    i.StopQuestion      menumain.o
    0x08002c02   0x08002c02   0x0000001c   Code   RO          141    i.SysTick_CLKSourceConfig  misc.o
    0x08002c1e   0x08002c1e   0x00000002   Code   RO         3582    i.SysTick_Handler   stm32f10x_it.o
    0x08002c20   0x08002c20   0x00000050   Code   RO           27    i.SystemInit        system_stm32f10x.o
    0x08002c70   0x08002c70   0x00000060   Code   RO         3501    i.TFT_Clear         tft_spi.o
    0x08002cd0   0x08002cd0   0x0000007c   Code   RO         3502    i.TFT_ClearRect     tft_spi.o
    0x08002d4c   0x08002d4c   0x00000048   Code   RO         3503    i.TFT_DrawPoint     tft_spi.o
    0x08002d94   0x08002d94   0x0000003a   Code   RO         3504    i.TFT_FillBlock     tft_spi.o
    0x08002dce   0x08002dce   0x00000002   PAD
    0x08002dd0   0x08002dd0   0x00000284   Code   RO         3505    i.TFT_Init          tft_spi.o
    0x08003054   0x08003054   0x0000005e   Code   RO         3506    i.TFT_SetWindow     tft_spi.o
    0x080030b2   0x080030b2   0x00000002   PAD
    0x080030b4   0x080030b4   0x0000005c   Code   RO         3507    i.TFT_ShowChar      tft_spi.o
    0x08003110   0x08003110   0x00000058   Code   RO         3508    i.TFT_ShowString    tft_spi.o
    0x08003168   0x08003168   0x0000002c   Code   RO         3509    i.TFT_Write_Cmd     tft_spi.o
    0x08003194   0x08003194   0x0000002c   Code   RO         3510    i.TFT_Write_Data    tft_spi.o
    0x080031c0   0x080031c0   0x00000018   Code   RO         2409    i.TIM_ARRPreloadConfig  stm32f10x_tim.o
    0x080031d8   0x080031d8   0x00000018   Code   RO         2421    i.TIM_Cmd           stm32f10x_tim.o
    0x080031f0   0x080031f0   0x0000000a   Code   RO         2448    i.TIM_InternalClockConfig  stm32f10x_tim.o
    0x080031fa   0x080031fa   0x00000002   PAD
    0x080031fc   0x080031fc   0x00000088   Code   RO         2450    i.TIM_OC1Init       stm32f10x_tim.o
    0x08003284   0x08003284   0x0000000c   Code   RO         2453    i.TIM_OC1PreloadConfig  stm32f10x_tim.o
    0x08003290   0x08003290   0x00000088   Code   RO         2455    i.TIM_OC2Init       stm32f10x_tim.o
    0x08003318   0x08003318   0x00000014   Code   RO         2458    i.TIM_OC2PreloadConfig  stm32f10x_tim.o
    0x0800332c   0x0800332c   0x00000084   Code   RO         2460    i.TIM_OC3Init       stm32f10x_tim.o
    0x080033b0   0x080033b0   0x0000000c   Code   RO         2463    i.TIM_OC3PreloadConfig  stm32f10x_tim.o
    0x080033bc   0x080033bc   0x00000068   Code   RO         2465    i.TIM_OC4Init       stm32f10x_tim.o
    0x08003424   0x08003424   0x00000014   Code   RO         2467    i.TIM_OC4PreloadConfig  stm32f10x_tim.o
    0x08003438   0x08003438   0x00000014   Code   RO         2468    i.TIM_OCStructInit  stm32f10x_tim.o
    0x0800344c   0x0800344c   0x00000004   Code   RO         2482    i.TIM_SetCompare1   stm32f10x_tim.o
    0x08003450   0x08003450   0x00000004   Code   RO         2483    i.TIM_SetCompare2   stm32f10x_tim.o
    0x08003454   0x08003454   0x00000004   Code   RO         2484    i.TIM_SetCompare3   stm32f10x_tim.o
    0x08003458   0x08003458   0x00000006   Code   RO         2485    i.TIM_SetCompare4   stm32f10x_tim.o
    0x0800345e   0x0800345e   0x00000002   PAD
    0x08003460   0x08003460   0x0000009c   Code   RO         2492    i.TIM_TimeBaseInit  stm32f10x_tim.o
    0x080034fc   0x080034fc   0x00000070   Code   RO         3338    i.USART1_IRQHandler  k230_uart.o
    0x0800356c   0x0800356c   0x00000010   Code   RO         2957    i.USART_ClearITPendingBit  stm32f10x_usart.o
    0x0800357c   0x0800357c   0x00000018   Code   RO         2960    i.USART_Cmd         stm32f10x_usart.o
    0x08003594   0x08003594   0x0000000e   Code   RO         2963    i.USART_GetFlagStatus  stm32f10x_usart.o
    0x080035a2   0x080035a2   0x00000040   Code   RO         2964    i.USART_GetITStatus  stm32f10x_usart.o
    0x080035e2   0x080035e2   0x00000036   Code   RO         2966    i.USART_ITConfig    stm32f10x_usart.o
    0x08003618   0x08003618   0x000000bc   Code   RO         2967    i.USART_Init        stm32f10x_usart.o
    0x080036d4   0x080036d4   0x00000008   Code   RO         2974    i.USART_ReceiveData  stm32f10x_usart.o
    0x080036dc   0x080036dc   0x00000008   Code   RO         2977    i.USART_SendData    stm32f10x_usart.o
    0x080036e4   0x080036e4   0x00000002   Code   RO         3583    i.UsageFault_Handler  stm32f10x_it.o
    0x080036e6   0x080036e6   0x00000028   Code   RO         3981    i.__ARM_fpclassify  m_ws.l(fpclassify.o)
    0x0800370e   0x0800370e   0x0000000e   Code   RO         3826    i._is_digit         c_w.l(__printf_wp.o)
    0x0800371c   0x0800371c   0x0000020c   Code   RO         3650    i.main              menumain.o
    0x08003928   0x08003928   0x0000002c   Code   RO         3971    locale$$code        c_w.l(lc_numeric_c.o)
    0x08003954   0x08003954   0x0000002c   Code   RO         3988    locale$$code        c_w.l(lc_ctype_c.o)
    0x08003980   0x08003980   0x0000000c   Code   RO         3903    x$fpl$dretinf       fz_ws.l(dretinf.o)
    0x0800398c   0x0800398c   0x00000056   Code   RO         3852    x$fpl$f2d           fz_ws.l(f2d.o)
    0x080039e2   0x080039e2   0x00000002   PAD
    0x080039e4   0x080039e4   0x000000c4   Code   RO         3854    x$fpl$fadd          fz_ws.l(faddsub_clz.o)
    0x08003aa8   0x08003aa8   0x00000018   Code   RO         3905    x$fpl$fcmpinf       fz_ws.l(fcmpi.o)
    0x08003ac0   0x08003ac0   0x00000184   Code   RO         3861    x$fpl$fdiv          fz_ws.l(fdiv.o)
    0x08003c44   0x08003c44   0x0000003e   Code   RO         3864    x$fpl$ffixu         fz_ws.l(ffixu.o)
    0x08003c82   0x08003c82   0x00000002   PAD
    0x08003c84   0x08003c84   0x00000030   Code   RO         3869    x$fpl$fflt          fz_ws.l(fflt_clz.o)
    0x08003cb4   0x08003cb4   0x00000068   Code   RO         3874    x$fpl$fleqf         fz_ws.l(fleqf.o)
    0x08003d1c   0x08003d1c   0x00000102   Code   RO         3876    x$fpl$fmul          fz_ws.l(fmul.o)
    0x08003e1e   0x08003e1e   0x0000008c   Code   RO         3907    x$fpl$fnaninf       fz_ws.l(fnaninf.o)
    0x08003eaa   0x08003eaa   0x0000000a   Code   RO         3909    x$fpl$fretinf       fz_ws.l(fretinf.o)
    0x08003eb4   0x08003eb4   0x00000062   Code   RO         3878    x$fpl$frleqf        fz_ws.l(frleqf.o)
    0x08003f16   0x08003f16   0x00000002   PAD
    0x08003f18   0x08003f18   0x000000ea   Code   RO         3856    x$fpl$fsub          fz_ws.l(faddsub_clz.o)
    0x08004002   0x08004002   0x00000004   Code   RO         3880    x$fpl$printf1       fz_ws.l(printf1.o)
    0x08004006   0x08004006   0x00000000   Code   RO         3911    x$fpl$usenofp       fz_ws.l(usenofp.o)
    0x08004006   0x08004006   0x000002f8   Data   RO         3511    .constdata          tft_spi.o
    0x080042fe   0x080042fe   0x00000002   PAD
    0x08004300   0x08004300   0x00000094   Data   RO         3946    .constdata          c_w.l(bigflt0.o)
    0x08004394   0x08004394   0x000000c8   Data   RO         3651    .conststring        menumain.o
    0x0800445c   0x0800445c   0x00000020   Data   RO         4126    Region$$Table       anon$$obj.o
    0x0800447c   0x0800447c   0x0000001c   Data   RO         3970    locale$$data        c_w.l(lc_numeric_c.o)
    0x08004498   0x08004498   0x00000110   Data   RO         3987    locale$$data        c_w.l(lc_ctype_c.o)


    Execution Region RW_IRAM1 (Exec base: 0x20000000, Load base: 0x080045a8, Size: 0x000007d8, Max: 0x00005000, ABSOLUTE)

    Exec Addr    Load Addr    Size         Type   Attr      Idx    E Section Name        Object

    0x20000000   0x080045a8   0x00000014   Data   RW           28    .data               system_stm32f10x.o
    0x20000014   0x080045bc   0x00000014   Data   RW         1805    .data               stm32f10x_rcc.o
    0x20000028   0x080045d0   0x00000004   Data   RW         3199    .data               delay.o
    0x2000002c   0x080045d4   0x00000003   Data   RW         3227    .data               key.o
    0x2000002f   0x080045d7   0x00000001   PAD
    0x20000030   0x080045d8   0x00000008   Data   RW         3259    .data               question1.o
    0x20000038   0x080045e0   0x00000008   Data   RW         3340    .data               k230_uart.o
    0x20000040   0x080045e8   0x00000090   Data   RW         3652    .data               menumain.o
    0x200000d0   0x08004678   0x00000018   Data   RW         3739    .data               gimbalpid.o
    0x200000e8   0x08004690   0x00000004   Data   RW         3842    .data               c_w.l(strtok.o)
    0x200000ec        -       0x00000040   Zero   RW         3339    .bss                k230_uart.o
    0x2000012c        -       0x00000048   Zero   RW         3738    .bss                gimbalpid.o
    0x20000174        -       0x00000060   Zero   RW         3913    .bss                c_w.l(libspace.o)
    0x200001d4   0x08004694   0x00000004   PAD
    0x200001d8        -       0x00000200   Zero   RW            2    HEAP                startup_stm32f10x_md.o
    0x200003d8        -       0x00000400   Zero   RW            1    STACK               startup_stm32f10x_md.o


==============================================================================

Image component sizes


      Code (inc. data)   RO Data    RW Data    ZI Data      Debug   Object Name

         0          0          0          0          0       4532   core_cm3.o
       112         20          0          4          0       1016   delay.o
       650        106          0         24         72       5634   gimbalpid.o
       608        112          0          8         64       6465   k230_uart.o
       240         12          0          3          0       1542   key.o
      2034        422        200        144          0       8702   menumain.o
       148         14          0          0          0     205097   misc.o
       264         26          0          0          0       2251   pwm.o
      1172        270          0          8          0       5164   question1.o
       152         18          0          0          0       2711   servo.o
        64         26        236          0       1536        788   startup_stm32f10x_md.o
         0          0          0          0          0       1620   stm32f10x_adc.o
       188          0          0          0          0      11656   stm32f10x_gpio.o
        18          0          0          0          0       3382   stm32f10x_it.o
       228         30          0         20          0      12918   stm32f10x_rcc.o
        98          0          0          0          0       9828   stm32f10x_spi.o
       824         90          0          0          0      30357   stm32f10x_tim.o
       376          6          0          0          0      12431   stm32f10x_usart.o
       260         26          0         20          0      51989   system_stm32f10x.o
      1400         46        760          0          0       8120   tft_spi.o

    ----------------------------------------------------------------------
      8856       1224       1230        232       1672     386203   Object Totals
         0          0         32          0          0          0   (incl. Generated)
        20          0          2          1          0          0   (incl. Padding)

    ----------------------------------------------------------------------

      Code (inc. data)   RO Data    RW Data    ZI Data      Debug   Library Member Name

         8          0          0          0          0         68   __main.o
       284          0          0          0          0        156   __printf_wp.o
         0          0          0          0          0          0   __rtentry.o
        12          0          0          0          0          0   __rtentry2.o
         6          0          0          0          0          0   __rtentry4.o
        52          8          0          0          0          0   __scatter.o
        26          0          0          0          0          0   __scatter_copy.o
        28          0          0          0          0          0   __scatter_zi.o
        28          0          0          0          0         68   _chval.o
        48          6          0          0          0         96   _printf_char_common.o
         6          0          0          0          0          0   _printf_d.o
       120         16          0          0          0         92   _printf_dec.o
         6          0          0          0          0          0   _printf_f.o
      1054          0          0          0          0        216   _printf_fp_dec.o
       128         16          0          0          0         84   _printf_fp_infnan.o
       178          0          0          0          0         88   _printf_intcommon.o
         0          0          0          0          0          0   _printf_percent.o
         4          0          0          0          0          0   _printf_percent_end.o
        10          0          0          0          0         68   _sputc.o
       158          0          0          0          0         92   _strtoul.o
        26          0          0          0          0         80   atoi.o
       228          4        148          0          0         96   bigflt0.o
      1936        128          0          0          0        672   btod.o
        18          0          0          0          0         80   exit.o
         6          0          0          0          0        152   heapauxi.o
         0          0          0          0          0          0   indicate_semi.o
        44         10        272          0          0         76   lc_ctype_c.o
        44         10         28          0          0         76   lc_numeric_c.o
         2          0          0          0          0          0   libinit.o
        30          0          0          0          0          0   libinit2.o
         2          0          0          0          0          0   libshutdown.o
         2          0          0          0          0          0   libshutdown2.o
         8          4          0          0         96         68   libspace.o
       138          0          0          0          0         80   lludiv10.o
        40          6          0          0          0         84   noretval__2sprintf.o
        16          4          0          0          0         76   rt_ctype_table.o
         8          4          0          0          0         68   rt_errno_addr_intlibspace.o
         8          4          0          0          0         68   rt_locale_intlibspace.o
        68          0          0          0          0         68   rt_memclr.o
        78          0          0          0          0         80   rt_memclr_w.o
         2          0          0          0          0          0   rtexit.o
        10          0          0          0          0          0   rtexit2.o
       128          0          0          0          0         68   strcmpv7m.o
        32          0          0          0          0         80   strcspn.o
       150          0          0          0          0         80   strncmp.o
        86          0          0          0          0         76   strncpy.o
        28          0          0          0          0         80   strspn.o
        12          6          0          4          0         68   strtok.o
        68          4          0          0          0         84   strtok_int.o
       112          0          0          0          0         88   strtol.o
        12          4          0          0          0         68   sys_exit.o
        74          0          0          0          0         80   sys_stackheap_outer.o
         2          0          0          0          0         68   use_no_semi.o
        12          0          0          0          0         68   dretinf.o
        86          4          0          0          0         84   f2d.o
       430          8          0          0          0        168   faddsub_clz.o
        24          0          0          0          0         68   fcmpi.o
       388         76          0          0          0         96   fdiv.o
        62          4          0          0          0         84   ffixu.o
        48          0          0          0          0         68   fflt_clz.o
       104          4          0          0          0         84   fleqf.o
       258          4          0          0          0         84   fmul.o
       140          4          0          0          0         84   fnaninf.o
        10          0          0          0          0         68   fretinf.o
        98          0          0          0          0         68   frleqf.o
         4          0          0          0          0         68   printf1.o
         0          0          0          0          0          0   usenofp.o
        40          0          0          0          0         68   fpclassify.o

    ----------------------------------------------------------------------
      7298        338        448          4        100       4852   Library Totals
        20          0          0          0          4          0   (incl. Padding)

    ----------------------------------------------------------------------

      Code (inc. data)   RO Data    RW Data    ZI Data      Debug   Library Name

      5574        234        448          4         96       3692   c_w.l
      1664        104          0          0          0       1092   fz_ws.l
        40          0          0          0          0         68   m_ws.l

    ----------------------------------------------------------------------
      7298        338        448          4        100       4852   Library Totals

    ----------------------------------------------------------------------

==============================================================================


      Code (inc. data)   RO Data    RW Data    ZI Data      Debug   

     16154       1562       1678        236       1772     382159   Grand Totals
     16154       1562       1678        236       1772     382159   ELF Image Totals
     16154       1562       1678        236          0          0   ROM Totals

==============================================================================

    Total RO  Size (Code + RO Data)                17832 (  17.41kB)
    Total RW  Size (RW Data + ZI Data)              2008 (   1.96kB)
    Total ROM Size (Code + RO Data + RW Data)      18068 (  17.64kB)

==============================================================================

